Archive member included to satisfy reference by file (symbol)

c:/st/stm32cubeide_1.3.0/stm32cubeide/plugins/com.st.stm32cube.ide.mcu.externaltools.gnu-tools-for-stm32.7-2018-q2-update.win32_1.0.0.201904181610/tools/bin/../lib/gcc/arm-none-eabi/7.3.1/../../../../arm-none-eabi/lib/thumb/v7e-m/fpv4-sp/hard\libc_nano.a(lib_a-errno.o)
                              Core/Src/syscalls.o (__errno)
c:/st/stm32cubeide_1.3.0/stm32cubeide/plugins/com.st.stm32cube.ide.mcu.externaltools.gnu-tools-for-stm32.7-2018-q2-update.win32_1.0.0.201904181610/tools/bin/../lib/gcc/arm-none-eabi/7.3.1/../../../../arm-none-eabi/lib/thumb/v7e-m/fpv4-sp/hard\libc_nano.a(lib_a-exit.o)
                              c:/st/stm32cubeide_1.3.0/stm32cubeide/plugins/com.st.stm32cube.ide.mcu.externaltools.gnu-tools-for-stm32.7-2018-q2-update.win32_1.0.0.201904181610/tools/bin/../lib/gcc/arm-none-eabi/7.3.1/../../../../arm-none-eabi/lib/thumb/v7e-m/fpv4-sp/hard/crt0.o (exit)
c:/st/stm32cubeide_1.3.0/stm32cubeide/plugins/com.st.stm32cube.ide.mcu.externaltools.gnu-tools-for-stm32.7-2018-q2-update.win32_1.0.0.201904181610/tools/bin/../lib/gcc/arm-none-eabi/7.3.1/../../../../arm-none-eabi/lib/thumb/v7e-m/fpv4-sp/hard\libc_nano.a(lib_a-impure.o)
                              c:/st/stm32cubeide_1.3.0/stm32cubeide/plugins/com.st.stm32cube.ide.mcu.externaltools.gnu-tools-for-stm32.7-2018-q2-update.win32_1.0.0.201904181610/tools/bin/../lib/gcc/arm-none-eabi/7.3.1/../../../../arm-none-eabi/lib/thumb/v7e-m/fpv4-sp/hard\libc_nano.a(lib_a-exit.o) (_global_impure_ptr)
c:/st/stm32cubeide_1.3.0/stm32cubeide/plugins/com.st.stm32cube.ide.mcu.externaltools.gnu-tools-for-stm32.7-2018-q2-update.win32_1.0.0.201904181610/tools/bin/../lib/gcc/arm-none-eabi/7.3.1/../../../../arm-none-eabi/lib/thumb/v7e-m/fpv4-sp/hard\libc_nano.a(lib_a-init.o)
                              c:/st/stm32cubeide_1.3.0/stm32cubeide/plugins/com.st.stm32cube.ide.mcu.externaltools.gnu-tools-for-stm32.7-2018-q2-update.win32_1.0.0.201904181610/tools/bin/../lib/gcc/arm-none-eabi/7.3.1/../../../../arm-none-eabi/lib/thumb/v7e-m/fpv4-sp/hard/crt0.o (__libc_init_array)
c:/st/stm32cubeide_1.3.0/stm32cubeide/plugins/com.st.stm32cube.ide.mcu.externaltools.gnu-tools-for-stm32.7-2018-q2-update.win32_1.0.0.201904181610/tools/bin/../lib/gcc/arm-none-eabi/7.3.1/../../../../arm-none-eabi/lib/thumb/v7e-m/fpv4-sp/hard\libc_nano.a(lib_a-memcpy-stub.o)
                              Middlewares/Third_Party/FreeRTOS/Source/queue.o (memcpy)
c:/st/stm32cubeide_1.3.0/stm32cubeide/plugins/com.st.stm32cube.ide.mcu.externaltools.gnu-tools-for-stm32.7-2018-q2-update.win32_1.0.0.201904181610/tools/bin/../lib/gcc/arm-none-eabi/7.3.1/../../../../arm-none-eabi/lib/thumb/v7e-m/fpv4-sp/hard\libc_nano.a(lib_a-memset.o)
                              c:/st/stm32cubeide_1.3.0/stm32cubeide/plugins/com.st.stm32cube.ide.mcu.externaltools.gnu-tools-for-stm32.7-2018-q2-update.win32_1.0.0.201904181610/tools/bin/../lib/gcc/arm-none-eabi/7.3.1/../../../../arm-none-eabi/lib/thumb/v7e-m/fpv4-sp/hard/crt0.o (memset)
c:/st/stm32cubeide_1.3.0/stm32cubeide/plugins/com.st.stm32cube.ide.mcu.externaltools.gnu-tools-for-stm32.7-2018-q2-update.win32_1.0.0.201904181610/tools/bin/../lib/gcc/arm-none-eabi/7.3.1/../../../../arm-none-eabi/lib/thumb/v7e-m/fpv4-sp/hard\libc_nano.a(lib_a-strlen.o)
                              Core/Src/main.o (strlen)
c:/st/stm32cubeide_1.3.0/stm32cubeide/plugins/com.st.stm32cube.ide.mcu.externaltools.gnu-tools-for-stm32.7-2018-q2-update.win32_1.0.0.201904181610/tools/bin/../lib/gcc/arm-none-eabi/7.3.1/thumb/v7e-m/fpv4-sp/hard\libgcc.a(_aeabi_uldivmod.o)
                              Drivers/STM32F4xx_HAL_Driver/Src/stm32f4xx_hal_rcc.o (__aeabi_uldivmod)
c:/st/stm32cubeide_1.3.0/stm32cubeide/plugins/com.st.stm32cube.ide.mcu.externaltools.gnu-tools-for-stm32.7-2018-q2-update.win32_1.0.0.201904181610/tools/bin/../lib/gcc/arm-none-eabi/7.3.1/thumb/v7e-m/fpv4-sp/hard\libgcc.a(_udivmoddi4.o)
                              c:/st/stm32cubeide_1.3.0/stm32cubeide/plugins/com.st.stm32cube.ide.mcu.externaltools.gnu-tools-for-stm32.7-2018-q2-update.win32_1.0.0.201904181610/tools/bin/../lib/gcc/arm-none-eabi/7.3.1/thumb/v7e-m/fpv4-sp/hard\libgcc.a(_aeabi_uldivmod.o) (__udivmoddi4)
c:/st/stm32cubeide_1.3.0/stm32cubeide/plugins/com.st.stm32cube.ide.mcu.externaltools.gnu-tools-for-stm32.7-2018-q2-update.win32_1.0.0.201904181610/tools/bin/../lib/gcc/arm-none-eabi/7.3.1/thumb/v7e-m/fpv4-sp/hard\libgcc.a(_dvmd_tls.o)
                              c:/st/stm32cubeide_1.3.0/stm32cubeide/plugins/com.st.stm32cube.ide.mcu.externaltools.gnu-tools-for-stm32.7-2018-q2-update.win32_1.0.0.201904181610/tools/bin/../lib/gcc/arm-none-eabi/7.3.1/thumb/v7e-m/fpv4-sp/hard\libgcc.a(_aeabi_uldivmod.o) (__aeabi_ldiv0)

Allocating common symbols
Common symbol       size              file

hdma_sdio_rx        0x60              Core/Src/main.o
retSD               0x1               FATFS/App/fatfs.o
watchdogHandle      0x4               Core/Src/main.o
[...]
Memory Configuration

Name             Origin             Length             Attributes
CCMRAM           0x0000000010000000 0x0000000000010000 xrw
RAM              0x0000000020000000 0x0000000000020000 xrw
FLASH            0x0000000008000000 0x0000000000100000 xr
*default*        0x0000000000000000 0xffffffffffffffff

Linker script and memory map

LOAD c:/st/stm32cubeide_1.3.0/stm32cubeide/plugins/com.st.stm32cube.ide.mcu.externaltools.gnu-tools-for-stm32.7-2018-q2-update.win32_1.0.0.201904181610/tools/bin/../lib/gcc/arm-none-eabi/7.3.1/thumb/v7e-m/fpv4-sp/hard/crti.o
LOAD c:/st/stm32cubeide_1.3.0/stm32cubeide/plugins/com.st.stm32cube.ide.mcu.externaltools.gnu-tools-for-stm32.7-2018-q2-update.win32_1.0.0.201904181610/tools/bin/../lib/gcc/arm-none-eabi/7.3.1/thumb/v7e-m/fpv4-sp/hard/crtbegin.o
LOAD c:/st/stm32cubeide_1.3.0/stm32cubeide/plugins/com.st.stm32cube.ide.mcu.externaltools.gnu-tools-for-stm32.7-2018-q2-update.win32_1.0.0.201904181610/tools/bin/../lib/gcc/arm-none-eabi/7.3.1/../../../../arm-none-eabi/lib/thumb/v7e-m/fpv4-sp/hard/crt0.o
LOAD Core/Src/freertos.o
LOAD Core/Src/main.o
LOAD Core/Src/rt12e_libs_can.o
LOAD Core/Src/stm32f4xx_hal_msp.o
LOAD Core/Src/stm32f4xx_hal_timebase_tim.o
LOAD Core/Src/stm32f4xx_it.o
LOAD Core/Src/syscalls.o
LOAD Core/Src/sysmem.o
LOAD Core/Src/system_stm32f4xx.o
LOAD Core/Startup/startup_stm32f405rgtx.o
LOAD Drivers/STM32F4xx_HAL_Driver/Src/stm32f4xx_hal.o
LOAD Drivers/STM32F4xx_HAL_Driver/Src/stm32f4xx_hal_can.o
LOAD Drivers/STM32F4xx_HAL_Driver/Src/stm32f4xx_hal_cortex.o
LOAD Drivers/STM32F4xx_HAL_Driver/Src/stm32f4xx_hal_crc.o
LOAD Drivers/STM32F4xx_HAL_Driver/Src/stm32f4xx_hal_dma.o
LOAD Drivers/STM32F4xx_HAL_Driver/Src/stm32f4xx_hal_dma_ex.o
LOAD Drivers/STM32F4xx_HAL_Driver/Src/stm32f4xx_hal_exti.o
LOAD Drivers/STM32F4xx_HAL_Driver/Src/stm32f4xx_hal_flash.o
LOAD Drivers/STM32F4xx_HAL_Driver/Src/stm32f4xx_hal_flash_ex.o
LOAD Drivers/STM32F4xx_HAL_Driver/Src/stm32f4xx_hal_flash_ramfunc.o
LOAD Drivers/STM32F4xx_HAL_Driver/Src/stm32f4xx_hal_gpio.o
LOAD Drivers/STM32F4xx_HAL_Driver/Src/stm32f4xx_hal_iwdg.o
LOAD Drivers/STM32F4xx_HAL_Driver/Src/stm32f4xx_hal_pwr.o
LOAD Drivers/STM32F4xx_HAL_Driver/Src/stm32f4xx_hal_pwr_ex.o
LOAD Drivers/STM32F4xx_HAL_Driver/Src/stm32f4xx_hal_rcc.o
LOAD Drivers/STM32F4xx_HAL_Driver/Src/stm32f4xx_hal_rcc_ex.o
LOAD Drivers/STM32F4xx_HAL_Driver/Src/stm32f4xx_hal_sd.o
LOAD Drivers/STM32F4xx_HAL_Driver/Src/stm32f4xx_hal_spi.o
LOAD Drivers/STM32F4xx_HAL_Driver/Src/stm32f4xx_hal_tim.o
LOAD Drivers/STM32F4xx_HAL_Driver/Src/stm32f4xx_hal_tim_ex.o
LOAD Drivers/STM32F4xx_HAL_Driver/Src/stm32f4xx_hal_uart.o
LOAD Drivers/STM32F4xx_HAL_Driver/Src/stm32f4xx_ll_sdmmc.o
LOAD FATFS/App/fatfs.o
LOAD FATFS/Target/bsp_driver_sd.o
LOAD FATFS/Target/sd_diskio.o
LOAD Middlewares/Third_Party/FatFs/src/diskio.o
LOAD Middlewares/Third_Party/FatFs/src/ff.o
LOAD Middlewares/Third_Party/FatFs/src/ff_gen_drv.o
LOAD Middlewares/Third_Party/FatFs/src/option/syscall.o
LOAD Middlewares/Third_Party/FreeRTOS/Source/CMSIS_RTOS/cmsis_os.o
LOAD Middlewares/Third_Party/FreeRTOS/Source/croutine.o
LOAD Middlewares/Third_Party/FreeRTOS/Source/event_groups.o
LOAD Middlewares/Third_Party/FreeRTOS/Source/list.o
LOAD Middlewares/Third_Party/FreeRTOS/Source/queue.o
LOAD Middlewares/Third_Party/FreeRTOS/Source/stream_buffer.o
LOAD Middlewares/Third_Party/FreeRTOS/Source/tasks.o
LOAD Middlewares/Third_Party/FreeRTOS/Source/timers.o
LOAD Middlewares/Third_Party/FreeRTOS/Source/portable/GCC/ARM_CM4F/port.o
LOAD Middlewares/Third_Party/FreeRTOS/Source/portable/MemMang/heap_4.o
START GROUP
LOAD c:/st/stm32cubeide_1.3.0/stm32cubeide/plugins/com.st.stm32cube.ide.mcu.externaltools.gnu-tools-for-stm32.7-2018-q2-update.win32_1.0.0.201904181610/tools/bin/../lib/gcc/arm-none-eabi/7.3.1/../../../../arm-none-eabi/lib/thumb/v7e-m/fpv4-sp/hard\libc_nano.a
LOAD c:/st/stm32cubeide_1.3.0/stm32cubeide/plugins/com.st.stm32cube.ide.mcu.externaltools.gnu-tools-for-stm32.7-2018-q2-update.win32_1.0.0.201904181610/tools/bin/../lib/gcc/arm-none-eabi/7.3.1/../../../../arm-none-eabi/lib/thumb/v7e-m/fpv4-sp/hard\libm.a
END GROUP
START GROUP
LOAD c:/st/stm32cubeide_1.3.0/stm32cubeide/plugins/com.st.stm32cube.ide.mcu.externaltools.gnu-tools-for-stm32.7-2018-q2-update.win32_1.0.0.201904181610/tools/bin/../lib/gcc/arm-none-eabi/7.3.1/thumb/v7e-m/fpv4-sp/hard\libgcc.a
LOAD c:/st/stm32cubeide_1.3.0/stm32cubeide/plugins/com.st.stm32cube.ide.mcu.externaltools.gnu-tools-for-stm32.7-2018-q2-update.win32_1.0.0.201904181610/tools/bin/../lib/gcc/arm-none-eabi/7.3.1/../../../../arm-none-eabi/lib/thumb/v7e-m/fpv4-sp/hard\libc_nano.a
END GROUP
START GROUP
LOAD c:/st/stm32cubeide_1.3.0/stm32cubeide/plugins/com.st.stm32cube.ide.mcu.externaltools.gnu-tools-for-stm32.7-2018-q2-update.win32_1.0.0.201904181610/tools/bin/../lib/gcc/arm-none-eabi/7.3.1/thumb/v7e-m/fpv4-sp/hard\libgcc.a
LOAD c:/st/stm32cubeide_1.3.0/stm32cubeide/plugins/com.st.stm32cube.ide.mcu.externaltools.gnu-tools-for-stm32.7-2018-q2-update.win32_1.0.0.201904181610/tools/bin/../lib/gcc/arm-none-eabi/7.3.1/../../../../arm-none-eabi/lib/thumb/v7e-m/fpv4-sp/hard\libc_nano.a
LOAD c:/st/stm32cubeide_1.3.0/stm32cubeide/plugins/com.st.stm32cube.ide.mcu.externaltools.gnu-tools-for-stm32.7-2018-q2-update.win32_1.0.0.201904181610/tools/bin/../lib/gcc/arm-none-eabi/7.3.1/../../../../arm-none-eabi/lib/thumb/v7e-m/fpv4-sp/hard\libnosys.a
END GROUP
START GROUP
LOAD c:/st/stm32cubeide_1.3.0/stm32cubeide/plugins/com.st.stm32cube.ide.mcu.externaltools.gnu-tools-for-stm32.7-2018-q2-update.win32_1.0.0.201904181610/tools/bin/../lib/gcc/arm-none-eabi/7.3.1/thumb/v7e-m/fpv4-sp/hard\libgcc.a
LOAD c:/st/stm32cubeide_1.3.0/stm32cubeide/plugins/com.st.stm32cube.ide.mcu.externaltools.gnu-tools-for-stm32.7-2018-q2-update.win32_1.0.0.201904181610/tools/bin/../lib/gcc/arm-none-eabi/7.3.1/../../../../arm-none-eabi/lib/thumb/v7e-m/fpv4-sp/hard\libc_nano.a
LOAD c:/st/stm32cubeide_1.3.0/stm32cubeide/plugins/com.st.stm32cube.ide.mcu.externaltools.gnu-tools-for-stm32.7-2018-q2-update.win32_1.0.0.201904181610/tools/bin/../lib/gcc/arm-none-eabi/7.3.1/../../../../arm-none-eabi/lib/thumb/v7e-m/fpv4-sp/hard\libnosys.a
END GROUP
LOAD c:/st/stm32cubeide_1.3.0/stm32cubeide/plugins/com.st.stm32cube.ide.mcu.externaltools.gnu-tools-for-stm32.7-2018-q2-update.win32_1.0.0.201904181610/tools/bin/../lib/gcc/arm-none-eabi/7.3.1/thumb/v7e-m/fpv4-sp/hard/crtend.o
LOAD c:/st/stm32cubeide_1.3.0/stm32cubeide/plugins/com.st.stm32cube.ide.mcu.externaltools.gnu-tools-for-stm32.7-2018-q2-update.win32_1.0.0.201904181610/tools/bin/../lib/gcc/arm-none-eabi/7.3.1/thumb/v7e-m/fpv4-sp/hard/crtn.o
                0x0000000020020000                _estack = (ORIGIN (RAM) + LENGTH (RAM))
                0x0000000000000200                _Min_Heap_Size = 0x200
                0x0000000000000400                _Min_Stack_Size = 0x400

.isr_vector     0x0000000008000000      0x188
                0x0000000008000000                . = ALIGN (0x4)
 *(.isr_vector)
 .isr_vector    0x0000000008000000      0x188 Core/Startup/startup_stm32f405rgtx.o
                0x0000000008000000                g_pfnVectors
                0x0000000008000188                . = ALIGN (0x4)

.text           0x0000000008000190     0xd1f4
                0x0000000008000190                . = ALIGN (0x4)
 *(.text)
 .text          0x0000000008000190       0x40 c:/st/stm32cubeide_1.3.0/stm32cubeide/plugins/com.st.stm32cube.ide.mcu.externaltools.gnu-tools-for-stm32.7-2018-q2-update.win32_1.0.0.201904181610/tools/bin/../lib/gcc/arm-none-eabi/7.3.1/thumb/v7e-m/fpv4-sp/hard/crtbegin.o
 .text          0x00000000080001d0       0x10 c:/st/stm32cubeide_1.3.0/stm32cubeide/plugins/com.st.stm32cube.ide.mcu.externaltools.gnu-tools-for-stm32.7-2018-q2-update.win32_1.0.0.201904181610/tools/bin/../lib/gcc/arm-none-eabi/7.3.1/../../../../arm-none-eabi/lib/thumb/v7e-m/fpv4-sp/hard\libc_nano.a(lib_a-strlen.o)
                0x00000000080001d0                strlen
 .text          0x00000000080001e0       0x30 c:/st/stm32cubeide_1.3.0/stm32cubeide/plugins/com.st.stm32cube.ide.mcu.externaltools.gnu-tools-for-stm32.7-2018-q2-update.win32_1.0.0.201904181610/tools/bin/../lib/gcc/arm-none-eabi/7.3.1/thumb/v7e-m/fpv4-sp/hard\libgcc.a(_aeabi_uldivmod.o)
                0x00000000080001e0                __aeabi_uldivmod
 .text          0x0000000008000210      0x2cc c:/st/stm32cubeide_1.3.0/stm32cubeide/plugins/com.st.stm32cube.ide.mcu.externaltools.gnu-tools-for-stm32.7-2018-q2-update.win32_1.0.0.201904181610/tools/bin/../lib/gcc/arm-none-eabi/7.3.1/thumb/v7e-m/fpv4-sp/hard\libgcc.a(_udivmoddi4.o)
                0x0000000008000210                __udivmoddi4
 .text          0x00000000080004dc        0x4 c:/st/stm32cubeide_1.3.0/stm32cubeide/plugins/com.st.stm32cube.ide.mcu.externaltools.gnu-tools-for-stm32.7-2018-q2-update.win32_1.0.0.201904181610/tools/bin/../lib/gcc/arm-none-eabi/7.3.1/thumb/v7e-m/fpv4-sp/hard\libgcc.a(_dvmd_tls.o)
                0x00000000080004dc                __aeabi_idiv0
                0x00000000080004dc                __aeabi_ldiv0
 *(.text*)
 .text.vApplicationGetIdleTaskMemory
                0x00000000080004e0       0x34 Core/Src/freertos.o
                0x00000000080004e0                vApplicationGetIdleTaskMemory
 .text.main     0x0000000008000514      0x264 Core/Src/main.o
                0x0000000008000514                main
 .text.SystemClock_Config
                0x0000000008000778       0xd4 Core/Src/main.o
                0x0000000008000778                SystemClock_Config
 .text.MX_CAN1_Init
                0x000000000800084c       0x6c Core/Src/main.o
 .text.MX_CRC_Init
                0x00000000080008b8       0x28 Core/Src/main.o
 .text.MX_IWDG_Init
                0x00000000080008e0       0x34 Core/Src/main.o
 .text.MX_SDIO_SD_Init
                0x0000000008000914       0x40 Core/Src/main.o
 .text.MX_SPI1_Init
                0x0000000008000954       0x6c Core/Src/main.o
 .text.MX_UART4_Init
                0x00000000080009c0       0x54 Core/Src/main.o
 .text.MX_USART1_UART_Init
                0x0000000008000a14       0x54 Core/Src/main.o
 .text.MX_USART2_UART_Init
                0x0000000008000a68       0x54 Core/Src/main.o
 .text.MX_USART3_UART_Init
                0x0000000008000abc       0x54 Core/Src/main.o
 .text.MX_DMA_Init
                0x0000000008000b10       0x60 Core/Src/main.o
 .text.MX_GPIO_Init
                0x0000000008000b70      0x144 Core/Src/main.o
 .text.HAL_UART_RxCpltCallback
                0x0000000008000cb4       0x54 Core/Src/main.o
                0x0000000008000cb4                HAL_UART_RxCpltCallback
 .text.StartWatchdogTask
                0x0000000008000d08      0x144 Core/Src/main.o
                0x0000000008000d08                StartWatchdogTask
 .text.StartBtReceiveTask
                0x0000000008000e4c      0x3d0 Core/Src/main.o
                0x0000000008000e4c                StartBtReceiveTask
 .text.StartXbeeSendTask
                0x000000000800121c      0x284 Core/Src/main.o
                0x000000000800121c                StartXbeeSendTask
 .text.StartXbeeReceiveTask
                0x00000000080014a0      0x360 Core/Src/main.o
                0x00000000080014a0                StartXbeeReceiveTask
 .text.StartGnssReceiveTask
                0x0000000008001800       0x98 Core/Src/main.o
                0x0000000008001800                StartGnssReceiveTask
 .text.StartRfReceiveTask
                0x0000000008001898       0x94 Core/Src/main.o
                0x0000000008001898                StartRfReceiveTask
 .text.StartCanGatekeeperTask
                0x000000000800192c      0x1d8 Core/Src/main.o
                0x000000000800192c                StartCanGatekeeperTask
 .text.StartSdioGatekeeperTask
                0x0000000008001b04       0x94 Core/Src/main.o
                0x0000000008001b04                StartSdioGatekeeperTask
 .text.HAL_TIM_PeriodElapsedCallback
                0x0000000008001b98       0x24 Core/Src/main.o
                0x0000000008001b98                HAL_TIM_PeriodElapsedCallback
 .text.Error_Handler
                0x0000000008001bbc        0xe Core/Src/main.o
                0x0000000008001bbc                Error_Handler
 *fill*         0x0000000008001bca        0x2 
 .text.setCanFilterList
                0x0000000008001bcc      0x10c Core/Src/rt12e_libs_can.o
                0x0000000008001bcc                setCanFilterList
 .text.HAL_MspInit
                0x0000000008001cd8       0x58 Core/Src/stm32f4xx_hal_msp.o
                0x0000000008001cd8                HAL_MspInit
 .text.HAL_CAN_MspInit
                0x0000000008001d30       0x90 Core/Src/stm32f4xx_hal_msp.o
                0x0000000008001d30                HAL_CAN_MspInit
 .text.HAL_CRC_MspInit
                0x0000000008001dc0       0x44 Core/Src/stm32f4xx_hal_msp.o
                0x0000000008001dc0                HAL_CRC_MspInit
 .text.HAL_SD_MspInit
                0x0000000008001e04      0x1e0 Core/Src/stm32f4xx_hal_msp.o
                0x0000000008001e04                HAL_SD_MspInit
 .text.HAL_SPI_MspInit
                0x0000000008001fe4       0x90 Core/Src/stm32f4xx_hal_msp.o
                0x0000000008001fe4                HAL_SPI_MspInit
 .text.HAL_UART_MspInit
                0x0000000008002074      0x234 Core/Src/stm32f4xx_hal_msp.o
                0x0000000008002074                HAL_UART_MspInit
 .text.HAL_InitTick
                0x00000000080022a8       0xb0 Core/Src/stm32f4xx_hal_timebase_tim.o
                0x00000000080022a8                HAL_InitTick
 .text.NMI_Handler
                0x0000000008002358        0xe Core/Src/stm32f4xx_it.o
                0x0000000008002358                NMI_Handler
 .text.HardFault_Handler
                0x0000000008002366        0x6 Core/Src/stm32f4xx_it.o
                0x0000000008002366                HardFault_Handler
 .text.MemManage_Handler
                0x000000000800236c        0x6 Core/Src/stm32f4xx_it.o
                0x000000000800236c                MemManage_Handler
 .text.BusFault_Handler
                0x0000000008002372        0x6 Core/Src/stm32f4xx_it.o
                0x0000000008002372                BusFault_Handler
 .text.UsageFault_Handler
                0x0000000008002378        0x6 Core/Src/stm32f4xx_it.o
                0x0000000008002378                UsageFault_Handler
 .text.DebugMon_Handler
                0x000000000800237e        0xe Core/Src/stm32f4xx_it.o
                0x000000000800237e                DebugMon_Handler
 .text.SDIO_IRQHandler
                0x000000000800238c       0x14 Core/Src/stm32f4xx_it.o
                0x000000000800238c                SDIO_IRQHandler
 .text.TIM6_DAC_IRQHandler
                0x00000000080023a0       0x14 Core/Src/stm32f4xx_it.o
                0x00000000080023a0                TIM6_DAC_IRQHandler
 .text.DMA2_Stream2_IRQHandler
                0x00000000080023b4       0x14 Core/Src/stm32f4xx_it.o
                0x00000000080023b4                DMA2_Stream2_IRQHandler
 .text.DMA2_Stream3_IRQHandler
                0x00000000080023c8       0x14 Core/Src/stm32f4xx_it.o
                0x00000000080023c8                DMA2_Stream3_IRQHandler
 .text.DMA2_Stream6_IRQHandler
                0x00000000080023dc       0x14 Core/Src/stm32f4xx_it.o
                0x00000000080023dc                DMA2_Stream6_IRQHandler
 .text.SystemInit
                0x00000000080023f0       0x2c Core/Src/system_stm32f4xx.o
                0x00000000080023f0                SystemInit
 .text.Reset_Handler
                0x000000000800241c       0x50 Core/Startup/startup_stm32f405rgtx.o
                0x000000000800241c                Reset_Handler
 .text.Default_Handler
                0x000000000800246c        0x2 Core/Startup/startup_stm32f405rgtx.o
                0x000000000800246c                RTC_Alarm_IRQHandler
                0x000000000800246c                HASH_RNG_IRQHandler
                0x000000000800246c                EXTI2_IRQHandler
                0x000000000800246c                TIM8_CC_IRQHandler
                0x000000000800246c                TIM1_CC_IRQHandler
                0x000000000800246c                DMA2_Stream5_IRQHandler
                0x000000000800246c                DMA1_Stream5_IRQHandler
                0x000000000800246c                PVD_IRQHandler
                0x000000000800246c                TAMP_STAMP_IRQHandler
                0x000000000800246c                CAN2_RX1_IRQHandler
                0x000000000800246c                EXTI3_IRQHandler
                0x000000000800246c                TIM8_TRG_COM_TIM14_IRQHandler
                0x000000000800246c                TIM1_UP_TIM10_IRQHandler
                0x000000000800246c                TIM8_UP_TIM13_IRQHandler
                0x000000000800246c                I2C3_ER_IRQHandler
                0x000000000800246c                EXTI0_IRQHandler
                0x000000000800246c                I2C2_EV_IRQHandler
                0x000000000800246c                DMA1_Stream2_IRQHandler
                0x000000000800246c                CAN1_RX0_IRQHandler
                0x000000000800246c                FPU_IRQHandler
                0x000000000800246c                OTG_HS_WKUP_IRQHandler
                0x000000000800246c                CAN2_SCE_IRQHandler
                0x000000000800246c                SPI1_IRQHandler
                0x000000000800246c                TIM1_BRK_TIM9_IRQHandler
                0x000000000800246c                CAN2_RX0_IRQHandler
                0x000000000800246c                USART6_IRQHandler
                0x000000000800246c                USART3_IRQHandler
                0x000000000800246c                CAN1_RX1_IRQHandler
                0x000000000800246c                UART5_IRQHandler
                0x000000000800246c                DMA2_Stream0_IRQHandler
                0x000000000800246c                TIM4_IRQHandler
                0x000000000800246c                I2C1_EV_IRQHandler
                0x000000000800246c                DMA1_Stream6_IRQHandler
                0x000000000800246c                DMA1_Stream1_IRQHandler
                0x000000000800246c                UART4_IRQHandler
                0x000000000800246c                TIM3_IRQHandler
                0x000000000800246c                RCC_IRQHandler
                0x000000000800246c                TIM8_BRK_TIM12_IRQHandler
                0x000000000800246c                Default_Handler
                0x000000000800246c                EXTI15_10_IRQHandler
                0x000000000800246c                ADC_IRQHandler
                0x000000000800246c                DMA1_Stream7_IRQHandler
                0x000000000800246c                TIM7_IRQHandler
                0x000000000800246c                CAN2_TX_IRQHandler
                0x000000000800246c                TIM5_IRQHandler
                0x000000000800246c                DMA2_Stream7_IRQHandler
                0x000000000800246c                I2C3_EV_IRQHandler
                0x000000000800246c                EXTI9_5_IRQHandler
                0x000000000800246c                RTC_WKUP_IRQHandler
                0x000000000800246c                SPI2_IRQHandler
                0x000000000800246c                OTG_HS_EP1_IN_IRQHandler
                0x000000000800246c                DMA1_Stream0_IRQHandler
                0x000000000800246c                CAN1_TX_IRQHandler
                0x000000000800246c                EXTI4_IRQHandler
                0x000000000800246c                FSMC_IRQHandler
                0x000000000800246c                OTG_HS_EP1_OUT_IRQHandler
                0x000000000800246c                WWDG_IRQHandler
                0x000000000800246c                TIM2_IRQHandler
                0x000000000800246c                OTG_FS_WKUP_IRQHandler
                0x000000000800246c                TIM1_TRG_COM_TIM11_IRQHandler
                0x000000000800246c                OTG_HS_IRQHandler
                0x000000000800246c                EXTI1_IRQHandler
                0x000000000800246c                USART2_IRQHandler
                0x000000000800246c                I2C2_ER_IRQHandler
                0x000000000800246c                DMA2_Stream1_IRQHandler
                0x000000000800246c                CAN1_SCE_IRQHandler
                0x000000000800246c                FLASH_IRQHandler
                0x000000000800246c                DMA2_Stream4_IRQHandler
                0x000000000800246c                USART1_IRQHandler
                0x000000000800246c                OTG_FS_IRQHandler
                0x000000000800246c                SPI3_IRQHandler
                0x000000000800246c                DMA1_Stream4_IRQHandler
                0x000000000800246c                I2C1_ER_IRQHandler
                0x000000000800246c                DMA1_Stream3_IRQHandler
 *fill*         0x000000000800246e        0x2 
 .text.HAL_Init
                0x0000000008002470       0x44 Drivers/STM32F4xx_HAL_Driver/Src/stm32f4xx_hal.o
                0x0000000008002470                HAL_Init
 .text.HAL_IncTick
                0x00000000080024b4       0x28 Drivers/STM32F4xx_HAL_Driver/Src/stm32f4xx_hal.o
                0x00000000080024b4                HAL_IncTick
 .text.HAL_GetTick
                0x00000000080024dc       0x18 Drivers/STM32F4xx_HAL_Driver/Src/stm32f4xx_hal.o
                0x00000000080024dc                HAL_GetTick
 .text.HAL_Delay
                0x00000000080024f4       0x44 Drivers/STM32F4xx_HAL_Driver/Src/stm32f4xx_hal.o
                0x00000000080024f4                HAL_Delay
 .text.HAL_CAN_Init
                0x0000000008002538      0x1f6 Drivers/STM32F4xx_HAL_Driver/Src/stm32f4xx_hal_can.o
                0x0000000008002538                HAL_CAN_Init
 *fill*         0x000000000800272e        0x2 
 .text.HAL_CAN_ConfigFilter
                0x0000000008002730      0x1c0 Drivers/STM32F4xx_HAL_Driver/Src/stm32f4xx_hal_can.o
                0x0000000008002730                HAL_CAN_ConfigFilter
 .text.HAL_CAN_AddTxMessage
                0x00000000080028f0      0x1b6 Drivers/STM32F4xx_HAL_Driver/Src/stm32f4xx_hal_can.o
                0x00000000080028f0                HAL_CAN_AddTxMessage
 .text.HAL_CAN_GetRxMessage
                0x0000000008002aa6      0x224 Drivers/STM32F4xx_HAL_Driver/Src/stm32f4xx_hal_can.o
                0x0000000008002aa6                HAL_CAN_GetRxMessage
 .text.HAL_CAN_GetRxFifoFillLevel
                0x0000000008002cca       0x50 Drivers/STM32F4xx_HAL_Driver/Src/stm32f4xx_hal_can.o
                0x0000000008002cca                HAL_CAN_GetRxFifoFillLevel
 *fill*         0x0000000008002d1a        0x2 
 .text.__NVIC_SetPriorityGrouping
                0x0000000008002d1c       0x48 Drivers/STM32F4xx_HAL_Driver/Src/stm32f4xx_hal_cortex.o
 .text.__NVIC_GetPriorityGrouping
                0x0000000008002d64       0x1c Drivers/STM32F4xx_HAL_Driver/Src/stm32f4xx_hal_cortex.o
 .text.__NVIC_EnableIRQ
                0x0000000008002d80       0x3c Drivers/STM32F4xx_HAL_Driver/Src/stm32f4xx_hal_cortex.o
 .text.__NVIC_SetPriority
                0x0000000008002dbc       0x54 Drivers/STM32F4xx_HAL_Driver/Src/stm32f4xx_hal_cortex.o
 .text.NVIC_EncodePriority
                0x0000000008002e10       0x66 Drivers/STM32F4xx_HAL_Driver/Src/stm32f4xx_hal_cortex.o
 .text.HAL_NVIC_SetPriorityGrouping
                0x0000000008002e76       0x16 Drivers/STM32F4xx_HAL_Driver/Src/stm32f4xx_hal_cortex.o
                0x0000000008002e76                HAL_NVIC_SetPriorityGrouping
 .text.HAL_NVIC_SetPriority
                0x0000000008002e8c       0x38 Drivers/STM32F4xx_HAL_Driver/Src/stm32f4xx_hal_cortex.o
                0x0000000008002e8c                HAL_NVIC_SetPriority
 .text.HAL_NVIC_EnableIRQ
                0x0000000008002ec4       0x1c Drivers/STM32F4xx_HAL_Driver/Src/stm32f4xx_hal_cortex.o
                0x0000000008002ec4                HAL_NVIC_EnableIRQ
 .text.HAL_CRC_Init
                0x0000000008002ee0       0x38 Drivers/STM32F4xx_HAL_Driver/Src/stm32f4xx_hal_crc.o
                0x0000000008002ee0                HAL_CRC_Init
 .text.HAL_CRC_Calculate
                0x0000000008002f18       0x66 Drivers/STM32F4xx_HAL_Driver/Src/stm32f4xx_hal_crc.o
                0x0000000008002f18                HAL_CRC_Calculate
 *fill*         0x0000000008002f7e        0x2 
 .text.HAL_DMA_Init
                0x0000000008002f80      0x15c Drivers/STM32F4xx_HAL_Driver/Src/stm32f4xx_hal_dma.o
                0x0000000008002f80                HAL_DMA_Init
 .text.HAL_DMA_Start_IT
                0x00000000080030dc       0xb0 Drivers/STM32F4xx_HAL_Driver/Src/stm32f4xx_hal_dma.o
                0x00000000080030dc                HAL_DMA_Start_IT
 .text.HAL_DMA_Abort_IT
                0x000000000800318c       0x44 Drivers/STM32F4xx_HAL_Driver/Src/stm32f4xx_hal_dma.o
                0x000000000800318c                HAL_DMA_Abort_IT
 .text.HAL_DMA_IRQHandler
                0x00000000080031d0      0x314 Drivers/STM32F4xx_HAL_Driver/Src/stm32f4xx_hal_dma.o
                0x00000000080031d0                HAL_DMA_IRQHandler
 .text.HAL_DMA_GetError
                0x00000000080034e4       0x18 Drivers/STM32F4xx_HAL_Driver/Src/stm32f4xx_hal_dma.o
                0x00000000080034e4                HAL_DMA_GetError
 .text.DMA_SetConfig
                0x00000000080034fc       0x5c Drivers/STM32F4xx_HAL_Driver/Src/stm32f4xx_hal_dma.o
 .text.DMA_CalcBaseAndBitshift
                0x0000000008003558       0x6c Drivers/STM32F4xx_HAL_Driver/Src/stm32f4xx_hal_dma.o
 .text.DMA_CheckFifoParam
                0x00000000080035c4       0xf4 Drivers/STM32F4xx_HAL_Driver/Src/stm32f4xx_hal_dma.o
 .text.HAL_GPIO_Init
                0x00000000080036b8      0x334 Drivers/STM32F4xx_HAL_Driver/Src/stm32f4xx_hal_gpio.o
                0x00000000080036b8                HAL_GPIO_Init
 .text.HAL_GPIO_WritePin
                0x00000000080039ec       0x32 Drivers/STM32F4xx_HAL_Driver/Src/stm32f4xx_hal_gpio.o
                0x00000000080039ec                HAL_GPIO_WritePin
 .text.HAL_IWDG_Init
                0x0000000008003a1e       0x72 Drivers/STM32F4xx_HAL_Driver/Src/stm32f4xx_hal_iwdg.o
                0x0000000008003a1e                HAL_IWDG_Init
 .text.HAL_IWDG_Refresh
                0x0000000008003a90       0x20 Drivers/STM32F4xx_HAL_Driver/Src/stm32f4xx_hal_iwdg.o
                0x0000000008003a90                HAL_IWDG_Refresh
 .text.HAL_RCC_OscConfig
                0x0000000008003ab0      0x4e0 Drivers/STM32F4xx_HAL_Driver/Src/stm32f4xx_hal_rcc.o
                0x0000000008003ab0                HAL_RCC_OscConfig
 .text.HAL_RCC_ClockConfig
                0x0000000008003f90      0x1cc Drivers/STM32F4xx_HAL_Driver/Src/stm32f4xx_hal_rcc.o
                0x0000000008003f90                HAL_RCC_ClockConfig
 .text.HAL_RCC_GetSysClockFreq
                0x000000000800415c      0x164 Drivers/STM32F4xx_HAL_Driver/Src/stm32f4xx_hal_rcc.o
                0x000000000800415c                HAL_RCC_GetSysClockFreq
 .text.HAL_RCC_GetHCLKFreq
                0x00000000080042c0       0x18 Drivers/STM32F4xx_HAL_Driver/Src/stm32f4xx_hal_rcc.o
                0x00000000080042c0                HAL_RCC_GetHCLKFreq
 .text.HAL_RCC_GetPCLK1Freq
                0x00000000080042d8       0x28 Drivers/STM32F4xx_HAL_Driver/Src/stm32f4xx_hal_rcc.o
                0x00000000080042d8                HAL_RCC_GetPCLK1Freq
 .text.HAL_RCC_GetPCLK2Freq
                0x0000000008004300       0x28 Drivers/STM32F4xx_HAL_Driver/Src/stm32f4xx_hal_rcc.o
                0x0000000008004300                HAL_RCC_GetPCLK2Freq
 .text.HAL_RCC_GetClockConfig
                0x0000000008004328       0x64 Drivers/STM32F4xx_HAL_Driver/Src/stm32f4xx_hal_rcc.o
                0x0000000008004328                HAL_RCC_GetClockConfig
 .text.HAL_SD_Init
                0x000000000800438c       0x60 Drivers/STM32F4xx_HAL_Driver/Src/stm32f4xx_hal_sd.o
                0x000000000800438c                HAL_SD_Init
 .text.HAL_SD_InitCard
                0x00000000080043ec       0xc0 Drivers/STM32F4xx_HAL_Driver/Src/stm32f4xx_hal_sd.o
                0x00000000080043ec                HAL_SD_InitCard
 .text.HAL_SD_ReadBlocks_DMA
                0x00000000080044ac      0x1d4 Drivers/STM32F4xx_HAL_Driver/Src/stm32f4xx_hal_sd.o
                0x00000000080044ac                HAL_SD_ReadBlocks_DMA
 .text.HAL_SD_WriteBlocks_DMA
                0x0000000008004680      0x1e0 Drivers/STM32F4xx_HAL_Driver/Src/stm32f4xx_hal_sd.o
                0x0000000008004680                HAL_SD_WriteBlocks_DMA
 .text.HAL_SD_IRQHandler
                0x0000000008004860      0x30c Drivers/STM32F4xx_HAL_Driver/Src/stm32f4xx_hal_sd.o
                0x0000000008004860                HAL_SD_IRQHandler
 .text.HAL_SD_ErrorCallback
                0x0000000008004b6c       0x14 Drivers/STM32F4xx_HAL_Driver/Src/stm32f4xx_hal_sd.o
                0x0000000008004b6c                HAL_SD_ErrorCallback
 .text.HAL_SD_GetCardCSD
                0x0000000008004b80      0x348 Drivers/STM32F4xx_HAL_Driver/Src/stm32f4xx_hal_sd.o
                0x0000000008004b80                HAL_SD_GetCardCSD
 .text.HAL_SD_GetCardInfo
                0x0000000008004ec8       0x58 Drivers/STM32F4xx_HAL_Driver/Src/stm32f4xx_hal_sd.o
                0x0000000008004ec8                HAL_SD_GetCardInfo
 .text.HAL_SD_ConfigWideBusOperation
                0x0000000008004f20       0xf8 Drivers/STM32F4xx_HAL_Driver/Src/stm32f4xx_hal_sd.o
                0x0000000008004f20                HAL_SD_ConfigWideBusOperation
 .text.HAL_SD_GetCardState
                0x0000000008005018       0x40 Drivers/STM32F4xx_HAL_Driver/Src/stm32f4xx_hal_sd.o
                0x0000000008005018                HAL_SD_GetCardState
 .text.SD_DMATransmitCplt
                0x0000000008005058       0x2a Drivers/STM32F4xx_HAL_Driver/Src/stm32f4xx_hal_sd.o
 .text.SD_DMAReceiveCplt
                0x0000000008005082       0x70 Drivers/STM32F4xx_HAL_Driver/Src/stm32f4xx_hal_sd.o
 *fill*         0x00000000080050f2        0x2 
 .text.SD_DMAError
                0x00000000080050f4       0xa4 Drivers/STM32F4xx_HAL_Driver/Src/stm32f4xx_hal_sd.o
 .text.SD_DMATxAbort
                0x0000000008005198       0x6e Drivers/STM32F4xx_HAL_Driver/Src/stm32f4xx_hal_sd.o
 .text.SD_DMARxAbort
                0x0000000008005206       0x6e Drivers/STM32F4xx_HAL_Driver/Src/stm32f4xx_hal_sd.o
 .text.SD_InitCard
                0x0000000008005274      0x19a Drivers/STM32F4xx_HAL_Driver/Src/stm32f4xx_hal_sd.o
 *fill*         0x000000000800540e        0x2 
 .text.SD_PowerON
                0x0000000008005410      0x11c Drivers/STM32F4xx_HAL_Driver/Src/stm32f4xx_hal_sd.o
 .text.SD_SendStatus
                0x000000000800552c       0x50 Drivers/STM32F4xx_HAL_Driver/Src/stm32f4xx_hal_sd.o
 .text.SD_WideBus_Enable
                0x000000000800557c       0x96 Drivers/STM32F4xx_HAL_Driver/Src/stm32f4xx_hal_sd.o
 .text.SD_WideBus_Disable
                0x0000000008005612       0x96 Drivers/STM32F4xx_HAL_Driver/Src/stm32f4xx_hal_sd.o
 .text.SD_FindSCR
                0x00000000080056a8      0x194 Drivers/STM32F4xx_HAL_Driver/Src/stm32f4xx_hal_sd.o
 .text.SD_Read_IT
                0x000000000800583c       0xa2 Drivers/STM32F4xx_HAL_Driver/Src/stm32f4xx_hal_sd.o
 .text.SD_Write_IT
                0x00000000080058de       0xaa Drivers/STM32F4xx_HAL_Driver/Src/stm32f4xx_hal_sd.o
 .text.HAL_SPI_Init
                0x0000000008005988       0xc8 Drivers/STM32F4xx_HAL_Driver/Src/stm32f4xx_hal_spi.o
                0x0000000008005988                HAL_SPI_Init
 .text.HAL_TIM_Base_Init
                0x0000000008005a50       0x56 Drivers/STM32F4xx_HAL_Driver/Src/stm32f4xx_hal_tim.o
                0x0000000008005a50                HAL_TIM_Base_Init
 .text.HAL_TIM_Base_MspInit
                0x0000000008005aa6       0x14 Drivers/STM32F4xx_HAL_Driver/Src/stm32f4xx_hal_tim.o
                0x0000000008005aa6                HAL_TIM_Base_MspInit
 .text.HAL_TIM_Base_Start_IT
                0x0000000008005aba       0x48 Drivers/STM32F4xx_HAL_Driver/Src/stm32f4xx_hal_tim.o
                0x0000000008005aba                HAL_TIM_Base_Start_IT
 .text.HAL_TIM_IRQHandler
                0x0000000008005b02      0x210 Drivers/STM32F4xx_HAL_Driver/Src/stm32f4xx_hal_tim.o
                0x0000000008005b02                HAL_TIM_IRQHandler
 .text.HAL_TIM_OC_DelayElapsedCallback
                0x0000000008005d12       0x14 Drivers/STM32F4xx_HAL_Driver/Src/stm32f4xx_hal_tim.o
                0x0000000008005d12                HAL_TIM_OC_DelayElapsedCallback
 .text.HAL_TIM_IC_CaptureCallback
                0x0000000008005d26       0x14 Drivers/STM32F4xx_HAL_Driver/Src/stm32f4xx_hal_tim.o
                0x0000000008005d26                HAL_TIM_IC_CaptureCallback
 .text.HAL_TIM_PWM_PulseFinishedCallback
                0x0000000008005d3a       0x14 Drivers/STM32F4xx_HAL_Driver/Src/stm32f4xx_hal_tim.o
                0x0000000008005d3a                HAL_TIM_PWM_PulseFinishedCallback
 .text.HAL_TIM_TriggerCallback
                0x0000000008005d4e       0x14 Drivers/STM32F4xx_HAL_Driver/Src/stm32f4xx_hal_tim.o
                0x0000000008005d4e                HAL_TIM_TriggerCallback
 *fill*         0x0000000008005d62        0x2 
 .text.TIM_Base_SetConfig
                0x0000000008005d64      0x140 Drivers/STM32F4xx_HAL_Driver/Src/stm32f4xx_hal_tim.o
                0x0000000008005d64                TIM_Base_SetConfig
 .text.HAL_TIMEx_CommutCallback
                0x0000000008005ea4       0x14 Drivers/STM32F4xx_HAL_Driver/Src/stm32f4xx_hal_tim_ex.o
                0x0000000008005ea4                HAL_TIMEx_CommutCallback
 .text.HAL_TIMEx_BreakCallback
                0x0000000008005eb8       0x14 Drivers/STM32F4xx_HAL_Driver/Src/stm32f4xx_hal_tim_ex.o
                0x0000000008005eb8                HAL_TIMEx_BreakCallback
 .text.HAL_UART_Init
                0x0000000008005ecc       0x9a Drivers/STM32F4xx_HAL_Driver/Src/stm32f4xx_hal_uart.o
                0x0000000008005ecc                HAL_UART_Init
 .text.HAL_UART_Transmit
                0x0000000008005f66      0x132 Drivers/STM32F4xx_HAL_Driver/Src/stm32f4xx_hal_uart.o
                0x0000000008005f66                HAL_UART_Transmit
 .text.HAL_UART_Receive
                0x0000000008006098      0x14c Drivers/STM32F4xx_HAL_Driver/Src/stm32f4xx_hal_uart.o
                0x0000000008006098                HAL_UART_Receive
 .text.HAL_UART_Receive_DMA
                0x00000000080061e4      0x100 Drivers/STM32F4xx_HAL_Driver/Src/stm32f4xx_hal_uart.o
                0x00000000080061e4                HAL_UART_Receive_DMA
 .text.HAL_UART_RxHalfCpltCallback
                0x00000000080062e4       0x14 Drivers/STM32F4xx_HAL_Driver/Src/stm32f4xx_hal_uart.o
                0x00000000080062e4                HAL_UART_RxHalfCpltCallback
 .text.HAL_UART_ErrorCallback
                0x00000000080062f8       0x14 Drivers/STM32F4xx_HAL_Driver/Src/stm32f4xx_hal_uart.o
                0x00000000080062f8                HAL_UART_ErrorCallback
 .text.UART_DMAReceiveCplt
                0x000000000800630c       0x68 Drivers/STM32F4xx_HAL_Driver/Src/stm32f4xx_hal_uart.o
 .text.UART_DMARxHalfCplt
                0x0000000008006374       0x1c Drivers/STM32F4xx_HAL_Driver/Src/stm32f4xx_hal_uart.o
 .text.UART_DMAError
                0x0000000008006390       0x94 Drivers/STM32F4xx_HAL_Driver/Src/stm32f4xx_hal_uart.o
 .text.UART_WaitOnFlagUntilTimeout
                0x0000000008006424       0x94 Drivers/STM32F4xx_HAL_Driver/Src/stm32f4xx_hal_uart.o
 .text.UART_EndTxTransfer
                0x00000000080064b8       0x2c Drivers/STM32F4xx_HAL_Driver/Src/stm32f4xx_hal_uart.o
 .text.UART_EndRxTransfer
                0x00000000080064e4       0x3c Drivers/STM32F4xx_HAL_Driver/Src/stm32f4xx_hal_uart.o
 .text.UART_SetConfig
                0x0000000008006520      0x6f8 Drivers/STM32F4xx_HAL_Driver/Src/stm32f4xx_hal_uart.o
 .text.SDIO_Init
                0x0000000008006c18       0x56 Drivers/STM32F4xx_HAL_Driver/Src/stm32f4xx_ll_sdmmc.o
                0x0000000008006c18                SDIO_Init
 .text.SDIO_ReadFIFO
                0x0000000008006c6e       0x1a Drivers/STM32F4xx_HAL_Driver/Src/stm32f4xx_ll_sdmmc.o
                0x0000000008006c6e                SDIO_ReadFIFO
 .text.SDIO_WriteFIFO
                0x0000000008006c88       0x22 Drivers/STM32F4xx_HAL_Driver/Src/stm32f4xx_ll_sdmmc.o
                0x0000000008006c88                SDIO_WriteFIFO
 .text.SDIO_PowerState_ON
                0x0000000008006caa       0x1e Drivers/STM32F4xx_HAL_Driver/Src/stm32f4xx_ll_sdmmc.o
                0x0000000008006caa                SDIO_PowerState_ON
 .text.SDIO_GetPowerState
                0x0000000008006cc8       0x1c Drivers/STM32F4xx_HAL_Driver/Src/stm32f4xx_ll_sdmmc.o
                0x0000000008006cc8                SDIO_GetPowerState
 .text.SDIO_SendCommand
                0x0000000008006ce4       0x54 Drivers/STM32F4xx_HAL_Driver/Src/stm32f4xx_ll_sdmmc.o
                0x0000000008006ce4                SDIO_SendCommand
 .text.SDIO_GetCommandResponse
                0x0000000008006d38       0x1a Drivers/STM32F4xx_HAL_Driver/Src/stm32f4xx_ll_sdmmc.o
                0x0000000008006d38                SDIO_GetCommandResponse
 .text.SDIO_GetResponse
                0x0000000008006d52       0x26 Drivers/STM32F4xx_HAL_Driver/Src/stm32f4xx_ll_sdmmc.o
                0x0000000008006d52                SDIO_GetResponse
 .text.SDIO_ConfigData
                0x0000000008006d78       0x58 Drivers/STM32F4xx_HAL_Driver/Src/stm32f4xx_ll_sdmmc.o
                0x0000000008006d78                SDIO_ConfigData
 .text.SDMMC_CmdBlockLength
                0x0000000008006dd0       0x44 Drivers/STM32F4xx_HAL_Driver/Src/stm32f4xx_ll_sdmmc.o
                0x0000000008006dd0                SDMMC_CmdBlockLength
 .text.SDMMC_CmdReadSingleBlock
                0x0000000008006e14       0x44 Drivers/STM32F4xx_HAL_Driver/Src/stm32f4xx_ll_sdmmc.o
                0x0000000008006e14                SDMMC_CmdReadSingleBlock
 .text.SDMMC_CmdReadMultiBlock
                0x0000000008006e58       0x44 Drivers/STM32F4xx_HAL_Driver/Src/stm32f4xx_ll_sdmmc.o
                0x0000000008006e58                SDMMC_CmdReadMultiBlock
 .text.SDMMC_CmdWriteSingleBlock
                0x0000000008006e9c       0x44 Drivers/STM32F4xx_HAL_Driver/Src/stm32f4xx_ll_sdmmc.o
                0x0000000008006e9c                SDMMC_CmdWriteSingleBlock
 .text.SDMMC_CmdWriteMultiBlock
                0x0000000008006ee0       0x44 Drivers/STM32F4xx_HAL_Driver/Src/stm32f4xx_ll_sdmmc.o
                0x0000000008006ee0                SDMMC_CmdWriteMultiBlock
 .text.SDMMC_CmdStopTransfer
                0x0000000008006f24       0x44 Drivers/STM32F4xx_HAL_Driver/Src/stm32f4xx_ll_sdmmc.o
                0x0000000008006f24                SDMMC_CmdStopTransfer
 .text.SDMMC_CmdSelDesel
                0x0000000008006f68       0x46 Drivers/STM32F4xx_HAL_Driver/Src/stm32f4xx_ll_sdmmc.o
                0x0000000008006f68                SDMMC_CmdSelDesel
 .text.SDMMC_CmdGoIdleState
                0x0000000008006fae       0x3c Drivers/STM32F4xx_HAL_Driver/Src/stm32f4xx_ll_sdmmc.o
                0x0000000008006fae                SDMMC_CmdGoIdleState
 .text.SDMMC_CmdOperCond
                0x0000000008006fea       0x3e Drivers/STM32F4xx_HAL_Driver/Src/stm32f4xx_ll_sdmmc.o
                0x0000000008006fea                SDMMC_CmdOperCond
 .text.SDMMC_CmdAppCommand
                0x0000000008007028       0x44 Drivers/STM32F4xx_HAL_Driver/Src/stm32f4xx_ll_sdmmc.o
                0x0000000008007028                SDMMC_CmdAppCommand
 .text.SDMMC_CmdAppOperCommand
                0x000000000800706c       0x46 Drivers/STM32F4xx_HAL_Driver/Src/stm32f4xx_ll_sdmmc.o
                0x000000000800706c                SDMMC_CmdAppOperCommand
 .text.SDMMC_CmdBusWidth
                0x00000000080070b2       0x44 Drivers/STM32F4xx_HAL_Driver/Src/stm32f4xx_ll_sdmmc.o
                0x00000000080070b2                SDMMC_CmdBusWidth
 .text.SDMMC_CmdSendSCR
                0x00000000080070f6       0x42 Drivers/STM32F4xx_HAL_Driver/Src/stm32f4xx_ll_sdmmc.o
                0x00000000080070f6                SDMMC_CmdSendSCR
 .text.SDMMC_CmdSendCID
                0x0000000008007138       0x3c Drivers/STM32F4xx_HAL_Driver/Src/stm32f4xx_ll_sdmmc.o
                0x0000000008007138                SDMMC_CmdSendCID
 .text.SDMMC_CmdSendCSD
                0x0000000008007174       0x3e Drivers/STM32F4xx_HAL_Driver/Src/stm32f4xx_ll_sdmmc.o
                0x0000000008007174                SDMMC_CmdSendCSD
 .text.SDMMC_CmdSetRelAdd
                0x00000000080071b2       0x42 Drivers/STM32F4xx_HAL_Driver/Src/stm32f4xx_ll_sdmmc.o
                0x00000000080071b2                SDMMC_CmdSetRelAdd
 .text.SDMMC_CmdSendStatus
                0x00000000080071f4       0x44 Drivers/STM32F4xx_HAL_Driver/Src/stm32f4xx_ll_sdmmc.o
                0x00000000080071f4                SDMMC_CmdSendStatus
 .text.SDMMC_GetCmdError
                0x0000000008007238       0x50 Drivers/STM32F4xx_HAL_Driver/Src/stm32f4xx_ll_sdmmc.o
 .text.SDMMC_GetCmdResp1
                0x0000000008007288      0x1d8 Drivers/STM32F4xx_HAL_Driver/Src/stm32f4xx_ll_sdmmc.o
 .text.SDMMC_GetCmdResp2
                0x0000000008007460       0x8c Drivers/STM32F4xx_HAL_Driver/Src/stm32f4xx_ll_sdmmc.o
 .text.SDMMC_GetCmdResp3
                0x00000000080074ec       0x74 Drivers/STM32F4xx_HAL_Driver/Src/stm32f4xx_ll_sdmmc.o
 .text.SDMMC_GetCmdResp6
                0x0000000008007560       0xe8 Drivers/STM32F4xx_HAL_Driver/Src/stm32f4xx_ll_sdmmc.o
 .text.SDMMC_GetCmdResp7
                0x0000000008007648       0x98 Drivers/STM32F4xx_HAL_Driver/Src/stm32f4xx_ll_sdmmc.o
 .text.MX_FATFS_Init
                0x00000000080076e0       0x24 FATFS/App/fatfs.o
                0x00000000080076e0                MX_FATFS_Init
 .text.get_fattime
                0x0000000008007704       0x10 FATFS/App/fatfs.o
                0x0000000008007704                get_fattime
 .text.BSP_SD_Init
                0x0000000008007714       0x4c FATFS/Target/bsp_driver_sd.o
                0x0000000008007714                BSP_SD_Init
 .text.BSP_SD_ReadBlocks_DMA
                0x0000000008007760       0x34 FATFS/Target/bsp_driver_sd.o
                0x0000000008007760                BSP_SD_ReadBlocks_DMA
 .text.BSP_SD_WriteBlocks_DMA
                0x0000000008007794       0x34 FATFS/Target/bsp_driver_sd.o
                0x0000000008007794                BSP_SD_WriteBlocks_DMA
 .text.BSP_SD_GetCardState
                0x00000000080077c8       0x20 FATFS/Target/bsp_driver_sd.o
                0x00000000080077c8                BSP_SD_GetCardState
 .text.BSP_SD_GetCardInfo
                0x00000000080077e8       0x1c FATFS/Target/bsp_driver_sd.o
                0x00000000080077e8                BSP_SD_GetCardInfo
 .text.HAL_SD_AbortCallback
                0x0000000008007804       0x14 FATFS/Target/bsp_driver_sd.o
                0x0000000008007804                HAL_SD_AbortCallback
 .text.HAL_SD_TxCpltCallback
                0x0000000008007818       0x14 FATFS/Target/bsp_driver_sd.o
                0x0000000008007818                HAL_SD_TxCpltCallback
 .text.HAL_SD_RxCpltCallback
                0x000000000800782c       0x14 FATFS/Target/bsp_driver_sd.o
                0x000000000800782c                HAL_SD_RxCpltCallback
 .text.BSP_SD_AbortCallback
                0x0000000008007840        0xe FATFS/Target/bsp_driver_sd.o
                0x0000000008007840                BSP_SD_AbortCallback
 .text.BSP_SD_IsDetected
                0x000000000800784e       0x1a FATFS/Target/bsp_driver_sd.o
                0x000000000800784e                BSP_SD_IsDetected
 .text.SD_CheckStatusWithTimeout
                0x0000000008007868       0x3a FATFS/Target/sd_diskio.o
 *fill*         0x00000000080078a2        0x2 
 .text.SD_CheckStatus
                0x00000000080078a4       0x3c FATFS/Target/sd_diskio.o
 .text.SD_initialize
                0x00000000080078e0       0x98 FATFS/Target/sd_diskio.o
                0x00000000080078e0                SD_initialize
 .text.SD_status
                0x0000000008007978       0x1c FATFS/Target/sd_diskio.o
                0x0000000008007978                SD_status
 .text.SD_read  0x0000000008007994       0x9c FATFS/Target/sd_diskio.o
                0x0000000008007994                SD_read
 .text.SD_write
                0x0000000008007a30       0x94 FATFS/Target/sd_diskio.o
                0x0000000008007a30                SD_write
 .text.SD_ioctl
                0x0000000008007ac4       0xb0 FATFS/Target/sd_diskio.o
                0x0000000008007ac4                SD_ioctl
 .text.BSP_SD_WriteCpltCallback
                0x0000000008007b74       0x1c FATFS/Target/sd_diskio.o
                0x0000000008007b74                BSP_SD_WriteCpltCallback
 .text.BSP_SD_ReadCpltCallback
                0x0000000008007b90       0x1c FATFS/Target/sd_diskio.o
                0x0000000008007b90                BSP_SD_ReadCpltCallback
 .text.disk_status
                0x0000000008007bac       0x34 Middlewares/Third_Party/FatFs/src/diskio.o
                0x0000000008007bac                disk_status
 .text.disk_initialize
                0x0000000008007be0       0x4c Middlewares/Third_Party/FatFs/src/diskio.o
                0x0000000008007be0                disk_initialize
 .text.disk_read
                0x0000000008007c2c       0x40 Middlewares/Third_Party/FatFs/src/diskio.o
                0x0000000008007c2c                disk_read
 .text.disk_write
                0x0000000008007c6c       0x40 Middlewares/Third_Party/FatFs/src/diskio.o
                0x0000000008007c6c                disk_write
 .text.disk_ioctl
                0x0000000008007cac       0x3c Middlewares/Third_Party/FatFs/src/diskio.o
                0x0000000008007cac                disk_ioctl
 .text.ld_word  0x0000000008007ce8       0x30 Middlewares/Third_Party/FatFs/src/ff.o
 .text.ld_dword
                0x0000000008007d18       0x46 Middlewares/Third_Party/FatFs/src/ff.o
 .text.st_word  0x0000000008007d5e       0x36 Middlewares/Third_Party/FatFs/src/ff.o
 .text.st_dword
                0x0000000008007d94       0x58 Middlewares/Third_Party/FatFs/src/ff.o
 .text.mem_cpy  0x0000000008007dec       0x42 Middlewares/Third_Party/FatFs/src/ff.o
 .text.mem_set  0x0000000008007e2e       0x34 Middlewares/Third_Party/FatFs/src/ff.o
 .text.mem_cmp  0x0000000008007e62       0x4e Middlewares/Third_Party/FatFs/src/ff.o
 .text.chk_chr  0x0000000008007eb0       0x36 Middlewares/Third_Party/FatFs/src/ff.o
 .text.lock_fs  0x0000000008007ee6       0x2c Middlewares/Third_Party/FatFs/src/ff.o
 .text.unlock_fs
                0x0000000008007f12       0x36 Middlewares/Third_Party/FatFs/src/ff.o
 .text.chk_lock
                0x0000000008007f48       0xb8 Middlewares/Third_Party/FatFs/src/ff.o
 .text.enq_lock
                0x0000000008008000       0x44 Middlewares/Third_Party/FatFs/src/ff.o
 .text.inc_lock
                0x0000000008008044      0x11c Middlewares/Third_Party/FatFs/src/ff.o
 .text.dec_lock
                0x0000000008008160       0x78 Middlewares/Third_Party/FatFs/src/ff.o
 .text.clear_lock
                0x00000000080081d8       0x48 Middlewares/Third_Party/FatFs/src/ff.o
 .text.sync_window
                0x0000000008008220       0x88 Middlewares/Third_Party/FatFs/src/ff.o
 .text.move_window
                0x00000000080082a8       0x5a Middlewares/Third_Party/FatFs/src/ff.o
 *fill*         0x0000000008008302        0x2 
 .text.sync_fs  0x0000000008008304       0xe0 Middlewares/Third_Party/FatFs/src/ff.o
 .text.clust2sect
                0x00000000080083e4       0x3e Middlewares/Third_Party/FatFs/src/ff.o
 .text.get_fat  0x0000000008008422      0x1a0 Middlewares/Third_Party/FatFs/src/ff.o
 .text.put_fat  0x00000000080085c2      0x22e Middlewares/Third_Party/FatFs/src/ff.o
 .text.remove_chain
                0x00000000080087f0       0xca Middlewares/Third_Party/FatFs/src/ff.o
 .text.create_chain
                0x00000000080088ba      0x130 Middlewares/Third_Party/FatFs/src/ff.o
 .text.clmt_clust
                0x00000000080089ea       0x70 Middlewares/Third_Party/FatFs/src/ff.o
 .text.dir_sdi  0x0000000008008a5a      0x112 Middlewares/Third_Party/FatFs/src/ff.o
 .text.dir_next
                0x0000000008008b6c      0x1ac Middlewares/Third_Party/FatFs/src/ff.o
 .text.dir_alloc
                0x0000000008008d18       0x8e Middlewares/Third_Party/FatFs/src/ff.o
 .text.ld_clust
                0x0000000008008da6       0x3e Middlewares/Third_Party/FatFs/src/ff.o
 .text.st_clust
                0x0000000008008de4       0x40 Middlewares/Third_Party/FatFs/src/ff.o
 .text.dir_find
                0x0000000008008e24       0xaa Middlewares/Third_Party/FatFs/src/ff.o
 .text.dir_register
                0x0000000008008ece       0x64 Middlewares/Third_Party/FatFs/src/ff.o
 *fill*         0x0000000008008f32        0x2 
 .text.create_name
                0x0000000008008f34      0x128 Middlewares/Third_Party/FatFs/src/ff.o
 .text.follow_path
                0x000000000800905c       0xec Middlewares/Third_Party/FatFs/src/ff.o
 .text.get_ldnumber
                0x0000000008009148       0x88 Middlewares/Third_Party/FatFs/src/ff.o
 .text.check_fs
                0x00000000080091d0       0xac Middlewares/Third_Party/FatFs/src/ff.o
 .text.find_volume
                0x000000000800927c      0x514 Middlewares/Third_Party/FatFs/src/ff.o
 .text.validate
                0x0000000008009790       0x8e Middlewares/Third_Party/FatFs/src/ff.o
 *fill*         0x000000000800981e        0x2 
 .text.f_mount  0x0000000008009820       0xc8 Middlewares/Third_Party/FatFs/src/ff.o
                0x0000000008009820                f_mount
 .text.f_open   0x00000000080098e8      0x3a6 Middlewares/Third_Party/FatFs/src/ff.o
                0x00000000080098e8                f_open
 .text.f_write  0x0000000008009c8e      0x386 Middlewares/Third_Party/FatFs/src/ff.o
                0x0000000008009c8e                f_write
 .text.f_sync   0x000000000800a014      0x112 Middlewares/Third_Party/FatFs/src/ff.o
                0x000000000800a014                f_sync
 .text.f_close  0x000000000800a126       0x5e Middlewares/Third_Party/FatFs/src/ff.o
                0x000000000800a126                f_close
 .text.FATFS_LinkDriverEx
                0x000000000800a184       0x98 Middlewares/Third_Party/FatFs/src/ff_gen_drv.o
                0x000000000800a184                FATFS_LinkDriverEx
 .text.FATFS_LinkDriver
                0x000000000800a21c       0x1e Middlewares/Third_Party/FatFs/src/ff_gen_drv.o
                0x000000000800a21c                FATFS_LinkDriver
 .text.ff_cre_syncobj
                0x000000000800a23a       0x40 Middlewares/Third_Party/FatFs/src/option/syscall.o
                0x000000000800a23a                ff_cre_syncobj
 .text.ff_del_syncobj
                0x000000000800a27a       0x18 Middlewares/Third_Party/FatFs/src/option/syscall.o
                0x000000000800a27a                ff_del_syncobj
 .text.ff_req_grant
                0x000000000800a292       0x2a Middlewares/Third_Party/FatFs/src/option/syscall.o
                0x000000000800a292                ff_req_grant
 .text.ff_rel_grant
                0x000000000800a2bc       0x16 Middlewares/Third_Party/FatFs/src/option/syscall.o
                0x000000000800a2bc                ff_rel_grant
 .text.makeFreeRtosPriority
                0x000000000800a2d2       0x30 Middlewares/Third_Party/FreeRTOS/Source/CMSIS_RTOS/cmsis_os.o
 .text.inHandlerMode
                0x000000000800a302       0x24 Middlewares/Third_Party/FreeRTOS/Source/CMSIS_RTOS/cmsis_os.o
 .text.osKernelStart
                0x000000000800a326        0xe Middlewares/Third_Party/FreeRTOS/Source/CMSIS_RTOS/cmsis_os.o
                0x000000000800a326                osKernelStart
 .text.osKernelRunning
                0x000000000800a334       0x18 Middlewares/Third_Party/FreeRTOS/Source/CMSIS_RTOS/cmsis_os.o
                0x000000000800a334                osKernelRunning
 .text.osKernelSysTick
                0x000000000800a34c       0x20 Middlewares/Third_Party/FreeRTOS/Source/CMSIS_RTOS/cmsis_os.o
                0x000000000800a34c                osKernelSysTick
 .text.osThreadCreate
                0x000000000800a36c       0x98 Middlewares/Third_Party/FreeRTOS/Source/CMSIS_RTOS/cmsis_os.o
                0x000000000800a36c                osThreadCreate
 .text.osDelay  0x000000000800a404       0x28 Middlewares/Third_Party/FreeRTOS/Source/CMSIS_RTOS/cmsis_os.o
                0x000000000800a404                osDelay
 .text.osMutexCreate
                0x000000000800a42c       0x30 Middlewares/Third_Party/FreeRTOS/Source/CMSIS_RTOS/cmsis_os.o
                0x000000000800a42c                osMutexCreate
 .text.osMutexWait
                0x000000000800a45c       0x9c Middlewares/Third_Party/FreeRTOS/Source/CMSIS_RTOS/cmsis_os.o
                0x000000000800a45c                osMutexWait
 .text.osMutexRelease
                0x000000000800a4f8       0x6c Middlewares/Third_Party/FreeRTOS/Source/CMSIS_RTOS/cmsis_os.o
                0x000000000800a4f8                osMutexRelease
 .text.osSemaphoreCreate
                0x000000000800a564       0x66 Middlewares/Third_Party/FreeRTOS/Source/CMSIS_RTOS/cmsis_os.o
                0x000000000800a564                osSemaphoreCreate
 *fill*         0x000000000800a5ca        0x2 
 .text.osSemaphoreWait
                0x000000000800a5cc       0x9c Middlewares/Third_Party/FreeRTOS/Source/CMSIS_RTOS/cmsis_os.o
                0x000000000800a5cc                osSemaphoreWait
 .text.osSemaphoreRelease
                0x000000000800a668       0x6c Middlewares/Third_Party/FreeRTOS/Source/CMSIS_RTOS/cmsis_os.o
                0x000000000800a668                osSemaphoreRelease
 .text.osSemaphoreDelete
                0x000000000800a6d4       0x26 Middlewares/Third_Party/FreeRTOS/Source/CMSIS_RTOS/cmsis_os.o
                0x000000000800a6d4                osSemaphoreDelete
 .text.osMessageCreate
                0x000000000800a6fa       0x52 Middlewares/Third_Party/FreeRTOS/Source/CMSIS_RTOS/cmsis_os.o
                0x000000000800a6fa                osMessageCreate
 .text.osMessagePut
                0x000000000800a74c       0x80 Middlewares/Third_Party/FreeRTOS/Source/CMSIS_RTOS/cmsis_os.o
                0x000000000800a74c                osMessagePut
 .text.osMessageGet
                0x000000000800a7cc       0xe8 Middlewares/Third_Party/FreeRTOS/Source/CMSIS_RTOS/cmsis_os.o
                0x000000000800a7cc                osMessageGet
 .text.vListInitialise
                0x000000000800a8b4       0x40 Middlewares/Third_Party/FreeRTOS/Source/list.o
                0x000000000800a8b4                vListInitialise
 .text.vListInitialiseItem
                0x000000000800a8f4       0x1a Middlewares/Third_Party/FreeRTOS/Source/list.o
                0x000000000800a8f4                vListInitialiseItem
 .text.vListInsertEnd
                0x000000000800a90e       0x48 Middlewares/Third_Party/FreeRTOS/Source/list.o
                0x000000000800a90e                vListInsertEnd
 .text.vListInsert
                0x000000000800a956       0x72 Middlewares/Third_Party/FreeRTOS/Source/list.o
                0x000000000800a956                vListInsert
 .text.uxListRemove
                0x000000000800a9c8       0x54 Middlewares/Third_Party/FreeRTOS/Source/list.o
                0x000000000800a9c8                uxListRemove
 .text.xQueueGenericReset
                0x000000000800aa1c       0xd0 Middlewares/Third_Party/FreeRTOS/Source/queue.o
                0x000000000800aa1c                xQueueGenericReset
 .text.xQueueGenericCreateStatic
                0x000000000800aaec       0xe6 Middlewares/Third_Party/FreeRTOS/Source/queue.o
                0x000000000800aaec                xQueueGenericCreateStatic
 .text.xQueueGenericCreate
                0x000000000800abd2       0x7e Middlewares/Third_Party/FreeRTOS/Source/queue.o
                0x000000000800abd2                xQueueGenericCreate
 .text.prvInitialiseNewQueue
                0x000000000800ac50       0x3e Middlewares/Third_Party/FreeRTOS/Source/queue.o
 .text.prvInitialiseMutex
                0x000000000800ac8e       0x34 Middlewares/Third_Party/FreeRTOS/Source/queue.o
 .text.xQueueCreateMutex
                0x000000000800acc2       0x30 Middlewares/Third_Party/FreeRTOS/Source/queue.o
                0x000000000800acc2                xQueueCreateMutex
 .text.xQueueCreateMutexStatic
                0x000000000800acf2       0x36 Middlewares/Third_Party/FreeRTOS/Source/queue.o
                0x000000000800acf2                xQueueCreateMutexStatic
 .text.xQueueGenericSend
                0x000000000800ad28      0x1f4 Middlewares/Third_Party/FreeRTOS/Source/queue.o
                0x000000000800ad28                xQueueGenericSend
 .text.xQueueGenericSendFromISR
                0x000000000800af1c      0x128 Middlewares/Third_Party/FreeRTOS/Source/queue.o
                0x000000000800af1c                xQueueGenericSendFromISR
 .text.xQueueGiveFromISR
                0x000000000800b044      0x112 Middlewares/Third_Party/FreeRTOS/Source/queue.o
                0x000000000800b044                xQueueGiveFromISR
 *fill*         0x000000000800b156        0x2 
 .text.xQueueReceive
                0x000000000800b158      0x1b8 Middlewares/Third_Party/FreeRTOS/Source/queue.o
                0x000000000800b158                xQueueReceive
 .text.xQueueSemaphoreTake
                0x000000000800b310      0x210 Middlewares/Third_Party/FreeRTOS/Source/queue.o
                0x000000000800b310                xQueueSemaphoreTake
 .text.xQueueReceiveFromISR
                0x000000000800b520       0xfa Middlewares/Third_Party/FreeRTOS/Source/queue.o
                0x000000000800b520                xQueueReceiveFromISR
 .text.vQueueDelete
                0x000000000800b61a       0x44 Middlewares/Third_Party/FreeRTOS/Source/queue.o
                0x000000000800b61a                vQueueDelete
 .text.prvGetDisinheritPriorityAfterTimeout
                0x000000000800b65e       0x30 Middlewares/Third_Party/FreeRTOS/Source/queue.o
 .text.prvCopyDataToQueue
                0x000000000800b68e       0xd4 Middlewares/Third_Party/FreeRTOS/Source/queue.o
 .text.prvCopyDataFromQueue
                0x000000000800b762       0x4c Middlewares/Third_Party/FreeRTOS/Source/queue.o
 .text.prvUnlockQueue
                0x000000000800b7ae       0xa4 Middlewares/Third_Party/FreeRTOS/Source/queue.o
 .text.prvIsQueueEmpty
                0x000000000800b852       0x2c Middlewares/Third_Party/FreeRTOS/Source/queue.o
 .text.prvIsQueueFull
                0x000000000800b87e       0x30 Middlewares/Third_Party/FreeRTOS/Source/queue.o
 *fill*         0x000000000800b8ae        0x2 
 .text.vQueueUnregisterQueue
                0x000000000800b8b0       0x54 Middlewares/Third_Party/FreeRTOS/Source/queue.o
                0x000000000800b8b0                vQueueUnregisterQueue
 .text.xTaskCreateStatic
                0x000000000800b904       0xb4 Middlewares/Third_Party/FreeRTOS/Source/tasks.o
                0x000000000800b904                xTaskCreateStatic
 .text.xTaskCreate
                0x000000000800b9b8       0x8a Middlewares/Third_Party/FreeRTOS/Source/tasks.o
                0x000000000800b9b8                xTaskCreate
 .text.prvInitialiseNewTask
                0x000000000800ba42      0x10c Middlewares/Third_Party/FreeRTOS/Source/tasks.o
 *fill*         0x000000000800bb4e        0x2 
 .text.prvAddNewTaskToReadyList
                0x000000000800bb50       0xd4 Middlewares/Third_Party/FreeRTOS/Source/tasks.o
 .text.vTaskDelay
                0x000000000800bc24       0x68 Middlewares/Third_Party/FreeRTOS/Source/tasks.o
                0x000000000800bc24                vTaskDelay
 .text.vTaskStartScheduler
                0x000000000800bc8c       0xbc Middlewares/Third_Party/FreeRTOS/Source/tasks.o
                0x000000000800bc8c                vTaskStartScheduler
 .text.vTaskSuspendAll
                0x000000000800bd48       0x1c Middlewares/Third_Party/FreeRTOS/Source/tasks.o
                0x000000000800bd48                vTaskSuspendAll
 .text.xTaskResumeAll
                0x000000000800bd64      0x138 Middlewares/Third_Party/FreeRTOS/Source/tasks.o
                0x000000000800bd64                xTaskResumeAll
 .text.xTaskGetTickCount
                0x000000000800be9c       0x20 Middlewares/Third_Party/FreeRTOS/Source/tasks.o
                0x000000000800be9c                xTaskGetTickCount
 .text.xTaskGetTickCountFromISR
                0x000000000800bebc       0x24 Middlewares/Third_Party/FreeRTOS/Source/tasks.o
                0x000000000800bebc                xTaskGetTickCountFromISR
 .text.xTaskIncrementTick
                0x000000000800bee0      0x170 Middlewares/Third_Party/FreeRTOS/Source/tasks.o
                0x000000000800bee0                xTaskIncrementTick
 .text.vTaskSwitchContext
                0x000000000800c050       0xb4 Middlewares/Third_Party/FreeRTOS/Source/tasks.o
                0x000000000800c050                vTaskSwitchContext
 .text.vTaskPlaceOnEventList
                0x000000000800c104       0x48 Middlewares/Third_Party/FreeRTOS/Source/tasks.o
                0x000000000800c104                vTaskPlaceOnEventList
 .text.xTaskRemoveFromEventList
                0x000000000800c14c       0xc4 Middlewares/Third_Party/FreeRTOS/Source/tasks.o
                0x000000000800c14c                xTaskRemoveFromEventList
 .text.vTaskInternalSetTimeOutState
                0x000000000800c210       0x2c Middlewares/Third_Party/FreeRTOS/Source/tasks.o
                0x000000000800c210                vTaskInternalSetTimeOutState
 .text.xTaskCheckForTimeOut
                0x000000000800c23c       0xc0 Middlewares/Third_Party/FreeRTOS/Source/tasks.o
                0x000000000800c23c                xTaskCheckForTimeOut
 .text.vTaskMissedYield
                0x000000000800c2fc       0x18 Middlewares/Third_Party/FreeRTOS/Source/tasks.o
                0x000000000800c2fc                vTaskMissedYield
 .text.prvIdleTask
                0x000000000800c314       0x30 Middlewares/Third_Party/FreeRTOS/Source/tasks.o
 .text.prvInitialiseTaskLists
                0x000000000800c344       0x80 Middlewares/Third_Party/FreeRTOS/Source/tasks.o
 .text.prvCheckTasksWaitingTermination
                0x000000000800c3c4       0x58 Middlewares/Third_Party/FreeRTOS/Source/tasks.o
 .text.prvDeleteTCB
                0x000000000800c41c       0x5c Middlewares/Third_Party/FreeRTOS/Source/tasks.o
 .text.prvResetNextTaskUnblockTime
                0x000000000800c478       0x40 Middlewares/Third_Party/FreeRTOS/Source/tasks.o
 .text.xTaskGetSchedulerState
                0x000000000800c4b8       0x3c Middlewares/Third_Party/FreeRTOS/Source/tasks.o
                0x000000000800c4b8                xTaskGetSchedulerState
 .text.xTaskPriorityInherit
                0x000000000800c4f4      0x100 Middlewares/Third_Party/FreeRTOS/Source/tasks.o
                0x000000000800c4f4                xTaskPriorityInherit
 .text.xTaskPriorityDisinherit
                0x000000000800c5f4      0x108 Middlewares/Third_Party/FreeRTOS/Source/tasks.o
                0x000000000800c5f4                xTaskPriorityDisinherit
 .text.vTaskPriorityDisinheritAfterTimeout
                0x000000000800c6fc      0x130 Middlewares/Third_Party/FreeRTOS/Source/tasks.o
                0x000000000800c6fc                vTaskPriorityDisinheritAfterTimeout
 .text.pvTaskIncrementMutexHeldCount
                0x000000000800c82c       0x28 Middlewares/Third_Party/FreeRTOS/Source/tasks.o
                0x000000000800c82c                pvTaskIncrementMutexHeldCount
 .text.ulTaskNotifyTake
                0x000000000800c854       0x90 Middlewares/Third_Party/FreeRTOS/Source/tasks.o
                0x000000000800c854                ulTaskNotifyTake
 .text.vTaskNotifyGiveFromISR
                0x000000000800c8e4      0x11c Middlewares/Third_Party/FreeRTOS/Source/tasks.o
                0x000000000800c8e4                vTaskNotifyGiveFromISR
 .text.prvAddCurrentTaskToDelayedList
                0x000000000800ca00       0xcc Middlewares/Third_Party/FreeRTOS/Source/tasks.o
 .text.pxPortInitialiseStack
                0x000000000800cacc       0x68 Middlewares/Third_Party/FreeRTOS/Source/portable/GCC/ARM_CM4F/port.o
                0x000000000800cacc                pxPortInitialiseStack
 .text.prvTaskExitError
                0x000000000800cb34       0x54 Middlewares/Third_Party/FreeRTOS/Source/portable/GCC/ARM_CM4F/port.o
 *fill*         0x000000000800cb88        0x8 
 .text.SVC_Handler
                0x000000000800cb90       0x28 Middlewares/Third_Party/FreeRTOS/Source/portable/GCC/ARM_CM4F/port.o
                0x000000000800cb90                SVC_Handler
 .text.prvPortStartFirstTask
                0x000000000800cbb8       0x28 Middlewares/Third_Party/FreeRTOS/Source/portable/GCC/ARM_CM4F/port.o
 .text.xPortStartScheduler
                0x000000000800cbe0      0x13c Middlewares/Third_Party/FreeRTOS/Source/portable/GCC/ARM_CM4F/port.o
                0x000000000800cbe0                xPortStartScheduler
 .text.vPortEnterCritical
                0x000000000800cd1c       0x5c Middlewares/Third_Party/FreeRTOS/Source/portable/GCC/ARM_CM4F/port.o
                0x000000000800cd1c                vPortEnterCritical
 .text.vPortExitCritical
                0x000000000800cd78       0x50 Middlewares/Third_Party/FreeRTOS/Source/portable/GCC/ARM_CM4F/port.o
                0x000000000800cd78                vPortExitCritical
 *fill*         0x000000000800cdc8        0x8 
 .text.PendSV_Handler
                0x000000000800cdd0       0x68 Middlewares/Third_Party/FreeRTOS/Source/portable/GCC/ARM_CM4F/port.o
                0x000000000800cdd0                PendSV_Handler
 .text.SysTick_Handler
                0x000000000800ce38       0x40 Middlewares/Third_Party/FreeRTOS/Source/portable/GCC/ARM_CM4F/port.o
                0x000000000800ce38                SysTick_Handler
 .text.vPortSetupTimerInterrupt
                0x000000000800ce78       0x48 Middlewares/Third_Party/FreeRTOS/Source/portable/GCC/ARM_CM4F/port.o
                0x000000000800ce78                vPortSetupTimerInterrupt
 .text.vPortEnableVFP
                0x000000000800cec0       0x14 Middlewares/Third_Party/FreeRTOS/Source/portable/GCC/ARM_CM4F/port.o
 .text.vPortValidateInterruptPriority
                0x000000000800ced4       0x7c Middlewares/Third_Party/FreeRTOS/Source/portable/GCC/ARM_CM4F/port.o
                0x000000000800ced4                vPortValidateInterruptPriority
 .text.pvPortMalloc
                0x000000000800cf50      0x184 Middlewares/Third_Party/FreeRTOS/Source/portable/MemMang/heap_4.o
                0x000000000800cf50                pvPortMalloc
 .text.vPortFree
                0x000000000800d0d4       0xb0 Middlewares/Third_Party/FreeRTOS/Source/portable/MemMang/heap_4.o
                0x000000000800d0d4                vPortFree
 .text.prvHeapInit
                0x000000000800d184       0xc4 Middlewares/Third_Party/FreeRTOS/Source/portable/MemMang/heap_4.o
 .text.prvInsertBlockIntoFreeList
                0x000000000800d248       0xb4 Middlewares/Third_Party/FreeRTOS/Source/portable/MemMang/heap_4.o
 .text.__libc_init_array
                0x000000000800d2fc       0x48 c:/st/stm32cubeide_1.3.0/stm32cubeide/plugins/com.st.stm32cube.ide.mcu.externaltools.gnu-tools-for-stm32.7-2018-q2-update.win32_1.0.0.201904181610/tools/bin/../lib/gcc/arm-none-eabi/7.3.1/../../../../arm-none-eabi/lib/thumb/v7e-m/fpv4-sp/hard\libc_nano.a(lib_a-init.o)
                0x000000000800d2fc                __libc_init_array
 .text.memcpy   0x000000000800d344       0x16 c:/st/stm32cubeide_1.3.0/stm32cubeide/plugins/com.st.stm32cube.ide.mcu.externaltools.gnu-tools-for-stm32.7-2018-q2-update.win32_1.0.0.201904181610/tools/bin/../lib/gcc/arm-none-eabi/7.3.1/../../../../arm-none-eabi/lib/thumb/v7e-m/fpv4-sp/hard\libc_nano.a(lib_a-memcpy-stub.o)
                0x000000000800d344                memcpy
 .text.memset   0x000000000800d35a       0x10 c:/st/stm32cubeide_1.3.0/stm32cubeide/plugins/com.st.stm32cube.ide.mcu.externaltools.gnu-tools-for-stm32.7-2018-q2-update.win32_1.0.0.201904181610/tools/bin/../lib/gcc/arm-none-eabi/7.3.1/../../../../arm-none-eabi/lib/thumb/v7e-m/fpv4-sp/hard\libc_nano.a(lib_a-memset.o)
                0x000000000800d35a                memset
 *(.glue_7)
 .glue_7        0x000000000800d36a        0x0 linker stubs
 *(.glue_7t)
 .glue_7t       0x000000000800d36a        0x0 linker stubs
 *(.eh_frame)
 *fill*         0x000000000800d36a        0x2 
 .eh_frame      0x000000000800d36c        0x0 c:/st/stm32cubeide_1.3.0/stm32cubeide/plugins/com.st.stm32cube.ide.mcu.externaltools.gnu-tools-for-stm32.7-2018-q2-update.win32_1.0.0.201904181610/tools/bin/../lib/gcc/arm-none-eabi/7.3.1/thumb/v7e-m/fpv4-sp/hard/crtbegin.o
 *(.init)
 .init          0x000000000800d36c        0x4 c:/st/stm32cubeide_1.3.0/stm32cubeide/plugins/com.st.stm32cube.ide.mcu.externaltools.gnu-tools-for-stm32.7-2018-q2-update.win32_1.0.0.201904181610/tools/bin/../lib/gcc/arm-none-eabi/7.3.1/thumb/v7e-m/fpv4-sp/hard/crti.o
                0x000000000800d36c                _init
 .init          0x000000000800d370        0x8 c:/st/stm32cubeide_1.3.0/stm32cubeide/plugins/com.st.stm32cube.ide.mcu.externaltools.gnu-tools-for-stm32.7-2018-q2-update.win32_1.0.0.201904181610/tools/bin/../lib/gcc/arm-none-eabi/7.3.1/thumb/v7e-m/fpv4-sp/hard/crtn.o
 *(.fini)
 .fini          0x000000000800d378        0x4 c:/st/stm32cubeide_1.3.0/stm32cubeide/plugins/com.st.stm32cube.ide.mcu.externaltools.gnu-tools-for-stm32.7-2018-q2-update.win32_1.0.0.201904181610/tools/bin/../lib/gcc/arm-none-eabi/7.3.1/thumb/v7e-m/fpv4-sp/hard/crti.o
                0x000000000800d378                _fini
 .fini          0x000000000800d37c        0x8 c:/st/stm32cubeide_1.3.0/stm32cubeide/plugins/com.st.stm32cube.ide.mcu.externaltools.gnu-tools-for-stm32.7-2018-q2-update.win32_1.0.0.201904181610/tools/bin/../lib/gcc/arm-none-eabi/7.3.1/thumb/v7e-m/fpv4-sp/hard/crtn.o
                0x000000000800d384                . = ALIGN (0x4)
                0x000000000800d384                _etext = .

.vfp11_veneer   0x000000000800d384        0x0
 .vfp11_veneer  0x000000000800d384        0x0 linker stubs

.v4_bx          0x000000000800d384        0x0
 .v4_bx         0x000000000800d384        0x0 linker stubs

.iplt           0x000000000800d384        0x0
 .iplt          0x000000000800d384        0x0 c:/st/stm32cubeide_1.3.0/stm32cubeide/plugins/com.st.stm32cube.ide.mcu.externaltools.gnu-tools-for-stm32.7-2018-q2-update.win32_1.0.0.201904181610/tools/bin/../lib/gcc/arm-none-eabi/7.3.1/thumb/v7e-m/fpv4-sp/hard/crtbegin.o

.rodata         0x000000000800d384      0x574
                0x000000000800d384                . = ALIGN (0x4)
 *(.rodata)
 .rodata        0x000000000800d384      0x461 Core/Src/main.o
 *fill*         0x000000000800d7e5        0x3 
 .rodata        0x000000000800d7e8       0x10 FATFS/Target/sd_diskio.o
 .rodata        0x000000000800d7f8       0x44 Middlewares/Third_Party/FatFs/src/ff.o
 .rodata        0x000000000800d83c        0x5 Middlewares/Third_Party/FreeRTOS/Source/tasks.o
 *(.rodata*)
 *fill*         0x000000000800d841        0x3 
 .rodata.AHBPrescTable
                0x000000000800d844       0x10 Core/Src/system_stm32f4xx.o
                0x000000000800d844                AHBPrescTable
 .rodata.APBPrescTable
                0x000000000800d854        0x8 Core/Src/system_stm32f4xx.o
                0x000000000800d854                APBPrescTable
 .rodata.flagBitshiftOffset.8649
                0x000000000800d85c        0x8 Drivers/STM32F4xx_HAL_Driver/Src/stm32f4xx_hal_dma.o
 .rodata.SD_Driver
                0x000000000800d864       0x14 FATFS/Target/sd_diskio.o
                0x000000000800d864                SD_Driver
 .rodata.ExCvt  0x000000000800d878       0x80 Middlewares/Third_Party/FatFs/src/ff.o
                0x000000000800d8f8                . = ALIGN (0x4)

.ARM.extab      0x000000000800d8f8        0x0
                0x000000000800d8f8                . = ALIGN (0x4)
 *(.ARM.extab* .gnu.linkonce.armextab.*)
                0x000000000800d8f8                . = ALIGN (0x4)

.ARM            0x000000000800d8f8        0x8
                0x000000000800d8f8                . = ALIGN (0x4)
                0x000000000800d8f8                __exidx_start = .
 *(.ARM.exidx*)
 .ARM.exidx     0x000000000800d8f8        0x8 c:/st/stm32cubeide_1.3.0/stm32cubeide/plugins/com.st.stm32cube.ide.mcu.externaltools.gnu-tools-for-stm32.7-2018-q2-update.win32_1.0.0.201904181610/tools/bin/../lib/gcc/arm-none-eabi/7.3.1/thumb/v7e-m/fpv4-sp/hard\libgcc.a(_udivmoddi4.o)
                0x000000000800d900                __exidx_end = .
                0x000000000800d900                . = ALIGN (0x4)

.rel.dyn        0x000000000800d900        0x0
 .rel.iplt      0x000000000800d900        0x0 c:/st/stm32cubeide_1.3.0/stm32cubeide/plugins/com.st.stm32cube.ide.mcu.externaltools.gnu-tools-for-stm32.7-2018-q2-update.win32_1.0.0.201904181610/tools/bin/../lib/gcc/arm-none-eabi/7.3.1/thumb/v7e-m/fpv4-sp/hard/crtbegin.o

.preinit_array  0x000000000800d900        0x0
                0x000000000800d900                . = ALIGN (0x4)
                0x000000000800d900                PROVIDE (__preinit_array_start = .)
 *(.preinit_array*)
                0x000000000800d900                PROVIDE (__preinit_array_end = .)
                0x000000000800d900                . = ALIGN (0x4)

.init_array     0x000000000800d900        0x4
                0x000000000800d900                . = ALIGN (0x4)
                0x000000000800d900                PROVIDE (__init_array_start = .)
 *(SORT_BY_NAME(.init_array.*))
 *(.init_array*)
 .init_array    0x000000000800d900        0x4 c:/st/stm32cubeide_1.3.0/stm32cubeide/plugins/com.st.stm32cube.ide.mcu.externaltools.gnu-tools-for-stm32.7-2018-q2-update.win32_1.0.0.201904181610/tools/bin/../lib/gcc/arm-none-eabi/7.3.1/thumb/v7e-m/fpv4-sp/hard/crtbegin.o
                0x000000000800d904                PROVIDE (__init_array_end = .)
                0x000000000800d904                . = ALIGN (0x4)

.fini_array     0x000000000800d904        0x4
                0x000000000800d904                . = ALIGN (0x4)
                [!provide]                        PROVIDE (__fini_array_start = .)
 *(SORT_BY_NAME(.fini_array.*))
 *(.fini_array*)
 .fini_array    0x000000000800d904        0x4 c:/st/stm32cubeide_1.3.0/stm32cubeide/plugins/com.st.stm32cube.ide.mcu.externaltools.gnu-tools-for-stm32.7-2018-q2-update.win32_1.0.0.201904181610/tools/bin/../lib/gcc/arm-none-eabi/7.3.1/thumb/v7e-m/fpv4-sp/hard/crtbegin.o
                [!provide]                        PROVIDE (__fini_array_end = .)
                0x000000000800d908                . = ALIGN (0x4)
                0x000000000800d908                _sidata = LOADADDR (.data)

.data           0x0000000020000000       0x10 load address 0x000000000800d908
                0x0000000020000000                . = ALIGN (0x4)
                0x0000000020000000                _sdata = .
 *(.data)
 *(.data*)
 .data.SystemCoreClock
                0x0000000020000000        0x4 Core/Src/system_stm32f4xx.o
                0x0000000020000000                SystemCoreClock
 .data.uwTickPrio
                0x0000000020000004        0x4 Drivers/STM32F4xx_HAL_Driver/Src/stm32f4xx_hal.o
                0x0000000020000004                uwTickPrio
 .data.uwTickFreq
                0x0000000020000008        0x1 Drivers/STM32F4xx_HAL_Driver/Src/stm32f4xx_hal.o
                0x0000000020000008                uwTickFreq
 .data.Stat     0x0000000020000009        0x1 FATFS/Target/sd_diskio.o
 *fill*         0x000000002000000a        0x2 
 .data.uxCriticalNesting
                0x000000002000000c        0x4 Middlewares/Third_Party/FreeRTOS/Source/portable/GCC/ARM_CM4F/port.o
                0x0000000020000010                . = ALIGN (0x4)
                0x0000000020000010                _edata = .

.igot.plt       0x0000000020000010        0x0 load address 0x000000000800d918
 .igot.plt      0x0000000020000010        0x0 c:/st/stm32cubeide_1.3.0/stm32cubeide/plugins/com.st.stm32cube.ide.mcu.externaltools.gnu-tools-for-stm32.7-2018-q2-update.win32_1.0.0.201904181610/tools/bin/../lib/gcc/arm-none-eabi/7.3.1/thumb/v7e-m/fpv4-sp/hard/crtbegin.o
                0x0000000020000010                . = ALIGN (0x4)

.bss            0x0000000020000010     0x8668 load address 0x000000000800d918
                0x0000000020000010                _sbss = .
                0x0000000020000010                __bss_start__ = _sbss
 *(.bss)
 .bss           0x0000000020000010       0x1c c:/st/stm32cubeide_1.3.0/stm32cubeide/plugins/com.st.stm32cube.ide.mcu.externaltools.gnu-tools-for-stm32.7-2018-q2-update.win32_1.0.0.201904181610/tools/bin/../lib/gcc/arm-none-eabi/7.3.1/thumb/v7e-m/fpv4-sp/hard/crtbegin.o
 *(.bss*)
 .bss.xIdleTaskTCBBuffer
                0x000000002000002c       0x54 Core/Src/freertos.o
 .bss.xIdleStack
                0x0000000020000080      0x200 Core/Src/freertos.o
 .bss.dummy.11033
                0x0000000020000280        0x4 Core/Src/main.o
 .bss.btUartRxBuff.11063
                0x0000000020000284       0x14 Core/Src/main.o
 .bss.readCrc.11064
                0x0000000020000298        0x2 Core/Src/main.o
 .bss.calculatedCrc.11065
                0x000000002000029a        0x2 Core/Src/main.o
 .bss.canFrame.11062
                0x000000002000029c       0x28 Core/Src/main.o
 .bss.xbeeUartTxBuff.11082
                0x00000000200002c4       0x14 Core/Src/main.o
 .bss.frameBuff.11081
                0x00000000200002d8       0x28 Core/Src/main.o
 .bss.seqNum.11084
                0x0000000020000300        0x1 Core/Src/main.o
 *fill*         0x0000000020000301        0x1 
 .bss.calculatedCrc.11083
                0x0000000020000302        0x2 Core/Src/main.o
 .bss.xbeeUartRxBuff.11097
                0x0000000020000304       0x7c Core/Src/main.o
 .bss.frameNum.11100
                0x0000000020000380        0x4 Core/Src/main.o
 .bss.readCrc.11098
                0x0000000020000384        0x2 Core/Src/main.o
 .bss.calculatedCrc.11099
                0x0000000020000386        0x2 Core/Src/main.o
 .bss.subscription.11101
                0x0000000020000388       0x70 Core/Src/main.o
 .bss.frameBuff.11125
                0x00000000200003f8       0x28 Core/Src/main.o
 .bss.dummy.11126
                0x0000000020000420        0x4 Core/Src/main.o
 .bss.fatFs.11134
                0x0000000020000424     0x1038 Core/Src/main.o
 .bss.errorLogBuff.11137
                0x000000002000145c        0x4 Core/Src/main.o
 .bss.errorLogFile.11135
                0x0000000020001460     0x1030 Core/Src/main.o
 .bss.bytesWritten.11138
                0x0000000020002490        0x4 Core/Src/main.o
 .bss.SDQueueID
                0x0000000020002494        0x4 FATFS/Target/sd_diskio.o
 .bss.FatFs     0x0000000020002498        0x4 Middlewares/Third_Party/FatFs/src/ff.o
 .bss.Fsid      0x000000002000249c        0x2 Middlewares/Third_Party/FatFs/src/ff.o
 *fill*         0x000000002000249e        0x2 
 .bss.Files     0x00000000200024a0       0x20 Middlewares/Third_Party/FatFs/src/ff.o
 .bss.disk      0x00000000200024c0        0xc Middlewares/Third_Party/FatFs/src/ff_gen_drv.o
                0x00000000200024c0                disk
 .bss.pxCurrentTCB
                0x00000000200024cc        0x4 Middlewares/Third_Party/FreeRTOS/Source/tasks.o
                0x00000000200024cc                pxCurrentTCB
 .bss.pxReadyTasksLists
                0x00000000200024d0       0x8c Middlewares/Third_Party/FreeRTOS/Source/tasks.o
 .bss.xDelayedTaskList1
                0x000000002000255c       0x14 Middlewares/Third_Party/FreeRTOS/Source/tasks.o
 .bss.xDelayedTaskList2
                0x0000000020002570       0x14 Middlewares/Third_Party/FreeRTOS/Source/tasks.o
 .bss.pxDelayedTaskList
                0x0000000020002584        0x4 Middlewares/Third_Party/FreeRTOS/Source/tasks.o
 .bss.pxOverflowDelayedTaskList
                0x0000000020002588        0x4 Middlewares/Third_Party/FreeRTOS/Source/tasks.o
 .bss.xPendingReadyList
                0x000000002000258c       0x14 Middlewares/Third_Party/FreeRTOS/Source/tasks.o
 .bss.xTasksWaitingTermination
                0x00000000200025a0       0x14 Middlewares/Third_Party/FreeRTOS/Source/tasks.o
 .bss.uxDeletedTasksWaitingCleanUp
                0x00000000200025b4        0x4 Middlewares/Third_Party/FreeRTOS/Source/tasks.o
 .bss.xSuspendedTaskList
                0x00000000200025b8       0x14 Middlewares/Third_Party/FreeRTOS/Source/tasks.o
 .bss.uxCurrentNumberOfTasks
                0x00000000200025cc        0x4 Middlewares/Third_Party/FreeRTOS/Source/tasks.o
 .bss.xTickCount
                0x00000000200025d0        0x4 Middlewares/Third_Party/FreeRTOS/Source/tasks.o
 .bss.uxTopReadyPriority
                0x00000000200025d4        0x4 Middlewares/Third_Party/FreeRTOS/Source/tasks.o
 .bss.xSchedulerRunning
                0x00000000200025d8        0x4 Middlewares/Third_Party/FreeRTOS/Source/tasks.o
 .bss.uxPendedTicks
                0x00000000200025dc        0x4 Middlewares/Third_Party/FreeRTOS/Source/tasks.o
 .bss.xYieldPending
                0x00000000200025e0        0x4 Middlewares/Third_Party/FreeRTOS/Source/tasks.o
 .bss.xNumOfOverflows
                0x00000000200025e4        0x4 Middlewares/Third_Party/FreeRTOS/Source/tasks.o
 .bss.uxTaskNumber
                0x00000000200025e8        0x4 Middlewares/Third_Party/FreeRTOS/Source/tasks.o
 .bss.xNextTaskUnblockTime
                0x00000000200025ec        0x4 Middlewares/Third_Party/FreeRTOS/Source/tasks.o
 .bss.xIdleTaskHandle
                0x00000000200025f0        0x4 Middlewares/Third_Party/FreeRTOS/Source/tasks.o
 .bss.uxSchedulerSuspended
                0x00000000200025f4        0x4 Middlewares/Third_Party/FreeRTOS/Source/tasks.o
 .bss.ucMaxSysCallPriority
                0x00000000200025f8        0x1 Middlewares/Third_Party/FreeRTOS/Source/portable/GCC/ARM_CM4F/port.o
 *fill*         0x00000000200025f9        0x3 
 .bss.ulMaxPRIGROUPValue
                0x00000000200025fc        0x4 Middlewares/Third_Party/FreeRTOS/Source/portable/GCC/ARM_CM4F/port.o
 .bss.ucHeap    0x0000000020002600     0x3c00 Middlewares/Third_Party/FreeRTOS/Source/portable/MemMang/heap_4.o
 .bss.xStart    0x0000000020006200        0x8 Middlewares/Third_Party/FreeRTOS/Source/portable/MemMang/heap_4.o
 .bss.pxEnd     0x0000000020006208        0x4 Middlewares/Third_Party/FreeRTOS/Source/portable/MemMang/heap_4.o
 .bss.xFreeBytesRemaining
                0x000000002000620c        0x4 Middlewares/Third_Party/FreeRTOS/Source/portable/MemMang/heap_4.o
 .bss.xMinimumEverFreeBytesRemaining
                0x0000000020006210        0x4 Middlewares/Third_Party/FreeRTOS/Source/portable/MemMang/heap_4.o
 .bss.xBlockAllocatedBit
                0x0000000020006214        0x4 Middlewares/Third_Party/FreeRTOS/Source/portable/MemMang/heap_4.o
 *(COMMON)
 COMMON         0x0000000020006218      0x36c Core/Src/main.o
                0x0000000020006218                hdma_sdio_rx
                0x0000000020006278                watchdogHandle
                0x000000002000627c                huart3
                0x00000000200062bc                sdioLogErrorQueueHandle
                0x00000000200062c0                hiwdg
                0x00000000200062cc                hcrc
                0x00000000200062d4                xbeeSendHandle
                0x00000000200062d8                reportToWatchdogQueueHandle
                0x00000000200062dc                xbeeReceiveHandle
                0x00000000200062e0                hdma_usart1_rx
                0x0000000020006340                huart1
                0x0000000020006380                hdma_sdio_tx
                0x00000000200063e0                sdioGatekeeperHandle
                0x00000000200063e4                crcMutexHandle
                0x00000000200063e8                gnssReceiveHandle
                0x00000000200063ec                hsd
                0x0000000020006470                btReceiveHandle
                0x0000000020006474                huart4
                0x00000000200064b4                hspi1
                0x000000002000650c                canReceiveQueueHandle
                0x0000000020006510                canTransmitQueueHandle
                0x0000000020006514                canGatekeeperHandle
                0x0000000020006518                huart2
                0x0000000020006558                hcan1
                0x0000000020006580                rfReceiveHandle
 COMMON         0x0000000020006584       0x40 Core/Src/stm32f4xx_hal_timebase_tim.o
                0x0000000020006584                htim6
 COMMON         0x00000000200065c4        0x4 Drivers/STM32F4xx_HAL_Driver/Src/stm32f4xx_hal.o
                0x00000000200065c4                uwTick
 COMMON         0x00000000200065c8     0x2070 FATFS/App/fatfs.o
                0x00000000200065c8                retSD
                0x00000000200065cc                SDPath
                0x00000000200065d0                SDFile
                0x0000000020007600                SDFatFS
 COMMON         0x0000000020008638       0x40 Middlewares/Third_Party/FreeRTOS/Source/queue.o
                0x0000000020008638                xQueueRegistry
                0x0000000020008678                . = ALIGN (0x4)
                0x0000000020008678                _ebss = .
                0x0000000020008678                __bss_end__ = _ebss

._user_heap_stack
                0x0000000020008678      0x600 load address 0x000000000800d918
                0x0000000020008678                . = ALIGN (0x8)
                0x0000000020008678                PROVIDE (end = .)
                [!provide]                        PROVIDE (_end = .)
                0x0000000020008878                . = (. + _Min_Heap_Size)
 *fill*         0x0000000020008678      0x200 
                0x0000000020008c78                . = (. + _Min_Stack_Size)
 *fill*         0x0000000020008878      0x400 
                0x0000000020008c78                . = ALIGN (0x8)

/DISCARD/
 libc.a(*)
 libm.a(*)
 libgcc.a(*)

.ARM.attributes
                0x0000000000000000       0x30
 *(.ARM.attributes)
 .ARM.attributes
                0x0000000000000000       0x22 c:/st/stm32cubeide_1.3.0/stm32cubeide/plugins/com.st.stm32cube.ide.mcu.externaltools.gnu-tools-for-stm32.7-2018-q2-update.win32_1.0.0.201904181610/tools/bin/../lib/gcc/arm-none-eabi/7.3.1/thumb/v7e-m/fpv4-sp/hard/crti.o
 .ARM.attributes
                0x0000000000000022       0x34 c:/st/stm32cubeide_1.3.0/stm32cubeide/plugins/com.st.stm32cube.ide.mcu.externaltools.gnu-tools-for-stm32.7-2018-q2-update.win32_1.0.0.201904181610/tools/bin/../lib/gcc/arm-none-eabi/7.3.1/thumb/v7e-m/fpv4-sp/hard/crtbegin.o
 .ARM.attributes
                0x0000000000000056       0x39 Core/Src/freertos.o
 .ARM.attributes
                0x000000000000008f       0x39 Core/Src/main.o
 .ARM.attributes
                0x00000000000000c8       0x39 Core/Src/rt12e_libs_can.o
 .ARM.attributes
                0x0000000000000101       0x39 Core/Src/stm32f4xx_hal_msp.o
 .ARM.attributes
                0x000000000000013a       0x39 Core/Src/stm32f4xx_hal_timebase_tim.o
 .ARM.attributes
                0x0000000000000173       0x39 Core/Src/stm32f4xx_it.o
 .ARM.attributes
                0x00000000000001ac       0x39 Core/Src/system_stm32f4xx.o
 .ARM.attributes
                0x00000000000001e5       0x21 Core/Startup/startup_stm32f405rgtx.o
 .ARM.attributes
                0x0000000000000206       0x39 Drivers/STM32F4xx_HAL_Driver/Src/stm32f4xx_hal.o
 .ARM.attributes
                0x000000000000023f       0x39 Drivers/STM32F4xx_HAL_Driver/Src/stm32f4xx_hal_can.o
 .ARM.attributes
                0x0000000000000278       0x39 Drivers/STM32F4xx_HAL_Driver/Src/stm32f4xx_hal_cortex.o
 .ARM.attributes
                0x00000000000002b1       0x39 Drivers/STM32F4xx_HAL_Driver/Src/stm32f4xx_hal_crc.o
 .ARM.attributes
                0x00000000000002ea       0x39 Drivers/STM32F4xx_HAL_Driver/Src/stm32f4xx_hal_dma.o
 .ARM.attributes
                0x0000000000000323       0x39 Drivers/STM32F4xx_HAL_Driver/Src/stm32f4xx_hal_gpio.o
 .ARM.attributes
                0x000000000000035c       0x39 Drivers/STM32F4xx_HAL_Driver/Src/stm32f4xx_hal_iwdg.o
 .ARM.attributes
                0x0000000000000395       0x39 Drivers/STM32F4xx_HAL_Driver/Src/stm32f4xx_hal_rcc.o
 .ARM.attributes
                0x00000000000003ce       0x39 Drivers/STM32F4xx_HAL_Driver/Src/stm32f4xx_hal_sd.o
 .ARM.attributes
                0x0000000000000407       0x39 Drivers/STM32F4xx_HAL_Driver/Src/stm32f4xx_hal_spi.o
 .ARM.attributes
                0x0000000000000440       0x39 Drivers/STM32F4xx_HAL_Driver/Src/stm32f4xx_hal_tim.o
 .ARM.attributes
                0x0000000000000479       0x39 Drivers/STM32F4xx_HAL_Driver/Src/stm32f4xx_hal_tim_ex.o
 .ARM.attributes
                0x00000000000004b2       0x39 Drivers/STM32F4xx_HAL_Driver/Src/stm32f4xx_hal_uart.o
 .ARM.attributes
                0x00000000000004eb       0x39 Drivers/STM32F4xx_HAL_Driver/Src/stm32f4xx_ll_sdmmc.o
 .ARM.attributes
                0x0000000000000524       0x39 FATFS/App/fatfs.o
 .ARM.attributes
                0x000000000000055d       0x39 FATFS/Target/bsp_driver_sd.o
 .ARM.attributes
                0x0000000000000596       0x39 FATFS/Target/sd_diskio.o
 .ARM.attributes
                0x00000000000005cf       0x39 Middlewares/Third_Party/FatFs/src/diskio.o
 .ARM.attributes
                0x0000000000000608       0x39 Middlewares/Third_Party/FatFs/src/ff.o
 .ARM.attributes
                0x0000000000000641       0x39 Middlewares/Third_Party/FatFs/src/ff_gen_drv.o
 .ARM.attributes
                0x000000000000067a       0x39 Middlewares/Third_Party/FatFs/src/option/syscall.o
 .ARM.attributes
                0x00000000000006b3       0x39 Middlewares/Third_Party/FreeRTOS/Source/CMSIS_RTOS/cmsis_os.o
 .ARM.attributes
                0x00000000000006ec       0x39 Middlewares/Third_Party/FreeRTOS/Source/list.o
 .ARM.attributes
                0x0000000000000725       0x39 Middlewares/Third_Party/FreeRTOS/Source/queue.o
 .ARM.attributes
                0x000000000000075e       0x39 Middlewares/Third_Party/FreeRTOS/Source/tasks.o
 .ARM.attributes
                0x0000000000000797       0x39 Middlewares/Third_Party/FreeRTOS/Source/portable/GCC/ARM_CM4F/port.o
 .ARM.attributes
                0x00000000000007d0       0x39 Middlewares/Third_Party/FreeRTOS/Source/portable/MemMang/heap_4.o
 .ARM.attributes
                0x0000000000000809       0x34 c:/st/stm32cubeide_1.3.0/stm32cubeide/plugins/com.st.stm32cube.ide.mcu.externaltools.gnu-tools-for-stm32.7-2018-q2-update.win32_1.0.0.201904181610/tools/bin/../lib/gcc/arm-none-eabi/7.3.1/../../../../arm-none-eabi/lib/thumb/v7e-m/fpv4-sp/hard\libc_nano.a(lib_a-init.o)
 .ARM.attributes
                0x000000000000083d       0x34 c:/st/stm32cubeide_1.3.0/stm32cubeide/plugins/com.st.stm32cube.ide.mcu.externaltools.gnu-tools-for-stm32.7-2018-q2-update.win32_1.0.0.201904181610/tools/bin/../lib/gcc/arm-none-eabi/7.3.1/../../../../arm-none-eabi/lib/thumb/v7e-m/fpv4-sp/hard\libc_nano.a(lib_a-memcpy-stub.o)
 .ARM.attributes
                0x0000000000000871       0x34 c:/st/stm32cubeide_1.3.0/stm32cubeide/plugins/com.st.stm32cube.ide.mcu.externaltools.gnu-tools-for-stm32.7-2018-q2-update.win32_1.0.0.201904181610/tools/bin/../lib/gcc/arm-none-eabi/7.3.1/../../../../arm-none-eabi/lib/thumb/v7e-m/fpv4-sp/hard\libc_nano.a(lib_a-memset.o)
 .ARM.attributes
                0x00000000000008a5       0x1b c:/st/stm32cubeide_1.3.0/stm32cubeide/plugins/com.st.stm32cube.ide.mcu.externaltools.gnu-tools-for-stm32.7-2018-q2-update.win32_1.0.0.201904181610/tools/bin/../lib/gcc/arm-none-eabi/7.3.1/../../../../arm-none-eabi/lib/thumb/v7e-m/fpv4-sp/hard\libc_nano.a(lib_a-strlen.o)
 .ARM.attributes
                0x00000000000008c0       0x22 c:/st/stm32cubeide_1.3.0/stm32cubeide/plugins/com.st.stm32cube.ide.mcu.externaltools.gnu-tools-for-stm32.7-2018-q2-update.win32_1.0.0.201904181610/tools/bin/../lib/gcc/arm-none-eabi/7.3.1/thumb/v7e-m/fpv4-sp/hard\libgcc.a(_aeabi_uldivmod.o)
 .ARM.attributes
                0x00000000000008e2       0x34 c:/st/stm32cubeide_1.3.0/stm32cubeide/plugins/com.st.stm32cube.ide.mcu.externaltools.gnu-tools-for-stm32.7-2018-q2-update.win32_1.0.0.201904181610/tools/bin/../lib/gcc/arm-none-eabi/7.3.1/thumb/v7e-m/fpv4-sp/hard\libgcc.a(_udivmoddi4.o)
 .ARM.attributes
                0x0000000000000916       0x22 c:/st/stm32cubeide_1.3.0/stm32cubeide/plugins/com.st.stm32cube.ide.mcu.externaltools.gnu-tools-for-stm32.7-2018-q2-update.win32_1.0.0.201904181610/tools/bin/../lib/gcc/arm-none-eabi/7.3.1/thumb/v7e-m/fpv4-sp/hard\libgcc.a(_dvmd_tls.o)
 .ARM.attributes
                0x0000000000000938       0x22 c:/st/stm32cubeide_1.3.0/stm32cubeide/plugins/com.st.stm32cube.ide.mcu.externaltools.gnu-tools-for-stm32.7-2018-q2-update.win32_1.0.0.201904181610/tools/bin/../lib/gcc/arm-none-eabi/7.3.1/thumb/v7e-m/fpv4-sp/hard/crtn.o
OUTPUT(RT12e-WCU.elf elf32-littlearm)

.debug_info     0x0000000000000000    0x213e8
 .debug_info    0x0000000000000000      0x344 Core/Src/freertos.o
 .debug_info    0x0000000000000344     0x3656 Core/Src/main.o
 .debug_info    0x000000000000399a      0x62d Core/Src/rt12e_libs_can.o
 .debug_info    0x0000000000003fc7     0x187d Core/Src/stm32f4xx_hal_msp.o
 .debug_info    0x0000000000005844      0xb1b Core/Src/stm32f4xx_hal_timebase_tim.o
 .debug_info    0x000000000000635f      0xa70 Core/Src/stm32f4xx_it.o
 .debug_info    0x0000000000006dcf      0x554 Core/Src/system_stm32f4xx.o
 .debug_info    0x0000000000007323       0x22 Core/Startup/startup_stm32f405rgtx.o
 .debug_info    0x0000000000007345      0x933 Drivers/STM32F4xx_HAL_Driver/Src/stm32f4xx_hal.o
 .debug_info    0x0000000000007c78      0xfa7 Drivers/STM32F4xx_HAL_Driver/Src/stm32f4xx_hal_can.o
 .debug_info    0x0000000000008c1f      0xe16 Drivers/STM32F4xx_HAL_Driver/Src/stm32f4xx_hal_cortex.o
 .debug_info    0x0000000000009a35      0x441 Drivers/STM32F4xx_HAL_Driver/Src/stm32f4xx_hal_crc.o
 .debug_info    0x0000000000009e76      0x968 Drivers/STM32F4xx_HAL_Driver/Src/stm32f4xx_hal_dma.o