Archive member included to satisfy reference by file (symbol)

c:/st/stm32cubeide_1.3.0/stm32cubeide/plugins/com.st.stm32cube.ide.mcu.externaltools.gnu-tools-for-stm32.7-2018-q2-update.win32_1.0.0.201904181610/tools/bin/../lib/gcc/arm-none-eabi/7.3.1/../../../../arm-none-eabi/lib/thumb/v7e-m/fpv4-sp/hard\libc_nano.a(lib_a-errno.o)
                              Core/Src/syscalls.o (__errno)
c:/st/stm32cubeide_1.3.0/stm32cubeide/plugins/com.st.stm32cube.ide.mcu.externaltools.gnu-tools-for-stm32.7-2018-q2-update.win32_1.0.0.201904181610/tools/bin/../lib/gcc/arm-none-eabi/7.3.1/../../../../arm-none-eabi/lib/thumb/v7e-m/fpv4-sp/hard\libc_nano.a(lib_a-exit.o)
                              c:/st/stm32cubeide_1.3.0/stm32cubeide/plugins/com.st.stm32cube.ide.mcu.externaltools.gnu-tools-for-stm32.7-2018-q2-update.win32_1.0.0.201904181610/tools/bin/../lib/gcc/arm-none-eabi/7.3.1/../../../../arm-none-eabi/lib/thumb/v7e-m/fpv4-sp/hard/crt0.o (exit)
c:/st/stm32cubeide_1.3.0/stm32cubeide/plugins/com.st.stm32cube.ide.mcu.externaltools.gnu-tools-for-stm32.7-2018-q2-update.win32_1.0.0.201904181610/tools/bin/../lib/gcc/arm-none-eabi/7.3.1/../../../../arm-none-eabi/lib/thumb/v7e-m/fpv4-sp/hard\libc_nano.a(lib_a-impure.o)
                              c:/st/stm32cubeide_1.3.0/stm32cubeide/plugins/com.st.stm32cube.ide.mcu.externaltools.gnu-tools-for-stm32.7-2018-q2-update.win32_1.0.0.201904181610/tools/bin/../lib/gcc/arm-none-eabi/7.3.1/../../../../arm-none-eabi/lib/thumb/v7e-m/fpv4-sp/hard\libc_nano.a(lib_a-exit.o) (_global_impure_ptr)
c:/st/stm32cubeide_1.3.0/stm32cubeide/plugins/com.st.stm32cube.ide.mcu.externaltools.gnu-tools-for-stm32.7-2018-q2-update.win32_1.0.0.201904181610/tools/bin/../lib/gcc/arm-none-eabi/7.3.1/../../../../arm-none-eabi/lib/thumb/v7e-m/fpv4-sp/hard\libc_nano.a(lib_a-init.o)
                              c:/st/stm32cubeide_1.3.0/stm32cubeide/plugins/com.st.stm32cube.ide.mcu.externaltools.gnu-tools-for-stm32.7-2018-q2-update.win32_1.0.0.201904181610/tools/bin/../lib/gcc/arm-none-eabi/7.3.1/../../../../arm-none-eabi/lib/thumb/v7e-m/fpv4-sp/hard/crt0.o (__libc_init_array)
c:/st/stm32cubeide_1.3.0/stm32cubeide/plugins/com.st.stm32cube.ide.mcu.externaltools.gnu-tools-for-stm32.7-2018-q2-update.win32_1.0.0.201904181610/tools/bin/../lib/gcc/arm-none-eabi/7.3.1/../../../../arm-none-eabi/lib/thumb/v7e-m/fpv4-sp/hard\libc_nano.a(lib_a-memcpy-stub.o)
                              Middlewares/Third_Party/FreeRTOS/Source/queue.o (memcpy)
c:/st/stm32cubeide_1.3.0/stm32cubeide/plugins/com.st.stm32cube.ide.mcu.externaltools.gnu-tools-for-stm32.7-2018-q2-update.win32_1.0.0.201904181610/tools/bin/../lib/gcc/arm-none-eabi/7.3.1/../../../../arm-none-eabi/lib/thumb/v7e-m/fpv4-sp/hard\libc_nano.a(lib_a-memset.o)
                              c:/st/stm32cubeide_1.3.0/stm32cubeide/plugins/com.st.stm32cube.ide.mcu.externaltools.gnu-tools-for-stm32.7-2018-q2-update.win32_1.0.0.201904181610/tools/bin/../lib/gcc/arm-none-eabi/7.3.1/../../../../arm-none-eabi/lib/thumb/v7e-m/fpv4-sp/hard/crt0.o (memset)
c:/st/stm32cubeide_1.3.0/stm32cubeide/plugins/com.st.stm32cube.ide.mcu.externaltools.gnu-tools-for-stm32.7-2018-q2-update.win32_1.0.0.201904181610/tools/bin/../lib/gcc/arm-none-eabi/7.3.1/../../../../arm-none-eabi/lib/thumb/v7e-m/fpv4-sp/hard\libc_nano.a(lib_a-strlen.o)
                              Core/Src/main.o (strlen)
c:/st/stm32cubeide_1.3.0/stm32cubeide/plugins/com.st.stm32cube.ide.mcu.externaltools.gnu-tools-for-stm32.7-2018-q2-update.win32_1.0.0.201904181610/tools/bin/../lib/gcc/arm-none-eabi/7.3.1/thumb/v7e-m/fpv4-sp/hard\libgcc.a(_aeabi_uldivmod.o)
                              Drivers/STM32F4xx_HAL_Driver/Src/stm32f4xx_hal_rcc.o (__aeabi_uldivmod)
c:/st/stm32cubeide_1.3.0/stm32cubeide/plugins/com.st.stm32cube.ide.mcu.externaltools.gnu-tools-for-stm32.7-2018-q2-update.win32_1.0.0.201904181610/tools/bin/../lib/gcc/arm-none-eabi/7.3.1/thumb/v7e-m/fpv4-sp/hard\libgcc.a(_udivmoddi4.o)
                              c:/st/stm32cubeide_1.3.0/stm32cubeide/plugins/com.st.stm32cube.ide.mcu.externaltools.gnu-tools-for-stm32.7-2018-q2-update.win32_1.0.0.201904181610/tools/bin/../lib/gcc/arm-none-eabi/7.3.1/thumb/v7e-m/fpv4-sp/hard\libgcc.a(_aeabi_uldivmod.o) (__udivmoddi4)
c:/st/stm32cubeide_1.3.0/stm32cubeide/plugins/com.st.stm32cube.ide.mcu.externaltools.gnu-tools-for-stm32.7-2018-q2-update.win32_1.0.0.201904181610/tools/bin/../lib/gcc/arm-none-eabi/7.3.1/thumb/v7e-m/fpv4-sp/hard\libgcc.a(_dvmd_tls.o)
                              c:/st/stm32cubeide_1.3.0/stm32cubeide/plugins/com.st.stm32cube.ide.mcu.externaltools.gnu-tools-for-stm32.7-2018-q2-update.win32_1.0.0.201904181610/tools/bin/../lib/gcc/arm-none-eabi/7.3.1/thumb/v7e-m/fpv4-sp/hard\libgcc.a(_aeabi_uldivmod.o) (__aeabi_ldiv0)

Allocating common symbols
Common symbol       size              file

hdma_sdio_rx        0x60              Core/Src/main.o
retSD               0x1               FATFS/App/fatfs.o
watchdogHandle      0x4               Core/Src/main.o
[...]
Memory Configuration

Name             Origin             Length             Attributes
CCMRAM           0x0000000010000000 0x0000000000010000 xrw
RAM              0x0000000020000000 0x0000000000020000 xrw
FLASH            0x0000000008000000 0x0000000000100000 xr
*default*        0x0000000000000000 0xffffffffffffffff

Linker script and memory map

LOAD c:/st/stm32cubeide_1.3.0/stm32cubeide/plugins/com.st.stm32cube.ide.mcu.externaltools.gnu-tools-for-stm32.7-2018-q2-update.win32_1.0.0.201904181610/tools/bin/../lib/gcc/arm-none-eabi/7.3.1/thumb/v7e-m/fpv4-sp/hard/crti.o
LOAD c:/st/stm32cubeide_1.3.0/stm32cubeide/plugins/com.st.stm32cube.ide.mcu.externaltools.gnu-tools-for-stm32.7-2018-q2-update.win32_1.0.0.201904181610/tools/bin/../lib/gcc/arm-none-eabi/7.3.1/thumb/v7e-m/fpv4-sp/hard/crtbegin.o
LOAD c:/st/stm32cubeide_1.3.0/stm32cubeide/plugins/com.st.stm32cube.ide.mcu.externaltools.gnu-tools-for-stm32.7-2018-q2-update.win32_1.0.0.201904181610/tools/bin/../lib/gcc/arm-none-eabi/7.3.1/../../../../arm-none-eabi/lib/thumb/v7e-m/fpv4-sp/hard/crt0.o
LOAD Core/Src/freertos.o
LOAD Core/Src/main.o
LOAD Core/Src/rt12e_libs_can.o
LOAD Core/Src/stm32f4xx_hal_msp.o
LOAD Core/Src/stm32f4xx_hal_timebase_tim.o
LOAD Core/Src/stm32f4xx_it.o
LOAD Core/Src/syscalls.o
LOAD Core/Src/sysmem.o
LOAD Core/Src/system_stm32f4xx.o
LOAD Core/Startup/startup_stm32f405rgtx.o
LOAD Drivers/STM32F4xx_HAL_Driver/Src/stm32f4xx_hal.o
LOAD Drivers/STM32F4xx_HAL_Driver/Src/stm32f4xx_hal_can.o
LOAD Drivers/STM32F4xx_HAL_Driver/Src/stm32f4xx_hal_cortex.o
LOAD Drivers/STM32F4xx_HAL_Driver/Src/stm32f4xx_hal_crc.o
LOAD Drivers/STM32F4xx_HAL_Driver/Src/stm32f4xx_hal_dma.o
LOAD Drivers/STM32F4xx_HAL_Driver/Src/stm32f4xx_hal_dma_ex.o
LOAD Drivers/STM32F4xx_HAL_Driver/Src/stm32f4xx_hal_exti.o
LOAD Drivers/STM32F4xx_HAL_Driver/Src/stm32f4xx_hal_flash.o
LOAD Drivers/STM32F4xx_HAL_Driver/Src/stm32f4xx_hal_flash_ex.o
LOAD Drivers/STM32F4xx_HAL_Driver/Src/stm32f4xx_hal_flash_ramfunc.o
LOAD Drivers/STM32F4xx_HAL_Driver/Src/stm32f4xx_hal_gpio.o
LOAD Drivers/STM32F4xx_HAL_Driver/Src/stm32f4xx_hal_iwdg.o
LOAD Drivers/STM32F4xx_HAL_Driver/Src/stm32f4xx_hal_pwr.o
LOAD Drivers/STM32F4xx_HAL_Driver/Src/stm32f4xx_hal_pwr_ex.o
LOAD Drivers/STM32F4xx_HAL_Driver/Src/stm32f4xx_hal_rcc.o
LOAD Drivers/STM32F4xx_HAL_Driver/Src/stm32f4xx_hal_rcc_ex.o
LOAD Drivers/STM32F4xx_HAL_Driver/Src/stm32f4xx_hal_sd.o
LOAD Drivers/STM32F4xx_HAL_Driver/Src/stm32f4xx_hal_spi.o
LOAD Drivers/STM32F4xx_HAL_Driver/Src/stm32f4xx_hal_tim.o
LOAD Drivers/STM32F4xx_HAL_Driver/Src/stm32f4xx_hal_tim_ex.o
LOAD Drivers/STM32F4xx_HAL_Driver/Src/stm32f4xx_hal_uart.o
LOAD Drivers/STM32F4xx_HAL_Driver/Src/stm32f4xx_ll_sdmmc.o
LOAD FATFS/App/fatfs.o
LOAD FATFS/Target/bsp_driver_sd.o
LOAD FATFS/Target/sd_diskio.o
LOAD Middlewares/Third_Party/FatFs/src/diskio.o
LOAD Middlewares/Third_Party/FatFs/src/ff.o
LOAD Middlewares/Third_Party/FatFs/src/ff_gen_drv.o
LOAD Middlewares/Third_Party/FatFs/src/option/syscall.o
LOAD Middlewares/Third_Party/FreeRTOS/Source/CMSIS_RTOS/cmsis_os.o
LOAD Middlewares/Third_Party/FreeRTOS/Source/croutine.o
LOAD Middlewares/Third_Party/FreeRTOS/Source/event_groups.o
LOAD Middlewares/Third_Party/FreeRTOS/Source/list.o
LOAD Middlewares/Third_Party/FreeRTOS/Source/queue.o
LOAD Middlewares/Third_Party/FreeRTOS/Source/stream_buffer.o
LOAD Middlewares/Third_Party/FreeRTOS/Source/tasks.o
LOAD Middlewares/Third_Party/FreeRTOS/Source/timers.o
LOAD Middlewares/Third_Party/FreeRTOS/Source/portable/GCC/ARM_CM4F/port.o
LOAD Middlewares/Third_Party/FreeRTOS/Source/portable/MemMang/heap_4.o
START GROUP
LOAD c:/st/stm32cubeide_1.3.0/stm32cubeide/plugins/com.st.stm32cube.ide.mcu.externaltools.gnu-tools-for-stm32.7-2018-q2-update.win32_1.0.0.201904181610/tools/bin/../lib/gcc/arm-none-eabi/7.3.1/../../../../arm-none-eabi/lib/thumb/v7e-m/fpv4-sp/hard\libc_nano.a
LOAD c:/st/stm32cubeide_1.3.0/stm32cubeide/plugins/com.st.stm32cube.ide.mcu.externaltools.gnu-tools-for-stm32.7-2018-q2-update.win32_1.0.0.201904181610/tools/bin/../lib/gcc/arm-none-eabi/7.3.1/../../../../arm-none-eabi/lib/thumb/v7e-m/fpv4-sp/hard\libm.a
END GROUP
START GROUP
LOAD c:/st/stm32cubeide_1.3.0/stm32cubeide/plugins/com.st.stm32cube.ide.mcu.externaltools.gnu-tools-for-stm32.7-2018-q2-update.win32_1.0.0.201904181610/tools/bin/../lib/gcc/arm-none-eabi/7.3.1/thumb/v7e-m/fpv4-sp/hard\libgcc.a
LOAD c:/st/stm32cubeide_1.3.0/stm32cubeide/plugins/com.st.stm32cube.ide.mcu.externaltools.gnu-tools-for-stm32.7-2018-q2-update.win32_1.0.0.201904181610/tools/bin/../lib/gcc/arm-none-eabi/7.3.1/../../../../arm-none-eabi/lib/thumb/v7e-m/fpv4-sp/hard\libc_nano.a
END GROUP
START GROUP
LOAD c:/st/stm32cubeide_1.3.0/stm32cubeide/plugins/com.st.stm32cube.ide.mcu.externaltools.gnu-tools-for-stm32.7-2018-q2-update.win32_1.0.0.201904181610/tools/bin/../lib/gcc/arm-none-eabi/7.3.1/thumb/v7e-m/fpv4-sp/hard\libgcc.a
LOAD c:/st/stm32cubeide_1.3.0/stm32cubeide/plugins/com.st.stm32cube.ide.mcu.externaltools.gnu-tools-for-stm32.7-2018-q2-update.win32_1.0.0.201904181610/tools/bin/../lib/gcc/arm-none-eabi/7.3.1/../../../../arm-none-eabi/lib/thumb/v7e-m/fpv4-sp/hard\libc_nano.a
LOAD c:/st/stm32cubeide_1.3.0/stm32cubeide/plugins/com.st.stm32cube.ide.mcu.externaltools.gnu-tools-for-stm32.7-2018-q2-update.win32_1.0.0.201904181610/tools/bin/../lib/gcc/arm-none-eabi/7.3.1/../../../../arm-none-eabi/lib/thumb/v7e-m/fpv4-sp/hard\libnosys.a
END GROUP
START GROUP
LOAD c:/st/stm32cubeide_1.3.0/stm32cubeide/plugins/com.st.stm32cube.ide.mcu.externaltools.gnu-tools-for-stm32.7-2018-q2-update.win32_1.0.0.201904181610/tools/bin/../lib/gcc/arm-none-eabi/7.3.1/thumb/v7e-m/fpv4-sp/hard\libgcc.a
LOAD c:/st/stm32cubeide_1.3.0/stm32cubeide/plugins/com.st.stm32cube.ide.mcu.externaltools.gnu-tools-for-stm32.7-2018-q2-update.win32_1.0.0.201904181610/tools/bin/../lib/gcc/arm-none-eabi/7.3.1/../../../../arm-none-eabi/lib/thumb/v7e-m/fpv4-sp/hard\libc_nano.a
LOAD c:/st/stm32cubeide_1.3.0/stm32cubeide/plugins/com.st.stm32cube.ide.mcu.externaltools.gnu-tools-for-stm32.7-2018-q2-update.win32_1.0.0.201904181610/tools/bin/../lib/gcc/arm-none-eabi/7.3.1/../../../../arm-none-eabi/lib/thumb/v7e-m/fpv4-sp/hard\libnosys.a
END GROUP
LOAD c:/st/stm32cubeide_1.3.0/stm32cubeide/plugins/com.st.stm32cube.ide.mcu.externaltools.gnu-tools-for-stm32.7-2018-q2-update.win32_1.0.0.201904181610/tools/bin/../lib/gcc/arm-none-eabi/7.3.1/thumb/v7e-m/fpv4-sp/hard/crtend.o
LOAD c:/st/stm32cubeide_1.3.0/stm32cubeide/plugins/com.st.stm32cube.ide.mcu.externaltools.gnu-tools-for-stm32.7-2018-q2-update.win32_1.0.0.201904181610/tools/bin/../lib/gcc/arm-none-eabi/7.3.1/thumb/v7e-m/fpv4-sp/hard/crtn.o
                0x0000000020020000                _estack = (ORIGIN (RAM) + LENGTH (RAM))
                0x0000000000000200                _Min_Heap_Size = 0x200
                0x0000000000000400                _Min_Stack_Size = 0x400

.isr_vector     0x0000000008000000      0x188
                0x0000000008000000                . = ALIGN (0x4)
 *(.isr_vector)
 .isr_vector    0x0000000008000000      0x188 Core/Startup/startup_stm32f405rgtx.o
                0x0000000008000000                g_pfnVectors
                0x0000000008000188                . = ALIGN (0x4)

.text           0x0000000008000190     0xca74
                0x0000000008000190                . = ALIGN (0x4)
 *(.text)
 .text          0x0000000008000190       0x40 c:/st/stm32cubeide_1.3.0/stm32cubeide/plugins/com.st.stm32cube.ide.mcu.externaltools.gnu-tools-for-stm32.7-2018-q2-update.win32_1.0.0.201904181610/tools/bin/../lib/gcc/arm-none-eabi/7.3.1/thumb/v7e-m/fpv4-sp/hard/crtbegin.o
 .text          0x00000000080001d0       0x10 c:/st/stm32cubeide_1.3.0/stm32cubeide/plugins/com.st.stm32cube.ide.mcu.externaltools.gnu-tools-for-stm32.7-2018-q2-update.win32_1.0.0.201904181610/tools/bin/../lib/gcc/arm-none-eabi/7.3.1/../../../../arm-none-eabi/lib/thumb/v7e-m/fpv4-sp/hard\libc_nano.a(lib_a-strlen.o)
                0x00000000080001d0                strlen
 .text          0x00000000080001e0       0x30 c:/st/stm32cubeide_1.3.0/stm32cubeide/plugins/com.st.stm32cube.ide.mcu.externaltools.gnu-tools-for-stm32.7-2018-q2-update.win32_1.0.0.201904181610/tools/bin/../lib/gcc/arm-none-eabi/7.3.1/thumb/v7e-m/fpv4-sp/hard\libgcc.a(_aeabi_uldivmod.o)
                0x00000000080001e0                __aeabi_uldivmod
 .text          0x0000000008000210      0x2cc c:/st/stm32cubeide_1.3.0/stm32cubeide/plugins/com.st.stm32cube.ide.mcu.externaltools.gnu-tools-for-stm32.7-2018-q2-update.win32_1.0.0.201904181610/tools/bin/../lib/gcc/arm-none-eabi/7.3.1/thumb/v7e-m/fpv4-sp/hard\libgcc.a(_udivmoddi4.o)
                0x0000000008000210                __udivmoddi4
 .text          0x00000000080004dc        0x4 c:/st/stm32cubeide_1.3.0/stm32cubeide/plugins/com.st.stm32cube.ide.mcu.externaltools.gnu-tools-for-stm32.7-2018-q2-update.win32_1.0.0.201904181610/tools/bin/../lib/gcc/arm-none-eabi/7.3.1/thumb/v7e-m/fpv4-sp/hard\libgcc.a(_dvmd_tls.o)
                0x00000000080004dc                __aeabi_idiv0
                0x00000000080004dc                __aeabi_ldiv0
 *(.text*)
 .text.vApplicationGetIdleTaskMemory
                0x00000000080004e0       0x34 Core/Src/freertos.o
                0x00000000080004e0                vApplicationGetIdleTaskMemory
 .text.main     0x0000000008000514      0x268 Core/Src/main.o
                0x0000000008000514                main
 .text.SystemClock_Config
                0x000000000800077c       0xd4 Core/Src/main.o
                0x000000000800077c                SystemClock_Config
 .text.MX_CAN1_Init
                0x0000000008000850       0x6c Core/Src/main.o
 .text.MX_CRC_Init
                0x00000000080008bc       0x28 Core/Src/main.o
 .text.MX_IWDG_Init
                0x00000000080008e4       0x34 Core/Src/main.o
 .text.MX_SDIO_SD_Init
                0x0000000008000918       0x40 Core/Src/main.o
 .text.MX_SPI1_Init
                0x0000000008000958       0x6c Core/Src/main.o
 .text.MX_UART4_Init
                0x00000000080009c4       0x54 Core/Src/main.o
 .text.MX_USART1_UART_Init
                0x0000000008000a18       0x54 Core/Src/main.o
 .text.MX_USART2_UART_Init
                0x0000000008000a6c       0x54 Core/Src/main.o
 .text.MX_USART3_UART_Init
                0x0000000008000ac0       0x54 Core/Src/main.o
 .text.MX_DMA_Init
                0x0000000008000b14       0x60 Core/Src/main.o
 .text.MX_GPIO_Init
                0x0000000008000b74      0x144 Core/Src/main.o
 .text.HAL_UART_RxCpltCallback
                0x0000000008000cb8       0x54 Core/Src/main.o
                0x0000000008000cb8                HAL_UART_RxCpltCallback
 .text.StartWatchdogTask
                0x0000000008000d0c      0x144 Core/Src/main.o
                0x0000000008000d0c                StartWatchdogTask
 .text.StartBtReceiveTask
                0x0000000008000e50      0x160 Core/Src/main.o
                0x0000000008000e50                StartBtReceiveTask
 .text.StartXbeeSendTask
                0x0000000008000fb0      0x154 Core/Src/main.o
                0x0000000008000fb0                StartXbeeSendTask
 .text.StartXbeeReceiveTask
                0x0000000008001104      0x1c8 Core/Src/main.o
                0x0000000008001104                StartXbeeReceiveTask
 .text.StartGnssReceiveTask
                0x00000000080012cc       0x28 Core/Src/main.o
                0x00000000080012cc                StartGnssReceiveTask
 .text.StartRfReceiveTask
                0x00000000080012f4       0x28 Core/Src/main.o
                0x00000000080012f4                StartRfReceiveTask
 .text.StartCanGatekeeperTask
                0x000000000800131c       0x9c Core/Src/main.o
                0x000000000800131c                StartCanGatekeeperTask
 .text.StartSdGatekeeperTask
                0x00000000080013b8       0x64 Core/Src/main.o
                0x00000000080013b8                StartSdGatekeeperTask
 .text.HAL_TIM_PeriodElapsedCallback
                0x000000000800141c       0x24 Core/Src/main.o
                0x000000000800141c                HAL_TIM_PeriodElapsedCallback
 .text.Error_Handler
                0x0000000008001440        0xe Core/Src/main.o
                0x0000000008001440                Error_Handler
 *fill*         0x000000000800144e        0x2 
 .text.setCanFilterList
                0x0000000008001450      0x10c Core/Src/rt12e_libs_can.o
                0x0000000008001450                setCanFilterList
 .text.HAL_MspInit
                0x000000000800155c       0x58 Core/Src/stm32f4xx_hal_msp.o
                0x000000000800155c                HAL_MspInit
 .text.HAL_CAN_MspInit
                0x00000000080015b4       0x90 Core/Src/stm32f4xx_hal_msp.o
                0x00000000080015b4                HAL_CAN_MspInit
 .text.HAL_CRC_MspInit
                0x0000000008001644       0x44 Core/Src/stm32f4xx_hal_msp.o
                0x0000000008001644                HAL_CRC_MspInit
 .text.HAL_SD_MspInit
                0x0000000008001688      0x1e0 Core/Src/stm32f4xx_hal_msp.o
                0x0000000008001688                HAL_SD_MspInit
 .text.HAL_SPI_MspInit
                0x0000000008001868       0x90 Core/Src/stm32f4xx_hal_msp.o
                0x0000000008001868                HAL_SPI_MspInit
 .text.HAL_UART_MspInit
                0x00000000080018f8      0x234 Core/Src/stm32f4xx_hal_msp.o
                0x00000000080018f8                HAL_UART_MspInit
 .text.HAL_InitTick
                0x0000000008001b2c       0xb0 Core/Src/stm32f4xx_hal_timebase_tim.o
                0x0000000008001b2c                HAL_InitTick
 .text.NMI_Handler
                0x0000000008001bdc        0xe Core/Src/stm32f4xx_it.o
                0x0000000008001bdc                NMI_Handler
 .text.HardFault_Handler
                0x0000000008001bea        0x6 Core/Src/stm32f4xx_it.o
                0x0000000008001bea                HardFault_Handler
 .text.MemManage_Handler
                0x0000000008001bf0        0x6 Core/Src/stm32f4xx_it.o
                0x0000000008001bf0                MemManage_Handler
 .text.BusFault_Handler
                0x0000000008001bf6        0x6 Core/Src/stm32f4xx_it.o
                0x0000000008001bf6                BusFault_Handler
 .text.UsageFault_Handler
                0x0000000008001bfc        0x6 Core/Src/stm32f4xx_it.o
                0x0000000008001bfc                UsageFault_Handler
 .text.DebugMon_Handler
                0x0000000008001c02        0xe Core/Src/stm32f4xx_it.o
                0x0000000008001c02                DebugMon_Handler
 .text.SDIO_IRQHandler
                0x0000000008001c10       0x14 Core/Src/stm32f4xx_it.o
                0x0000000008001c10                SDIO_IRQHandler
 .text.TIM6_DAC_IRQHandler
                0x0000000008001c24       0x14 Core/Src/stm32f4xx_it.o
                0x0000000008001c24                TIM6_DAC_IRQHandler
 .text.DMA2_Stream2_IRQHandler
                0x0000000008001c38       0x14 Core/Src/stm32f4xx_it.o
                0x0000000008001c38                DMA2_Stream2_IRQHandler
 .text.DMA2_Stream3_IRQHandler
                0x0000000008001c4c       0x14 Core/Src/stm32f4xx_it.o
                0x0000000008001c4c                DMA2_Stream3_IRQHandler
 .text.DMA2_Stream6_IRQHandler
                0x0000000008001c60       0x14 Core/Src/stm32f4xx_it.o
                0x0000000008001c60                DMA2_Stream6_IRQHandler
 .text.SystemInit
                0x0000000008001c74       0x2c Core/Src/system_stm32f4xx.o
                0x0000000008001c74                SystemInit
 .text.Reset_Handler
                0x0000000008001ca0       0x50 Core/Startup/startup_stm32f405rgtx.o
                0x0000000008001ca0                Reset_Handler
 .text.Default_Handler
                0x0000000008001cf0        0x2 Core/Startup/startup_stm32f405rgtx.o
                0x0000000008001cf0                RTC_Alarm_IRQHandler
                0x0000000008001cf0                HASH_RNG_IRQHandler
                0x0000000008001cf0                EXTI2_IRQHandler
                0x0000000008001cf0                TIM8_CC_IRQHandler
                0x0000000008001cf0                TIM1_CC_IRQHandler
                0x0000000008001cf0                DMA2_Stream5_IRQHandler
                0x0000000008001cf0                DMA1_Stream5_IRQHandler
                0x0000000008001cf0                PVD_IRQHandler
                0x0000000008001cf0                TAMP_STAMP_IRQHandler
                0x0000000008001cf0                CAN2_RX1_IRQHandler
                0x0000000008001cf0                EXTI3_IRQHandler
                0x0000000008001cf0                TIM8_TRG_COM_TIM14_IRQHandler
                0x0000000008001cf0                TIM1_UP_TIM10_IRQHandler
                0x0000000008001cf0                TIM8_UP_TIM13_IRQHandler
                0x0000000008001cf0                I2C3_ER_IRQHandler
                0x0000000008001cf0                EXTI0_IRQHandler
                0x0000000008001cf0                I2C2_EV_IRQHandler
                0x0000000008001cf0                DMA1_Stream2_IRQHandler
                0x0000000008001cf0                CAN1_RX0_IRQHandler
                0x0000000008001cf0                FPU_IRQHandler
                0x0000000008001cf0                OTG_HS_WKUP_IRQHandler
                0x0000000008001cf0                CAN2_SCE_IRQHandler
                0x0000000008001cf0                SPI1_IRQHandler
                0x0000000008001cf0                TIM1_BRK_TIM9_IRQHandler
                0x0000000008001cf0                CAN2_RX0_IRQHandler
                0x0000000008001cf0                USART6_IRQHandler
                0x0000000008001cf0                USART3_IRQHandler
                0x0000000008001cf0                CAN1_RX1_IRQHandler
                0x0000000008001cf0                UART5_IRQHandler
                0x0000000008001cf0                DMA2_Stream0_IRQHandler
                0x0000000008001cf0                TIM4_IRQHandler
                0x0000000008001cf0                I2C1_EV_IRQHandler
                0x0000000008001cf0                DMA1_Stream6_IRQHandler
                0x0000000008001cf0                DMA1_Stream1_IRQHandler
                0x0000000008001cf0                UART4_IRQHandler
                0x0000000008001cf0                TIM3_IRQHandler
                0x0000000008001cf0                RCC_IRQHandler
                0x0000000008001cf0                TIM8_BRK_TIM12_IRQHandler
                0x0000000008001cf0                Default_Handler
                0x0000000008001cf0                EXTI15_10_IRQHandler
                0x0000000008001cf0                ADC_IRQHandler
                0x0000000008001cf0                DMA1_Stream7_IRQHandler
                0x0000000008001cf0                TIM7_IRQHandler
                0x0000000008001cf0                CAN2_TX_IRQHandler
                0x0000000008001cf0                TIM5_IRQHandler
                0x0000000008001cf0                DMA2_Stream7_IRQHandler
                0x0000000008001cf0                I2C3_EV_IRQHandler
                0x0000000008001cf0                EXTI9_5_IRQHandler
                0x0000000008001cf0                RTC_WKUP_IRQHandler
                0x0000000008001cf0                SPI2_IRQHandler
                0x0000000008001cf0                OTG_HS_EP1_IN_IRQHandler
                0x0000000008001cf0                DMA1_Stream0_IRQHandler
                0x0000000008001cf0                CAN1_TX_IRQHandler
                0x0000000008001cf0                EXTI4_IRQHandler
                0x0000000008001cf0                FSMC_IRQHandler
                0x0000000008001cf0                OTG_HS_EP1_OUT_IRQHandler
                0x0000000008001cf0                WWDG_IRQHandler
                0x0000000008001cf0                TIM2_IRQHandler
                0x0000000008001cf0                OTG_FS_WKUP_IRQHandler
                0x0000000008001cf0                TIM1_TRG_COM_TIM11_IRQHandler
                0x0000000008001cf0                OTG_HS_IRQHandler
                0x0000000008001cf0                EXTI1_IRQHandler
                0x0000000008001cf0                USART2_IRQHandler
                0x0000000008001cf0                I2C2_ER_IRQHandler
                0x0000000008001cf0                DMA2_Stream1_IRQHandler
                0x0000000008001cf0                CAN1_SCE_IRQHandler
                0x0000000008001cf0                FLASH_IRQHandler
                0x0000000008001cf0                DMA2_Stream4_IRQHandler
                0x0000000008001cf0                USART1_IRQHandler
                0x0000000008001cf0                OTG_FS_IRQHandler
                0x0000000008001cf0                SPI3_IRQHandler
                0x0000000008001cf0                DMA1_Stream4_IRQHandler
                0x0000000008001cf0                I2C1_ER_IRQHandler
                0x0000000008001cf0                DMA1_Stream3_IRQHandler
 *fill*         0x0000000008001cf2        0x2 
 .text.HAL_Init
                0x0000000008001cf4       0x44 Drivers/STM32F4xx_HAL_Driver/Src/stm32f4xx_hal.o
                0x0000000008001cf4                HAL_Init
 .text.HAL_IncTick
                0x0000000008001d38       0x28 Drivers/STM32F4xx_HAL_Driver/Src/stm32f4xx_hal.o
                0x0000000008001d38                HAL_IncTick
 .text.HAL_GetTick
                0x0000000008001d60       0x18 Drivers/STM32F4xx_HAL_Driver/Src/stm32f4xx_hal.o
                0x0000000008001d60                HAL_GetTick
 .text.HAL_Delay
                0x0000000008001d78       0x44 Drivers/STM32F4xx_HAL_Driver/Src/stm32f4xx_hal.o
                0x0000000008001d78                HAL_Delay
 .text.HAL_CAN_Init
                0x0000000008001dbc      0x1f6 Drivers/STM32F4xx_HAL_Driver/Src/stm32f4xx_hal_can.o
                0x0000000008001dbc                HAL_CAN_Init
 *fill*         0x0000000008001fb2        0x2 
 .text.HAL_CAN_ConfigFilter
                0x0000000008001fb4      0x1c0 Drivers/STM32F4xx_HAL_Driver/Src/stm32f4xx_hal_can.o
                0x0000000008001fb4                HAL_CAN_ConfigFilter
 .text.HAL_CAN_AddTxMessage
                0x0000000008002174      0x1b6 Drivers/STM32F4xx_HAL_Driver/Src/stm32f4xx_hal_can.o
                0x0000000008002174                HAL_CAN_AddTxMessage
 .text.HAL_CAN_GetRxMessage
                0x000000000800232a      0x224 Drivers/STM32F4xx_HAL_Driver/Src/stm32f4xx_hal_can.o
                0x000000000800232a                HAL_CAN_GetRxMessage
 .text.HAL_CAN_GetRxFifoFillLevel
                0x000000000800254e       0x50 Drivers/STM32F4xx_HAL_Driver/Src/stm32f4xx_hal_can.o
                0x000000000800254e                HAL_CAN_GetRxFifoFillLevel
 *fill*         0x000000000800259e        0x2 
 .text.__NVIC_SetPriorityGrouping
                0x00000000080025a0       0x48 Drivers/STM32F4xx_HAL_Driver/Src/stm32f4xx_hal_cortex.o
 .text.__NVIC_GetPriorityGrouping
                0x00000000080025e8       0x1c Drivers/STM32F4xx_HAL_Driver/Src/stm32f4xx_hal_cortex.o
 .text.__NVIC_EnableIRQ
                0x0000000008002604       0x3c Drivers/STM32F4xx_HAL_Driver/Src/stm32f4xx_hal_cortex.o
 .text.__NVIC_SetPriority
                0x0000000008002640       0x54 Drivers/STM32F4xx_HAL_Driver/Src/stm32f4xx_hal_cortex.o
 .text.NVIC_EncodePriority
                0x0000000008002694       0x66 Drivers/STM32F4xx_HAL_Driver/Src/stm32f4xx_hal_cortex.o
 .text.HAL_NVIC_SetPriorityGrouping
                0x00000000080026fa       0x16 Drivers/STM32F4xx_HAL_Driver/Src/stm32f4xx_hal_cortex.o
                0x00000000080026fa                HAL_NVIC_SetPriorityGrouping
 .text.HAL_NVIC_SetPriority
                0x0000000008002710       0x38 Drivers/STM32F4xx_HAL_Driver/Src/stm32f4xx_hal_cortex.o
                0x0000000008002710                HAL_NVIC_SetPriority
 .text.HAL_NVIC_EnableIRQ
                0x0000000008002748       0x1c Drivers/STM32F4xx_HAL_Driver/Src/stm32f4xx_hal_cortex.o
                0x0000000008002748                HAL_NVIC_EnableIRQ
 .text.HAL_CRC_Init
                0x0000000008002764       0x38 Drivers/STM32F4xx_HAL_Driver/Src/stm32f4xx_hal_crc.o
                0x0000000008002764                HAL_CRC_Init
 .text.HAL_CRC_Calculate
                0x000000000800279c       0x66 Drivers/STM32F4xx_HAL_Driver/Src/stm32f4xx_hal_crc.o
                0x000000000800279c                HAL_CRC_Calculate
 *fill*         0x0000000008002802        0x2 
 .text.HAL_DMA_Init
                0x0000000008002804      0x15c Drivers/STM32F4xx_HAL_Driver/Src/stm32f4xx_hal_dma.o
                0x0000000008002804                HAL_DMA_Init
 .text.HAL_DMA_Start_IT
                0x0000000008002960       0xb0 Drivers/STM32F4xx_HAL_Driver/Src/stm32f4xx_hal_dma.o
                0x0000000008002960                HAL_DMA_Start_IT
 .text.HAL_DMA_Abort_IT
                0x0000000008002a10       0x44 Drivers/STM32F4xx_HAL_Driver/Src/stm32f4xx_hal_dma.o
                0x0000000008002a10                HAL_DMA_Abort_IT
 .text.HAL_DMA_IRQHandler
                0x0000000008002a54      0x314 Drivers/STM32F4xx_HAL_Driver/Src/stm32f4xx_hal_dma.o
                0x0000000008002a54                HAL_DMA_IRQHandler
 .text.HAL_DMA_GetError
                0x0000000008002d68       0x18 Drivers/STM32F4xx_HAL_Driver/Src/stm32f4xx_hal_dma.o
                0x0000000008002d68                HAL_DMA_GetError
 .text.DMA_SetConfig
                0x0000000008002d80       0x5c Drivers/STM32F4xx_HAL_Driver/Src/stm32f4xx_hal_dma.o
 .text.DMA_CalcBaseAndBitshift
                0x0000000008002ddc       0x6c Drivers/STM32F4xx_HAL_Driver/Src/stm32f4xx_hal_dma.o
 .text.DMA_CheckFifoParam
                0x0000000008002e48       0xf4 Drivers/STM32F4xx_HAL_Driver/Src/stm32f4xx_hal_dma.o
 .text.HAL_GPIO_Init
                0x0000000008002f3c      0x334 Drivers/STM32F4xx_HAL_Driver/Src/stm32f4xx_hal_gpio.o
                0x0000000008002f3c                HAL_GPIO_Init
 .text.HAL_GPIO_WritePin
                0x0000000008003270       0x32 Drivers/STM32F4xx_HAL_Driver/Src/stm32f4xx_hal_gpio.o
                0x0000000008003270                HAL_GPIO_WritePin
 .text.HAL_IWDG_Init
                0x00000000080032a2       0x72 Drivers/STM32F4xx_HAL_Driver/Src/stm32f4xx_hal_iwdg.o
                0x00000000080032a2                HAL_IWDG_Init
 .text.HAL_IWDG_Refresh
                0x0000000008003314       0x20 Drivers/STM32F4xx_HAL_Driver/Src/stm32f4xx_hal_iwdg.o
                0x0000000008003314                HAL_IWDG_Refresh
 .text.HAL_RCC_OscConfig
                0x0000000008003334      0x4e0 Drivers/STM32F4xx_HAL_Driver/Src/stm32f4xx_hal_rcc.o
                0x0000000008003334                HAL_RCC_OscConfig
 .text.HAL_RCC_ClockConfig
                0x0000000008003814      0x1cc Drivers/STM32F4xx_HAL_Driver/Src/stm32f4xx_hal_rcc.o
                0x0000000008003814                HAL_RCC_ClockConfig
 .text.HAL_RCC_GetSysClockFreq
                0x00000000080039e0      0x164 Drivers/STM32F4xx_HAL_Driver/Src/stm32f4xx_hal_rcc.o
                0x00000000080039e0                HAL_RCC_GetSysClockFreq
 .text.HAL_RCC_GetHCLKFreq
                0x0000000008003b44       0x18 Drivers/STM32F4xx_HAL_Driver/Src/stm32f4xx_hal_rcc.o
                0x0000000008003b44                HAL_RCC_GetHCLKFreq
 .text.HAL_RCC_GetPCLK1Freq
                0x0000000008003b5c       0x28 Drivers/STM32F4xx_HAL_Driver/Src/stm32f4xx_hal_rcc.o
                0x0000000008003b5c                HAL_RCC_GetPCLK1Freq
 .text.HAL_RCC_GetPCLK2Freq
                0x0000000008003b84       0x28 Drivers/STM32F4xx_HAL_Driver/Src/stm32f4xx_hal_rcc.o
                0x0000000008003b84                HAL_RCC_GetPCLK2Freq
 .text.HAL_RCC_GetClockConfig
                0x0000000008003bac       0x64 Drivers/STM32F4xx_HAL_Driver/Src/stm32f4xx_hal_rcc.o
                0x0000000008003bac                HAL_RCC_GetClockConfig
 .text.HAL_SD_Init
                0x0000000008003c10       0x60 Drivers/STM32F4xx_HAL_Driver/Src/stm32f4xx_hal_sd.o
                0x0000000008003c10                HAL_SD_Init
 .text.HAL_SD_InitCard
                0x0000000008003c70       0xc0 Drivers/STM32F4xx_HAL_Driver/Src/stm32f4xx_hal_sd.o
                0x0000000008003c70                HAL_SD_InitCard
 .text.HAL_SD_ReadBlocks_DMA
                0x0000000008003d30      0x1d4 Drivers/STM32F4xx_HAL_Driver/Src/stm32f4xx_hal_sd.o
                0x0000000008003d30                HAL_SD_ReadBlocks_DMA
 .text.HAL_SD_WriteBlocks_DMA
                0x0000000008003f04      0x1e0 Drivers/STM32F4xx_HAL_Driver/Src/stm32f4xx_hal_sd.o
                0x0000000008003f04                HAL_SD_WriteBlocks_DMA
 .text.HAL_SD_IRQHandler
                0x00000000080040e4      0x30c Drivers/STM32F4xx_HAL_Driver/Src/stm32f4xx_hal_sd.o
                0x00000000080040e4                HAL_SD_IRQHandler
 .text.HAL_SD_ErrorCallback
                0x00000000080043f0       0x14 Drivers/STM32F4xx_HAL_Driver/Src/stm32f4xx_hal_sd.o
                0x00000000080043f0                HAL_SD_ErrorCallback
 .text.HAL_SD_GetCardCSD
                0x0000000008004404      0x348 Drivers/STM32F4xx_HAL_Driver/Src/stm32f4xx_hal_sd.o
                0x0000000008004404                HAL_SD_GetCardCSD
 .text.HAL_SD_GetCardInfo
                0x000000000800474c       0x58 Drivers/STM32F4xx_HAL_Driver/Src/stm32f4xx_hal_sd.o
                0x000000000800474c                HAL_SD_GetCardInfo
 .text.HAL_SD_ConfigWideBusOperation
                0x00000000080047a4       0xf8 Drivers/STM32F4xx_HAL_Driver/Src/stm32f4xx_hal_sd.o
                0x00000000080047a4                HAL_SD_ConfigWideBusOperation
 .text.HAL_SD_GetCardState
                0x000000000800489c       0x40 Drivers/STM32F4xx_HAL_Driver/Src/stm32f4xx_hal_sd.o
                0x000000000800489c                HAL_SD_GetCardState
 .text.SD_DMATransmitCplt
                0x00000000080048dc       0x2a Drivers/STM32F4xx_HAL_Driver/Src/stm32f4xx_hal_sd.o
 .text.SD_DMAReceiveCplt
                0x0000000008004906       0x70 Drivers/STM32F4xx_HAL_Driver/Src/stm32f4xx_hal_sd.o
 *fill*         0x0000000008004976        0x2 
 .text.SD_DMAError
                0x0000000008004978       0xa4 Drivers/STM32F4xx_HAL_Driver/Src/stm32f4xx_hal_sd.o
 .text.SD_DMATxAbort
                0x0000000008004a1c       0x6e Drivers/STM32F4xx_HAL_Driver/Src/stm32f4xx_hal_sd.o
 .text.SD_DMARxAbort
                0x0000000008004a8a       0x6e Drivers/STM32F4xx_HAL_Driver/Src/stm32f4xx_hal_sd.o
 .text.SD_InitCard
                0x0000000008004af8      0x19a Drivers/STM32F4xx_HAL_Driver/Src/stm32f4xx_hal_sd.o
 *fill*         0x0000000008004c92        0x2 
 .text.SD_PowerON
                0x0000000008004c94      0x11c Drivers/STM32F4xx_HAL_Driver/Src/stm32f4xx_hal_sd.o
 .text.SD_SendStatus
                0x0000000008004db0       0x50 Drivers/STM32F4xx_HAL_Driver/Src/stm32f4xx_hal_sd.o
 .text.SD_WideBus_Enable
                0x0000000008004e00       0x96 Drivers/STM32F4xx_HAL_Driver/Src/stm32f4xx_hal_sd.o
 .text.SD_WideBus_Disable
                0x0000000008004e96       0x96 Drivers/STM32F4xx_HAL_Driver/Src/stm32f4xx_hal_sd.o
 .text.SD_FindSCR
                0x0000000008004f2c      0x194 Drivers/STM32F4xx_HAL_Driver/Src/stm32f4xx_hal_sd.o
 .text.SD_Read_IT
                0x00000000080050c0       0xa2 Drivers/STM32F4xx_HAL_Driver/Src/stm32f4xx_hal_sd.o
 .text.SD_Write_IT
                0x0000000008005162       0xaa Drivers/STM32F4xx_HAL_Driver/Src/stm32f4xx_hal_sd.o
 .text.HAL_SPI_Init
                0x000000000800520c       0xc8 Drivers/STM32F4xx_HAL_Driver/Src/stm32f4xx_hal_spi.o
                0x000000000800520c                HAL_SPI_Init
 .text.HAL_TIM_Base_Init
                0x00000000080052d4       0x56 Drivers/STM32F4xx_HAL_Driver/Src/stm32f4xx_hal_tim.o
                0x00000000080052d4                HAL_TIM_Base_Init
 .text.HAL_TIM_Base_MspInit
                0x000000000800532a       0x14 Drivers/STM32F4xx_HAL_Driver/Src/stm32f4xx_hal_tim.o
                0x000000000800532a                HAL_TIM_Base_MspInit
 .text.HAL_TIM_Base_Start_IT
                0x000000000800533e       0x48 Drivers/STM32F4xx_HAL_Driver/Src/stm32f4xx_hal_tim.o
                0x000000000800533e                HAL_TIM_Base_Start_IT
 .text.HAL_TIM_IRQHandler
                0x0000000008005386      0x210 Drivers/STM32F4xx_HAL_Driver/Src/stm32f4xx_hal_tim.o
                0x0000000008005386                HAL_TIM_IRQHandler
 .text.HAL_TIM_OC_DelayElapsedCallback
                0x0000000008005596       0x14 Drivers/STM32F4xx_HAL_Driver/Src/stm32f4xx_hal_tim.o
                0x0000000008005596                HAL_TIM_OC_DelayElapsedCallback
 .text.HAL_TIM_IC_CaptureCallback
                0x00000000080055aa       0x14 Drivers/STM32F4xx_HAL_Driver/Src/stm32f4xx_hal_tim.o
                0x00000000080055aa                HAL_TIM_IC_CaptureCallback
 .text.HAL_TIM_PWM_PulseFinishedCallback
                0x00000000080055be       0x14 Drivers/STM32F4xx_HAL_Driver/Src/stm32f4xx_hal_tim.o
                0x00000000080055be                HAL_TIM_PWM_PulseFinishedCallback
 .text.HAL_TIM_TriggerCallback
                0x00000000080055d2       0x14 Drivers/STM32F4xx_HAL_Driver/Src/stm32f4xx_hal_tim.o
                0x00000000080055d2                HAL_TIM_TriggerCallback
 *fill*         0x00000000080055e6        0x2 
 .text.TIM_Base_SetConfig
                0x00000000080055e8      0x140 Drivers/STM32F4xx_HAL_Driver/Src/stm32f4xx_hal_tim.o
                0x00000000080055e8                TIM_Base_SetConfig
 .text.HAL_TIMEx_CommutCallback
                0x0000000008005728       0x14 Drivers/STM32F4xx_HAL_Driver/Src/stm32f4xx_hal_tim_ex.o
                0x0000000008005728                HAL_TIMEx_CommutCallback
 .text.HAL_TIMEx_BreakCallback
                0x000000000800573c       0x14 Drivers/STM32F4xx_HAL_Driver/Src/stm32f4xx_hal_tim_ex.o
                0x000000000800573c                HAL_TIMEx_BreakCallback
 .text.HAL_UART_Init
                0x0000000008005750       0x9a Drivers/STM32F4xx_HAL_Driver/Src/stm32f4xx_hal_uart.o
                0x0000000008005750                HAL_UART_Init
 .text.HAL_UART_Transmit
                0x00000000080057ea      0x132 Drivers/STM32F4xx_HAL_Driver/Src/stm32f4xx_hal_uart.o
                0x00000000080057ea                HAL_UART_Transmit
 .text.HAL_UART_Receive
                0x000000000800591c      0x14c Drivers/STM32F4xx_HAL_Driver/Src/stm32f4xx_hal_uart.o
                0x000000000800591c                HAL_UART_Receive
 .text.HAL_UART_Receive_DMA
                0x0000000008005a68      0x100 Drivers/STM32F4xx_HAL_Driver/Src/stm32f4xx_hal_uart.o
                0x0000000008005a68                HAL_UART_Receive_DMA
 .text.HAL_UART_RxHalfCpltCallback
                0x0000000008005b68       0x14 Drivers/STM32F4xx_HAL_Driver/Src/stm32f4xx_hal_uart.o
                0x0000000008005b68                HAL_UART_RxHalfCpltCallback
 .text.HAL_UART_ErrorCallback
                0x0000000008005b7c       0x14 Drivers/STM32F4xx_HAL_Driver/Src/stm32f4xx_hal_uart.o
                0x0000000008005b7c                HAL_UART_ErrorCallback
 .text.UART_DMAReceiveCplt
                0x0000000008005b90       0x68 Drivers/STM32F4xx_HAL_Driver/Src/stm32f4xx_hal_uart.o
 .text.UART_DMARxHalfCplt
                0x0000000008005bf8       0x1c Drivers/STM32F4xx_HAL_Driver/Src/stm32f4xx_hal_uart.o
 .text.UART_DMAError
                0x0000000008005c14       0x94 Drivers/STM32F4xx_HAL_Driver/Src/stm32f4xx_hal_uart.o
 .text.UART_WaitOnFlagUntilTimeout
                0x0000000008005ca8       0x94 Drivers/STM32F4xx_HAL_Driver/Src/stm32f4xx_hal_uart.o
 .text.UART_EndTxTransfer
                0x0000000008005d3c       0x2c Drivers/STM32F4xx_HAL_Driver/Src/stm32f4xx_hal_uart.o
 .text.UART_EndRxTransfer
                0x0000000008005d68       0x3c Drivers/STM32F4xx_HAL_Driver/Src/stm32f4xx_hal_uart.o
 .text.UART_SetConfig
                0x0000000008005da4      0x6f8 Drivers/STM32F4xx_HAL_Driver/Src/stm32f4xx_hal_uart.o
 .text.SDIO_Init
                0x000000000800649c       0x56 Drivers/STM32F4xx_HAL_Driver/Src/stm32f4xx_ll_sdmmc.o
                0x000000000800649c                SDIO_Init
 .text.SDIO_ReadFIFO
                0x00000000080064f2       0x1a Drivers/STM32F4xx_HAL_Driver/Src/stm32f4xx_ll_sdmmc.o
                0x00000000080064f2                SDIO_ReadFIFO
 .text.SDIO_WriteFIFO
                0x000000000800650c       0x22 Drivers/STM32F4xx_HAL_Driver/Src/stm32f4xx_ll_sdmmc.o
                0x000000000800650c                SDIO_WriteFIFO
 .text.SDIO_PowerState_ON
                0x000000000800652e       0x1e Drivers/STM32F4xx_HAL_Driver/Src/stm32f4xx_ll_sdmmc.o
                0x000000000800652e                SDIO_PowerState_ON
 .text.SDIO_GetPowerState
                0x000000000800654c       0x1c Drivers/STM32F4xx_HAL_Driver/Src/stm32f4xx_ll_sdmmc.o
                0x000000000800654c                SDIO_GetPowerState
 .text.SDIO_SendCommand
                0x0000000008006568       0x54 Drivers/STM32F4xx_HAL_Driver/Src/stm32f4xx_ll_sdmmc.o
                0x0000000008006568                SDIO_SendCommand
 .text.SDIO_GetCommandResponse
                0x00000000080065bc       0x1a Drivers/STM32F4xx_HAL_Driver/Src/stm32f4xx_ll_sdmmc.o
                0x00000000080065bc                SDIO_GetCommandResponse
 .text.SDIO_GetResponse
                0x00000000080065d6       0x26 Drivers/STM32F4xx_HAL_Driver/Src/stm32f4xx_ll_sdmmc.o
                0x00000000080065d6                SDIO_GetResponse
 .text.SDIO_ConfigData
                0x00000000080065fc       0x58 Drivers/STM32F4xx_HAL_Driver/Src/stm32f4xx_ll_sdmmc.o
                0x00000000080065fc                SDIO_ConfigData
 .text.SDMMC_CmdBlockLength
                0x0000000008006654       0x44 Drivers/STM32F4xx_HAL_Driver/Src/stm32f4xx_ll_sdmmc.o
                0x0000000008006654                SDMMC_CmdBlockLength
 .text.SDMMC_CmdReadSingleBlock
                0x0000000008006698       0x44 Drivers/STM32F4xx_HAL_Driver/Src/stm32f4xx_ll_sdmmc.o
                0x0000000008006698                SDMMC_CmdReadSingleBlock
 .text.SDMMC_CmdReadMultiBlock
                0x00000000080066dc       0x44 Drivers/STM32F4xx_HAL_Driver/Src/stm32f4xx_ll_sdmmc.o
                0x00000000080066dc                SDMMC_CmdReadMultiBlock
 .text.SDMMC_CmdWriteSingleBlock
                0x0000000008006720       0x44 Drivers/STM32F4xx_HAL_Driver/Src/stm32f4xx_ll_sdmmc.o
                0x0000000008006720                SDMMC_CmdWriteSingleBlock
 .text.SDMMC_CmdWriteMultiBlock
                0x0000000008006764       0x44 Drivers/STM32F4xx_HAL_Driver/Src/stm32f4xx_ll_sdmmc.o
                0x0000000008006764                SDMMC_CmdWriteMultiBlock
 .text.SDMMC_CmdStopTransfer
                0x00000000080067a8       0x44 Drivers/STM32F4xx_HAL_Driver/Src/stm32f4xx_ll_sdmmc.o
                0x00000000080067a8                SDMMC_CmdStopTransfer
 .text.SDMMC_CmdSelDesel
                0x00000000080067ec       0x46 Drivers/STM32F4xx_HAL_Driver/Src/stm32f4xx_ll_sdmmc.o
                0x00000000080067ec                SDMMC_CmdSelDesel
 .text.SDMMC_CmdGoIdleState
                0x0000000008006832       0x3c Drivers/STM32F4xx_HAL_Driver/Src/stm32f4xx_ll_sdmmc.o
                0x0000000008006832                SDMMC_CmdGoIdleState
 .text.SDMMC_CmdOperCond
                0x000000000800686e       0x3e Drivers/STM32F4xx_HAL_Driver/Src/stm32f4xx_ll_sdmmc.o
                0x000000000800686e                SDMMC_CmdOperCond
 .text.SDMMC_CmdAppCommand
                0x00000000080068ac       0x44 Drivers/STM32F4xx_HAL_Driver/Src/stm32f4xx_ll_sdmmc.o
                0x00000000080068ac                SDMMC_CmdAppCommand
 .text.SDMMC_CmdAppOperCommand
                0x00000000080068f0       0x46 Drivers/STM32F4xx_HAL_Driver/Src/stm32f4xx_ll_sdmmc.o
                0x00000000080068f0                SDMMC_CmdAppOperCommand
 .text.SDMMC_CmdBusWidth
                0x0000000008006936       0x44 Drivers/STM32F4xx_HAL_Driver/Src/stm32f4xx_ll_sdmmc.o
                0x0000000008006936                SDMMC_CmdBusWidth
 .text.SDMMC_CmdSendSCR
                0x000000000800697a       0x42 Drivers/STM32F4xx_HAL_Driver/Src/stm32f4xx_ll_sdmmc.o
                0x000000000800697a                SDMMC_CmdSendSCR
 .text.SDMMC_CmdSendCID
                0x00000000080069bc       0x3c Drivers/STM32F4xx_HAL_Driver/Src/stm32f4xx_ll_sdmmc.o
                0x00000000080069bc                SDMMC_CmdSendCID
 .text.SDMMC_CmdSendCSD
                0x00000000080069f8       0x3e Drivers/STM32F4xx_HAL_Driver/Src/stm32f4xx_ll_sdmmc.o
                0x00000000080069f8                SDMMC_CmdSendCSD
 .text.SDMMC_CmdSetRelAdd
                0x0000000008006a36       0x42 Drivers/STM32F4xx_HAL_Driver/Src/stm32f4xx_ll_sdmmc.o
                0x0000000008006a36                SDMMC_CmdSetRelAdd
 .text.SDMMC_CmdSendStatus
                0x0000000008006a78       0x44 Drivers/STM32F4xx_HAL_Driver/Src/stm32f4xx_ll_sdmmc.o
                0x0000000008006a78                SDMMC_CmdSendStatus
 .text.SDMMC_GetCmdError
                0x0000000008006abc       0x50 Drivers/STM32F4xx_HAL_Driver/Src/stm32f4xx_ll_sdmmc.o
 .text.SDMMC_GetCmdResp1
                0x0000000008006b0c      0x1d8 Drivers/STM32F4xx_HAL_Driver/Src/stm32f4xx_ll_sdmmc.o
 .text.SDMMC_GetCmdResp2
                0x0000000008006ce4       0x8c Drivers/STM32F4xx_HAL_Driver/Src/stm32f4xx_ll_sdmmc.o
 .text.SDMMC_GetCmdResp3
                0x0000000008006d70       0x74 Drivers/STM32F4xx_HAL_Driver/Src/stm32f4xx_ll_sdmmc.o
 .text.SDMMC_GetCmdResp6
                0x0000000008006de4       0xe8 Drivers/STM32F4xx_HAL_Driver/Src/stm32f4xx_ll_sdmmc.o
 .text.SDMMC_GetCmdResp7
                0x0000000008006ecc       0x98 Drivers/STM32F4xx_HAL_Driver/Src/stm32f4xx_ll_sdmmc.o
 .text.MX_FATFS_Init
                0x0000000008006f64       0x24 FATFS/App/fatfs.o
                0x0000000008006f64                MX_FATFS_Init
 .text.get_fattime
                0x0000000008006f88       0x10 FATFS/App/fatfs.o
                0x0000000008006f88                get_fattime
 .text.BSP_SD_Init
                0x0000000008006f98       0x4c FATFS/Target/bsp_driver_sd.o
                0x0000000008006f98                BSP_SD_Init
 .text.BSP_SD_ReadBlocks_DMA
                0x0000000008006fe4       0x34 FATFS/Target/bsp_driver_sd.o
                0x0000000008006fe4                BSP_SD_ReadBlocks_DMA
 .text.BSP_SD_WriteBlocks_DMA
                0x0000000008007018       0x34 FATFS/Target/bsp_driver_sd.o
                0x0000000008007018                BSP_SD_WriteBlocks_DMA
 .text.BSP_SD_GetCardState
                0x000000000800704c       0x20 FATFS/Target/bsp_driver_sd.o
                0x000000000800704c                BSP_SD_GetCardState
 .text.BSP_SD_GetCardInfo
                0x000000000800706c       0x1c FATFS/Target/bsp_driver_sd.o
                0x000000000800706c                BSP_SD_GetCardInfo
 .text.HAL_SD_AbortCallback
                0x0000000008007088       0x14 FATFS/Target/bsp_driver_sd.o
                0x0000000008007088                HAL_SD_AbortCallback
 .text.HAL_SD_TxCpltCallback
                0x000000000800709c       0x14 FATFS/Target/bsp_driver_sd.o
                0x000000000800709c                HAL_SD_TxCpltCallback
 .text.HAL_SD_RxCpltCallback
                0x00000000080070b0       0x14 FATFS/Target/bsp_driver_sd.o
                0x00000000080070b0                HAL_SD_RxCpltCallback
 .text.BSP_SD_AbortCallback
                0x00000000080070c4        0xe FATFS/Target/bsp_driver_sd.o
                0x00000000080070c4                BSP_SD_AbortCallback
 .text.BSP_SD_IsDetected
                0x00000000080070d2       0x1a FATFS/Target/bsp_driver_sd.o
                0x00000000080070d2                BSP_SD_IsDetected
 .text.SD_CheckStatusWithTimeout
                0x00000000080070ec       0x3a FATFS/Target/sd_diskio.o
 *fill*         0x0000000008007126        0x2 
 .text.SD_CheckStatus
                0x0000000008007128       0x3c FATFS/Target/sd_diskio.o
 .text.SD_initialize
                0x0000000008007164       0x98 FATFS/Target/sd_diskio.o
                0x0000000008007164                SD_initialize
 .text.SD_status
                0x00000000080071fc       0x1c FATFS/Target/sd_diskio.o
                0x00000000080071fc                SD_status
 .text.SD_read  0x0000000008007218       0x9c FATFS/Target/sd_diskio.o
                0x0000000008007218                SD_read
 .text.SD_write
                0x00000000080072b4       0x94 FATFS/Target/sd_diskio.o
                0x00000000080072b4                SD_write
 .text.SD_ioctl
                0x0000000008007348       0xb0 FATFS/Target/sd_diskio.o
                0x0000000008007348                SD_ioctl
 .text.BSP_SD_WriteCpltCallback
                0x00000000080073f8       0x1c FATFS/Target/sd_diskio.o
                0x00000000080073f8                BSP_SD_WriteCpltCallback
 .text.BSP_SD_ReadCpltCallback
                0x0000000008007414       0x1c FATFS/Target/sd_diskio.o
                0x0000000008007414                BSP_SD_ReadCpltCallback
 .text.disk_status
                0x0000000008007430       0x34 Middlewares/Third_Party/FatFs/src/diskio.o
                0x0000000008007430                disk_status
 .text.disk_initialize
                0x0000000008007464       0x4c Middlewares/Third_Party/FatFs/src/diskio.o
                0x0000000008007464                disk_initialize
 .text.disk_read
                0x00000000080074b0       0x40 Middlewares/Third_Party/FatFs/src/diskio.o
                0x00000000080074b0                disk_read
 .text.disk_write
                0x00000000080074f0       0x40 Middlewares/Third_Party/FatFs/src/diskio.o
                0x00000000080074f0                disk_write
 .text.disk_ioctl
                0x0000000008007530       0x3c Middlewares/Third_Party/FatFs/src/diskio.o
                0x0000000008007530                disk_ioctl
 .text.ld_word  0x000000000800756c       0x30 Middlewares/Third_Party/FatFs/src/ff.o
 .text.ld_dword
                0x000000000800759c       0x46 Middlewares/Third_Party/FatFs/src/ff.o
 .text.st_word  0x00000000080075e2       0x36 Middlewares/Third_Party/FatFs/src/ff.o
 .text.st_dword
                0x0000000008007618       0x58 Middlewares/Third_Party/FatFs/src/ff.o
 .text.mem_cpy  0x0000000008007670       0x42 Middlewares/Third_Party/FatFs/src/ff.o
 .text.mem_set  0x00000000080076b2       0x34 Middlewares/Third_Party/FatFs/src/ff.o
 .text.mem_cmp  0x00000000080076e6       0x4e Middlewares/Third_Party/FatFs/src/ff.o
 .text.chk_chr  0x0000000008007734       0x36 Middlewares/Third_Party/FatFs/src/ff.o
 .text.lock_fs  0x000000000800776a       0x2c Middlewares/Third_Party/FatFs/src/ff.o
 .text.unlock_fs
                0x0000000008007796       0x36 Middlewares/Third_Party/FatFs/src/ff.o
 .text.chk_lock
                0x00000000080077cc       0xb8 Middlewares/Third_Party/FatFs/src/ff.o
 .text.enq_lock
                0x0000000008007884       0x44 Middlewares/Third_Party/FatFs/src/ff.o
 .text.inc_lock
                0x00000000080078c8      0x11c Middlewares/Third_Party/FatFs/src/ff.o
 .text.dec_lock
                0x00000000080079e4       0x78 Middlewares/Third_Party/FatFs/src/ff.o
 .text.clear_lock
                0x0000000008007a5c       0x48 Middlewares/Third_Party/FatFs/src/ff.o
 .text.sync_window
                0x0000000008007aa4       0x88 Middlewares/Third_Party/FatFs/src/ff.o
 .text.move_window
                0x0000000008007b2c       0x5a Middlewares/Third_Party/FatFs/src/ff.o
 *fill*         0x0000000008007b86        0x2 
 .text.sync_fs  0x0000000008007b88       0xe0 Middlewares/Third_Party/FatFs/src/ff.o
 .text.clust2sect
                0x0000000008007c68       0x3e Middlewares/Third_Party/FatFs/src/ff.o
 .text.get_fat  0x0000000008007ca6      0x1a0 Middlewares/Third_Party/FatFs/src/ff.o
 .text.put_fat  0x0000000008007e46      0x22e Middlewares/Third_Party/FatFs/src/ff.o
 .text.remove_chain
                0x0000000008008074       0xca Middlewares/Third_Party/FatFs/src/ff.o
 .text.create_chain
                0x000000000800813e      0x130 Middlewares/Third_Party/FatFs/src/ff.o
 .text.clmt_clust
                0x000000000800826e       0x70 Middlewares/Third_Party/FatFs/src/ff.o
 .text.dir_sdi  0x00000000080082de      0x112 Middlewares/Third_Party/FatFs/src/ff.o
 .text.dir_next
                0x00000000080083f0      0x1ac Middlewares/Third_Party/FatFs/src/ff.o
 .text.dir_alloc
                0x000000000800859c       0x8e Middlewares/Third_Party/FatFs/src/ff.o
 .text.ld_clust
                0x000000000800862a       0x3e Middlewares/Third_Party/FatFs/src/ff.o
 .text.st_clust
                0x0000000008008668       0x40 Middlewares/Third_Party/FatFs/src/ff.o
 .text.dir_find
                0x00000000080086a8       0xaa Middlewares/Third_Party/FatFs/src/ff.o
 .text.dir_register
                0x0000000008008752       0x64 Middlewares/Third_Party/FatFs/src/ff.o
 *fill*         0x00000000080087b6        0x2 
 .text.create_name
                0x00000000080087b8      0x128 Middlewares/Third_Party/FatFs/src/ff.o
 .text.follow_path
                0x00000000080088e0       0xec Middlewares/Third_Party/FatFs/src/ff.o
 .text.get_ldnumber
                0x00000000080089cc       0x88 Middlewares/Third_Party/FatFs/src/ff.o
 .text.check_fs
                0x0000000008008a54       0xac Middlewares/Third_Party/FatFs/src/ff.o
 .text.find_volume
                0x0000000008008b00      0x514 Middlewares/Third_Party/FatFs/src/ff.o
 .text.validate
                0x0000000008009014       0x8e Middlewares/Third_Party/FatFs/src/ff.o
 *fill*         0x00000000080090a2        0x2 
 .text.f_mount  0x00000000080090a4       0xc8 Middlewares/Third_Party/FatFs/src/ff.o
                0x00000000080090a4                f_mount
 .text.f_open   0x000000000800916c      0x3a6 Middlewares/Third_Party/FatFs/src/ff.o
                0x000000000800916c                f_open
 .text.f_write  0x0000000008009512      0x386 Middlewares/Third_Party/FatFs/src/ff.o
                0x0000000008009512                f_write
 .text.f_sync   0x0000000008009898      0x112 Middlewares/Third_Party/FatFs/src/ff.o
                0x0000000008009898                f_sync
 .text.f_close  0x00000000080099aa       0x5e Middlewares/Third_Party/FatFs/src/ff.o
                0x00000000080099aa                f_close
 .text.FATFS_LinkDriverEx
                0x0000000008009a08       0x98 Middlewares/Third_Party/FatFs/src/ff_gen_drv.o
                0x0000000008009a08                FATFS_LinkDriverEx
 .text.FATFS_LinkDriver
                0x0000000008009aa0       0x1e Middlewares/Third_Party/FatFs/src/ff_gen_drv.o
                0x0000000008009aa0                FATFS_LinkDriver
 .text.ff_cre_syncobj
                0x0000000008009abe       0x40 Middlewares/Third_Party/FatFs/src/option/syscall.o
                0x0000000008009abe                ff_cre_syncobj
 .text.ff_del_syncobj
                0x0000000008009afe       0x18 Middlewares/Third_Party/FatFs/src/option/syscall.o
                0x0000000008009afe                ff_del_syncobj
 .text.ff_req_grant
                0x0000000008009b16       0x2a Middlewares/Third_Party/FatFs/src/option/syscall.o
                0x0000000008009b16                ff_req_grant
 .text.ff_rel_grant
                0x0000000008009b40       0x16 Middlewares/Third_Party/FatFs/src/option/syscall.o
                0x0000000008009b40                ff_rel_grant
 .text.makeFreeRtosPriority
                0x0000000008009b56       0x30 Middlewares/Third_Party/FreeRTOS/Source/CMSIS_RTOS/cmsis_os.o
 .text.inHandlerMode
                0x0000000008009b86       0x24 Middlewares/Third_Party/FreeRTOS/Source/CMSIS_RTOS/cmsis_os.o
 .text.osKernelStart
                0x0000000008009baa        0xe Middlewares/Third_Party/FreeRTOS/Source/CMSIS_RTOS/cmsis_os.o
                0x0000000008009baa                osKernelStart
 .text.osKernelRunning
                0x0000000008009bb8       0x18 Middlewares/Third_Party/FreeRTOS/Source/CMSIS_RTOS/cmsis_os.o
                0x0000000008009bb8                osKernelRunning
 .text.osKernelSysTick
                0x0000000008009bd0       0x20 Middlewares/Third_Party/FreeRTOS/Source/CMSIS_RTOS/cmsis_os.o
                0x0000000008009bd0                osKernelSysTick
 .text.osThreadCreate
                0x0000000008009bf0       0x98 Middlewares/Third_Party/FreeRTOS/Source/CMSIS_RTOS/cmsis_os.o
                0x0000000008009bf0                osThreadCreate
 .text.osDelay  0x0000000008009c88       0x28 Middlewares/Third_Party/FreeRTOS/Source/CMSIS_RTOS/cmsis_os.o
                0x0000000008009c88                osDelay
 .text.osMutexCreate
                0x0000000008009cb0       0x30 Middlewares/Third_Party/FreeRTOS/Source/CMSIS_RTOS/cmsis_os.o
                0x0000000008009cb0                osMutexCreate
 .text.osMutexWait
                0x0000000008009ce0       0x9c Middlewares/Third_Party/FreeRTOS/Source/CMSIS_RTOS/cmsis_os.o
                0x0000000008009ce0                osMutexWait
 .text.osMutexRelease
                0x0000000008009d7c       0x6c Middlewares/Third_Party/FreeRTOS/Source/CMSIS_RTOS/cmsis_os.o
                0x0000000008009d7c                osMutexRelease
 .text.osSemaphoreCreate
                0x0000000008009de8       0x66 Middlewares/Third_Party/FreeRTOS/Source/CMSIS_RTOS/cmsis_os.o
                0x0000000008009de8                osSemaphoreCreate
 *fill*         0x0000000008009e4e        0x2 
 .text.osSemaphoreWait
                0x0000000008009e50       0x9c Middlewares/Third_Party/FreeRTOS/Source/CMSIS_RTOS/cmsis_os.o
                0x0000000008009e50                osSemaphoreWait
 .text.osSemaphoreRelease
                0x0000000008009eec       0x6c Middlewares/Third_Party/FreeRTOS/Source/CMSIS_RTOS/cmsis_os.o
                0x0000000008009eec                osSemaphoreRelease
 .text.osSemaphoreDelete
                0x0000000008009f58       0x26 Middlewares/Third_Party/FreeRTOS/Source/CMSIS_RTOS/cmsis_os.o
                0x0000000008009f58                osSemaphoreDelete
 .text.osMessageCreate
                0x0000000008009f7e       0x52 Middlewares/Third_Party/FreeRTOS/Source/CMSIS_RTOS/cmsis_os.o
                0x0000000008009f7e                osMessageCreate
 .text.osMessagePut
                0x0000000008009fd0       0x80 Middlewares/Third_Party/FreeRTOS/Source/CMSIS_RTOS/cmsis_os.o
                0x0000000008009fd0                osMessagePut
 .text.osMessageGet
                0x000000000800a050       0xe8 Middlewares/Third_Party/FreeRTOS/Source/CMSIS_RTOS/cmsis_os.o
                0x000000000800a050                osMessageGet
 .text.vListInitialise
                0x000000000800a138       0x40 Middlewares/Third_Party/FreeRTOS/Source/list.o
                0x000000000800a138                vListInitialise
 .text.vListInitialiseItem
                0x000000000800a178       0x1a Middlewares/Third_Party/FreeRTOS/Source/list.o
                0x000000000800a178                vListInitialiseItem
 .text.vListInsertEnd
                0x000000000800a192       0x48 Middlewares/Third_Party/FreeRTOS/Source/list.o
                0x000000000800a192                vListInsertEnd
 .text.vListInsert
                0x000000000800a1da       0x72 Middlewares/Third_Party/FreeRTOS/Source/list.o
                0x000000000800a1da                vListInsert
 .text.uxListRemove
                0x000000000800a24c       0x54 Middlewares/Third_Party/FreeRTOS/Source/list.o
                0x000000000800a24c                uxListRemove
 .text.xQueueGenericReset
                0x000000000800a2a0       0xd0 Middlewares/Third_Party/FreeRTOS/Source/queue.o
                0x000000000800a2a0                xQueueGenericReset
 .text.xQueueGenericCreateStatic
                0x000000000800a370       0xe6 Middlewares/Third_Party/FreeRTOS/Source/queue.o
                0x000000000800a370                xQueueGenericCreateStatic
 .text.xQueueGenericCreate
                0x000000000800a456       0x7e Middlewares/Third_Party/FreeRTOS/Source/queue.o
                0x000000000800a456                xQueueGenericCreate
 .text.prvInitialiseNewQueue
                0x000000000800a4d4       0x3e Middlewares/Third_Party/FreeRTOS/Source/queue.o
 .text.prvInitialiseMutex
                0x000000000800a512       0x34 Middlewares/Third_Party/FreeRTOS/Source/queue.o
 .text.xQueueCreateMutex
                0x000000000800a546       0x30 Middlewares/Third_Party/FreeRTOS/Source/queue.o
                0x000000000800a546                xQueueCreateMutex
 .text.xQueueCreateMutexStatic
                0x000000000800a576       0x36 Middlewares/Third_Party/FreeRTOS/Source/queue.o
                0x000000000800a576                xQueueCreateMutexStatic
 .text.xQueueGenericSend
                0x000000000800a5ac      0x1f4 Middlewares/Third_Party/FreeRTOS/Source/queue.o
                0x000000000800a5ac                xQueueGenericSend
 .text.xQueueGenericSendFromISR
                0x000000000800a7a0      0x128 Middlewares/Third_Party/FreeRTOS/Source/queue.o
                0x000000000800a7a0                xQueueGenericSendFromISR
 .text.xQueueGiveFromISR
                0x000000000800a8c8      0x112 Middlewares/Third_Party/FreeRTOS/Source/queue.o
                0x000000000800a8c8                xQueueGiveFromISR
 *fill*         0x000000000800a9da        0x2 
 .text.xQueueReceive
                0x000000000800a9dc      0x1b8 Middlewares/Third_Party/FreeRTOS/Source/queue.o
                0x000000000800a9dc                xQueueReceive
 .text.xQueueSemaphoreTake
                0x000000000800ab94      0x210 Middlewares/Third_Party/FreeRTOS/Source/queue.o
                0x000000000800ab94                xQueueSemaphoreTake
 .text.xQueueReceiveFromISR
                0x000000000800ada4       0xfa Middlewares/Third_Party/FreeRTOS/Source/queue.o
                0x000000000800ada4                xQueueReceiveFromISR
 .text.vQueueDelete
                0x000000000800ae9e       0x44 Middlewares/Third_Party/FreeRTOS/Source/queue.o
                0x000000000800ae9e                vQueueDelete
 .text.prvGetDisinheritPriorityAfterTimeout
                0x000000000800aee2       0x30 Middlewares/Third_Party/FreeRTOS/Source/queue.o
 .text.prvCopyDataToQueue
                0x000000000800af12       0xd4 Middlewares/Third_Party/FreeRTOS/Source/queue.o
 .text.prvCopyDataFromQueue
                0x000000000800afe6       0x4c Middlewares/Third_Party/FreeRTOS/Source/queue.o
 .text.prvUnlockQueue
                0x000000000800b032       0xa4 Middlewares/Third_Party/FreeRTOS/Source/queue.o
 .text.prvIsQueueEmpty
                0x000000000800b0d6       0x2c Middlewares/Third_Party/FreeRTOS/Source/queue.o
 .text.prvIsQueueFull
                0x000000000800b102       0x30 Middlewares/Third_Party/FreeRTOS/Source/queue.o
 *fill*         0x000000000800b132        0x2 
 .text.vQueueUnregisterQueue
                0x000000000800b134       0x54 Middlewares/Third_Party/FreeRTOS/Source/queue.o
                0x000000000800b134                vQueueUnregisterQueue
 .text.xTaskCreateStatic
                0x000000000800b188       0xb4 Middlewares/Third_Party/FreeRTOS/Source/tasks.o
                0x000000000800b188                xTaskCreateStatic
 .text.xTaskCreate
                0x000000000800b23c       0x8a Middlewares/Third_Party/FreeRTOS/Source/tasks.o
                0x000000000800b23c                xTaskCreate
 .text.prvInitialiseNewTask
                0x000000000800b2c6      0x10c Middlewares/Third_Party/FreeRTOS/Source/tasks.o
 *fill*         0x000000000800b3d2        0x2 
 .text.prvAddNewTaskToReadyList
                0x000000000800b3d4       0xd4 Middlewares/Third_Party/FreeRTOS/Source/tasks.o
 .text.vTaskDelay
                0x000000000800b4a8       0x68 Middlewares/Third_Party/FreeRTOS/Source/tasks.o
                0x000000000800b4a8                vTaskDelay
 .text.vTaskStartScheduler
                0x000000000800b510       0xbc Middlewares/Third_Party/FreeRTOS/Source/tasks.o
                0x000000000800b510                vTaskStartScheduler
 .text.vTaskSuspendAll
                0x000000000800b5cc       0x1c Middlewares/Third_Party/FreeRTOS/Source/tasks.o
                0x000000000800b5cc                vTaskSuspendAll
 .text.xTaskResumeAll
                0x000000000800b5e8      0x138 Middlewares/Third_Party/FreeRTOS/Source/tasks.o
                0x000000000800b5e8                xTaskResumeAll
 .text.xTaskGetTickCount
                0x000000000800b720       0x20 Middlewares/Third_Party/FreeRTOS/Source/tasks.o
                0x000000000800b720                xTaskGetTickCount
 .text.xTaskGetTickCountFromISR
                0x000000000800b740       0x24 Middlewares/Third_Party/FreeRTOS/Source/tasks.o
                0x000000000800b740                xTaskGetTickCountFromISR
 .text.xTaskIncrementTick
                0x000000000800b764      0x170 Middlewares/Third_Party/FreeRTOS/Source/tasks.o
                0x000000000800b764                xTaskIncrementTick
 .text.vTaskSwitchContext
                0x000000000800b8d4       0xb4 Middlewares/Third_Party/FreeRTOS/Source/tasks.o
                0x000000000800b8d4                vTaskSwitchContext
 .text.vTaskPlaceOnEventList
                0x000000000800b988       0x48 Middlewares/Third_Party/FreeRTOS/Source/tasks.o
                0x000000000800b988                vTaskPlaceOnEventList
 .text.xTaskRemoveFromEventList
                0x000000000800b9d0       0xc4 Middlewares/Third_Party/FreeRTOS/Source/tasks.o
                0x000000000800b9d0                xTaskRemoveFromEventList
 .text.vTaskInternalSetTimeOutState
                0x000000000800ba94       0x2c Middlewares/Third_Party/FreeRTOS/Source/tasks.o
                0x000000000800ba94                vTaskInternalSetTimeOutState
 .text.xTaskCheckForTimeOut
                0x000000000800bac0       0xc0 Middlewares/Third_Party/FreeRTOS/Source/tasks.o
                0x000000000800bac0                xTaskCheckForTimeOut
 .text.vTaskMissedYield
                0x000000000800bb80       0x18 Middlewares/Third_Party/FreeRTOS/Source/tasks.o
                0x000000000800bb80                vTaskMissedYield
 .text.prvIdleTask
                0x000000000800bb98       0x30 Middlewares/Third_Party/FreeRTOS/Source/tasks.o
 .text.prvInitialiseTaskLists
                0x000000000800bbc8       0x80 Middlewares/Third_Party/FreeRTOS/Source/tasks.o
 .text.prvCheckTasksWaitingTermination
                0x000000000800bc48       0x58 Middlewares/Third_Party/FreeRTOS/Source/tasks.o
 .text.prvDeleteTCB
                0x000000000800bca0       0x5c Middlewares/Third_Party/FreeRTOS/Source/tasks.o
 .text.prvResetNextTaskUnblockTime
                0x000000000800bcfc       0x40 Middlewares/Third_Party/FreeRTOS/Source/tasks.o
 .text.xTaskGetSchedulerState
                0x000000000800bd3c       0x3c Middlewares/Third_Party/FreeRTOS/Source/tasks.o
                0x000000000800bd3c                xTaskGetSchedulerState
 .text.xTaskPriorityInherit
                0x000000000800bd78      0x100 Middlewares/Third_Party/FreeRTOS/Source/tasks.o
                0x000000000800bd78                xTaskPriorityInherit
 .text.xTaskPriorityDisinherit
                0x000000000800be78      0x108 Middlewares/Third_Party/FreeRTOS/Source/tasks.o
                0x000000000800be78                xTaskPriorityDisinherit
 .text.vTaskPriorityDisinheritAfterTimeout
                0x000000000800bf80      0x130 Middlewares/Third_Party/FreeRTOS/Source/tasks.o
                0x000000000800bf80                vTaskPriorityDisinheritAfterTimeout
 .text.pvTaskIncrementMutexHeldCount
                0x000000000800c0b0       0x28 Middlewares/Third_Party/FreeRTOS/Source/tasks.o
                0x000000000800c0b0                pvTaskIncrementMutexHeldCount
 .text.ulTaskNotifyTake
                0x000000000800c0d8       0x90 Middlewares/Third_Party/FreeRTOS/Source/tasks.o
                0x000000000800c0d8                ulTaskNotifyTake
 .text.vTaskNotifyGiveFromISR
                0x000000000800c168      0x11c Middlewares/Third_Party/FreeRTOS/Source/tasks.o
                0x000000000800c168                vTaskNotifyGiveFromISR
 .text.prvAddCurrentTaskToDelayedList
                0x000000000800c284       0xcc Middlewares/Third_Party/FreeRTOS/Source/tasks.o
 .text.pxPortInitialiseStack
                0x000000000800c350       0x68 Middlewares/Third_Party/FreeRTOS/Source/portable/GCC/ARM_CM4F/port.o
                0x000000000800c350                pxPortInitialiseStack
 .text.prvTaskExitError
                0x000000000800c3b8       0x54 Middlewares/Third_Party/FreeRTOS/Source/portable/GCC/ARM_CM4F/port.o
 *fill*         0x000000000800c40c        0x4 
 .text.SVC_Handler
                0x000000000800c410       0x28 Middlewares/Third_Party/FreeRTOS/Source/portable/GCC/ARM_CM4F/port.o
                0x000000000800c410                SVC_Handler
 .text.prvPortStartFirstTask
                0x000000000800c438       0x28 Middlewares/Third_Party/FreeRTOS/Source/portable/GCC/ARM_CM4F/port.o
 .text.xPortStartScheduler
                0x000000000800c460      0x13c Middlewares/Third_Party/FreeRTOS/Source/portable/GCC/ARM_CM4F/port.o
                0x000000000800c460                xPortStartScheduler
 .text.vPortEnterCritical
                0x000000000800c59c       0x5c Middlewares/Third_Party/FreeRTOS/Source/portable/GCC/ARM_CM4F/port.o
                0x000000000800c59c                vPortEnterCritical
 .text.vPortExitCritical
                0x000000000800c5f8       0x50 Middlewares/Third_Party/FreeRTOS/Source/portable/GCC/ARM_CM4F/port.o
                0x000000000800c5f8                vPortExitCritical
 *fill*         0x000000000800c648        0x8 
 .text.PendSV_Handler
                0x000000000800c650       0x68 Middlewares/Third_Party/FreeRTOS/Source/portable/GCC/ARM_CM4F/port.o
                0x000000000800c650                PendSV_Handler
 .text.SysTick_Handler
                0x000000000800c6b8       0x40 Middlewares/Third_Party/FreeRTOS/Source/portable/GCC/ARM_CM4F/port.o
                0x000000000800c6b8                SysTick_Handler
 .text.vPortSetupTimerInterrupt
                0x000000000800c6f8       0x48 Middlewares/Third_Party/FreeRTOS/Source/portable/GCC/ARM_CM4F/port.o
                0x000000000800c6f8                vPortSetupTimerInterrupt
 .text.vPortEnableVFP
                0x000000000800c740       0x14 Middlewares/Third_Party/FreeRTOS/Source/portable/GCC/ARM_CM4F/port.o
 .text.vPortValidateInterruptPriority
                0x000000000800c754       0x7c Middlewares/Third_Party/FreeRTOS/Source/portable/GCC/ARM_CM4F/port.o
                0x000000000800c754                vPortValidateInterruptPriority
 .text.pvPortMalloc
                0x000000000800c7d0      0x184 Middlewares/Third_Party/FreeRTOS/Source/portable/MemMang/heap_4.o
                0x000000000800c7d0                pvPortMalloc
 .text.vPortFree
                0x000000000800c954       0xb0 Middlewares/Third_Party/FreeRTOS/Source/portable/MemMang/heap_4.o
                0x000000000800c954                vPortFree
 .text.prvHeapInit
                0x000000000800ca04       0xc4 Middlewares/Third_Party/FreeRTOS/Source/portable/MemMang/heap_4.o
 .text.prvInsertBlockIntoFreeList
                0x000000000800cac8       0xb4 Middlewares/Third_Party/FreeRTOS/Source/portable/MemMang/heap_4.o
 .text.__libc_init_array
                0x000000000800cb7c       0x48 c:/st/stm32cubeide_1.3.0/stm32cubeide/plugins/com.st.stm32cube.ide.mcu.externaltools.gnu-tools-for-stm32.7-2018-q2-update.win32_1.0.0.201904181610/tools/bin/../lib/gcc/arm-none-eabi/7.3.1/../../../../arm-none-eabi/lib/thumb/v7e-m/fpv4-sp/hard\libc_nano.a(lib_a-init.o)
                0x000000000800cb7c                __libc_init_array
 .text.memcpy   0x000000000800cbc4       0x16 c:/st/stm32cubeide_1.3.0/stm32cubeide/plugins/com.st.stm32cube.ide.mcu.externaltools.gnu-tools-for-stm32.7-2018-q2-update.win32_1.0.0.201904181610/tools/bin/../lib/gcc/arm-none-eabi/7.3.1/../../../../arm-none-eabi/lib/thumb/v7e-m/fpv4-sp/hard\libc_nano.a(lib_a-memcpy-stub.o)
                0x000000000800cbc4                memcpy
 .text.memset   0x000000000800cbda       0x10 c:/st/stm32cubeide_1.3.0/stm32cubeide/plugins/com.st.stm32cube.ide.mcu.externaltools.gnu-tools-for-stm32.7-2018-q2-update.win32_1.0.0.201904181610/tools/bin/../lib/gcc/arm-none-eabi/7.3.1/../../../../arm-none-eabi/lib/thumb/v7e-m/fpv4-sp/hard\libc_nano.a(lib_a-memset.o)
                0x000000000800cbda                memset
 *(.glue_7)
 .glue_7        0x000000000800cbea        0x0 linker stubs
 *(.glue_7t)
 .glue_7t       0x000000000800cbea        0x0 linker stubs
 *(.eh_frame)
 *fill*         0x000000000800cbea        0x2 
 .eh_frame      0x000000000800cbec        0x0 c:/st/stm32cubeide_1.3.0/stm32cubeide/plugins/com.st.stm32cube.ide.mcu.externaltools.gnu-tools-for-stm32.7-2018-q2-update.win32_1.0.0.201904181610/tools/bin/../lib/gcc/arm-none-eabi/7.3.1/thumb/v7e-m/fpv4-sp/hard/crtbegin.o
 *(.init)
 .init          0x000000000800cbec        0x4 c:/st/stm32cubeide_1.3.0/stm32cubeide/plugins/com.st.stm32cube.ide.mcu.externaltools.gnu-tools-for-stm32.7-2018-q2-update.win32_1.0.0.201904181610/tools/bin/../lib/gcc/arm-none-eabi/7.3.1/thumb/v7e-m/fpv4-sp/hard/crti.o
                0x000000000800cbec                _init
 .init          0x000000000800cbf0        0x8 c:/st/stm32cubeide_1.3.0/stm32cubeide/plugins/com.st.stm32cube.ide.mcu.externaltools.gnu-tools-for-stm32.7-2018-q2-update.win32_1.0.0.201904181610/tools/bin/../lib/gcc/arm-none-eabi/7.3.1/thumb/v7e-m/fpv4-sp/hard/crtn.o
 *(.fini)
 .fini          0x000000000800cbf8        0x4 c:/st/stm32cubeide_1.3.0/stm32cubeide/plugins/com.st.stm32cube.ide.mcu.externaltools.gnu-tools-for-stm32.7-2018-q2-update.win32_1.0.0.201904181610/tools/bin/../lib/gcc/arm-none-eabi/7.3.1/thumb/v7e-m/fpv4-sp/hard/crti.o
                0x000000000800cbf8                _fini
 .fini          0x000000000800cbfc        0x8 c:/st/stm32cubeide_1.3.0/stm32cubeide/plugins/com.st.stm32cube.ide.mcu.externaltools.gnu-tools-for-stm32.7-2018-q2-update.win32_1.0.0.201904181610/tools/bin/../lib/gcc/arm-none-eabi/7.3.1/thumb/v7e-m/fpv4-sp/hard/crtn.o
                0x000000000800cc04                . = ALIGN (0x4)
                0x000000000800cc04                _etext = .

.vfp11_veneer   0x000000000800cc04        0x0
 .vfp11_veneer  0x000000000800cc04        0x0 linker stubs

.v4_bx          0x000000000800cc04        0x0
 .v4_bx         0x000000000800cc04        0x0 linker stubs

.iplt           0x000000000800cc04        0x0
 .iplt          0x000000000800cc04        0x0 c:/st/stm32cubeide_1.3.0/stm32cubeide/plugins/com.st.stm32cube.ide.mcu.externaltools.gnu-tools-for-stm32.7-2018-q2-update.win32_1.0.0.201904181610/tools/bin/../lib/gcc/arm-none-eabi/7.3.1/thumb/v7e-m/fpv4-sp/hard/crtbegin.o

.rodata         0x000000000800cc04      0x298
                0x000000000800cc04                . = ALIGN (0x4)
 *(.rodata)
 .rodata        0x000000000800cc04      0x185 Core/Src/main.o
 *fill*         0x000000000800cd89        0x3 
 .rodata        0x000000000800cd8c       0x10 FATFS/Target/sd_diskio.o
 .rodata        0x000000000800cd9c       0x44 Middlewares/Third_Party/FatFs/src/ff.o
 .rodata        0x000000000800cde0        0x5 Middlewares/Third_Party/FreeRTOS/Source/tasks.o
 *(.rodata*)
 *fill*         0x000000000800cde5        0x3 
 .rodata.AHBPrescTable
                0x000000000800cde8       0x10 Core/Src/system_stm32f4xx.o
                0x000000000800cde8                AHBPrescTable
 .rodata.APBPrescTable
                0x000000000800cdf8        0x8 Core/Src/system_stm32f4xx.o
                0x000000000800cdf8                APBPrescTable
 .rodata.flagBitshiftOffset.8649
                0x000000000800ce00        0x8 Drivers/STM32F4xx_HAL_Driver/Src/stm32f4xx_hal_dma.o
 .rodata.SD_Driver
                0x000000000800ce08       0x14 FATFS/Target/sd_diskio.o
                0x000000000800ce08                SD_Driver
 .rodata.ExCvt  0x000000000800ce1c       0x80 Middlewares/Third_Party/FatFs/src/ff.o
                0x000000000800ce9c                . = ALIGN (0x4)

.ARM.extab      0x000000000800ce9c        0x0
                0x000000000800ce9c                . = ALIGN (0x4)
 *(.ARM.extab* .gnu.linkonce.armextab.*)
                0x000000000800ce9c                . = ALIGN (0x4)

.ARM            0x000000000800ce9c        0x8
                0x000000000800ce9c                . = ALIGN (0x4)
                0x000000000800ce9c                __exidx_start = .
 *(.ARM.exidx*)
 .ARM.exidx     0x000000000800ce9c        0x8 c:/st/stm32cubeide_1.3.0/stm32cubeide/plugins/com.st.stm32cube.ide.mcu.externaltools.gnu-tools-for-stm32.7-2018-q2-update.win32_1.0.0.201904181610/tools/bin/../lib/gcc/arm-none-eabi/7.3.1/thumb/v7e-m/fpv4-sp/hard\libgcc.a(_udivmoddi4.o)
                0x000000000800cea4                __exidx_end = .
                0x000000000800cea4                . = ALIGN (0x4)

.rel.dyn        0x000000000800cea4        0x0
 .rel.iplt      0x000000000800cea4        0x0 c:/st/stm32cubeide_1.3.0/stm32cubeide/plugins/com.st.stm32cube.ide.mcu.externaltools.gnu-tools-for-stm32.7-2018-q2-update.win32_1.0.0.201904181610/tools/bin/../lib/gcc/arm-none-eabi/7.3.1/thumb/v7e-m/fpv4-sp/hard/crtbegin.o

.preinit_array  0x000000000800cea4        0x0
                0x000000000800cea4                . = ALIGN (0x4)
                0x000000000800cea4                PROVIDE (__preinit_array_start = .)
 *(.preinit_array*)
                0x000000000800cea4                PROVIDE (__preinit_array_end = .)
                0x000000000800cea4                . = ALIGN (0x4)

.init_array     0x000000000800cea4        0x4
                0x000000000800cea4                . = ALIGN (0x4)
                0x000000000800cea4                PROVIDE (__init_array_start = .)
 *(SORT_BY_NAME(.init_array.*))
 *(.init_array*)
 .init_array    0x000000000800cea4        0x4 c:/st/stm32cubeide_1.3.0/stm32cubeide/plugins/com.st.stm32cube.ide.mcu.externaltools.gnu-tools-for-stm32.7-2018-q2-update.win32_1.0.0.201904181610/tools/bin/../lib/gcc/arm-none-eabi/7.3.1/thumb/v7e-m/fpv4-sp/hard/crtbegin.o
                0x000000000800cea8                PROVIDE (__init_array_end = .)
                0x000000000800cea8                . = ALIGN (0x4)

.fini_array     0x000000000800cea8        0x4
                0x000000000800cea8                . = ALIGN (0x4)
                [!provide]                        PROVIDE (__fini_array_start = .)
 *(SORT_BY_NAME(.fini_array.*))
 *(.fini_array*)
 .fini_array    0x000000000800cea8        0x4 c:/st/stm32cubeide_1.3.0/stm32cubeide/plugins/com.st.stm32cube.ide.mcu.externaltools.gnu-tools-for-stm32.7-2018-q2-update.win32_1.0.0.201904181610/tools/bin/../lib/gcc/arm-none-eabi/7.3.1/thumb/v7e-m/fpv4-sp/hard/crtbegin.o
                [!provide]                        PROVIDE (__fini_array_end = .)
                0x000000000800ceac                . = ALIGN (0x4)
                0x000000000800ceac                _sidata = LOADADDR (.data)

.data           0x0000000020000000       0x10 load address 0x000000000800ceac
                0x0000000020000000                . = ALIGN (0x4)
                0x0000000020000000                _sdata = .
 *(.data)
 *(.data*)
 .data.SystemCoreClock
                0x0000000020000000        0x4 Core/Src/system_stm32f4xx.o
                0x0000000020000000                SystemCoreClock
 .data.uwTickPrio
                0x0000000020000004        0x4 Drivers/STM32F4xx_HAL_Driver/Src/stm32f4xx_hal.o
                0x0000000020000004                uwTickPrio
 .data.uwTickFreq
                0x0000000020000008        0x1 Drivers/STM32F4xx_HAL_Driver/Src/stm32f4xx_hal.o
                0x0000000020000008                uwTickFreq
 .data.Stat     0x0000000020000009        0x1 FATFS/Target/sd_diskio.o
 *fill*         0x000000002000000a        0x2 
 .data.uxCriticalNesting
                0x000000002000000c        0x4 Middlewares/Third_Party/FreeRTOS/Source/portable/GCC/ARM_CM4F/port.o
                0x0000000020000010                . = ALIGN (0x4)
                0x0000000020000010                _edata = .

.igot.plt       0x0000000020000010        0x0 load address 0x000000000800cebc
 .igot.plt      0x0000000020000010        0x0 c:/st/stm32cubeide_1.3.0/stm32cubeide/plugins/com.st.stm32cube.ide.mcu.externaltools.gnu-tools-for-stm32.7-2018-q2-update.win32_1.0.0.201904181610/tools/bin/../lib/gcc/arm-none-eabi/7.3.1/thumb/v7e-m/fpv4-sp/hard/crtbegin.o
                0x0000000020000010                . = ALIGN (0x4)

.bss            0x0000000020000010     0x8698 load address 0x000000000800cebc
                0x0000000020000010                _sbss = .
                0x0000000020000010                __bss_start__ = _sbss
 *(.bss)
 .bss           0x0000000020000010       0x1c c:/st/stm32cubeide_1.3.0/stm32cubeide/plugins/com.st.stm32cube.ide.mcu.externaltools.gnu-tools-for-stm32.7-2018-q2-update.win32_1.0.0.201904181610/tools/bin/../lib/gcc/arm-none-eabi/7.3.1/thumb/v7e-m/fpv4-sp/hard/crtbegin.o
 *(.bss*)
 .bss.xIdleTaskTCBBuffer
                0x000000002000002c       0x54 Core/Src/freertos.o
 .bss.xIdleStack
                0x0000000020000080      0x200 Core/Src/freertos.o
 .bss.dummy.10217
                0x0000000020000280        0x4 Core/Src/main.o
 .bss.btUartRxBuff.10247
                0x0000000020000284       0x14 Core/Src/main.o
 .bss.readCrc.10248
                0x0000000020000298        0x2 Core/Src/main.o
 .bss.calculatedCrc.10249
                0x000000002000029a        0x2 Core/Src/main.o
 .bss.canFrame.10246
                0x000000002000029c       0x28 Core/Src/main.o
 .bss.xbeeUartTxBuff.10260
                0x00000000200002c4       0x14 Core/Src/main.o
 .bss.frameBuff.10259
                0x00000000200002d8       0x28 Core/Src/main.o
 .bss.seqNum.10262
                0x0000000020000300        0x1 Core/Src/main.o
 *fill*         0x0000000020000301        0x1 
 .bss.calculatedCrc.10261
                0x0000000020000302        0x2 Core/Src/main.o
 .bss.xbeeUartRxBuff.10272
                0x0000000020000304       0x7c Core/Src/main.o
 .bss.frameNum.10275
                0x0000000020000380        0x4 Core/Src/main.o
 .bss.readCrc.10273
                0x0000000020000384        0x2 Core/Src/main.o
 .bss.calculatedCrc.10274
                0x0000000020000386        0x2 Core/Src/main.o
 .bss.subscription.10276
                0x0000000020000388       0x70 Core/Src/main.o
 .bss.frameBuff.10294
                0x00000000200003f8       0x28 Core/Src/main.o
 .bss.dummy.10295
                0x0000000020000420        0x4 Core/Src/main.o
 .bss.fatFs.10300
                0x0000000020000424     0x1038 Core/Src/main.o
 .bss.errorLogFile.10301
                0x000000002000145c     0x1030 Core/Src/main.o
 .bss.errorLogBuff.10303
                0x000000002000248c       0x32 Core/Src/main.o
 *fill*         0x00000000200024be        0x2 
 .bss.bytesWritten.10304
                0x00000000200024c0        0x4 Core/Src/main.o
 .bss.SDQueueID
                0x00000000200024c4        0x4 FATFS/Target/sd_diskio.o
 .bss.FatFs     0x00000000200024c8        0x4 Middlewares/Third_Party/FatFs/src/ff.o
 .bss.Fsid      0x00000000200024cc        0x2 Middlewares/Third_Party/FatFs/src/ff.o
 *fill*         0x00000000200024ce        0x2 
 .bss.Files     0x00000000200024d0       0x20 Middlewares/Third_Party/FatFs/src/ff.o
 .bss.disk      0x00000000200024f0        0xc Middlewares/Third_Party/FatFs/src/ff_gen_drv.o
                0x00000000200024f0                disk
 .bss.pxCurrentTCB
                0x00000000200024fc        0x4 Middlewares/Third_Party/FreeRTOS/Source/tasks.o
                0x00000000200024fc                pxCurrentTCB
 .bss.pxReadyTasksLists
                0x0000000020002500       0x8c Middlewares/Third_Party/FreeRTOS/Source/tasks.o
 .bss.xDelayedTaskList1
                0x000000002000258c       0x14 Middlewares/Third_Party/FreeRTOS/Source/tasks.o
 .bss.xDelayedTaskList2
                0x00000000200025a0       0x14 Middlewares/Third_Party/FreeRTOS/Source/tasks.o
 .bss.pxDelayedTaskList
                0x00000000200025b4        0x4 Middlewares/Third_Party/FreeRTOS/Source/tasks.o
 .bss.pxOverflowDelayedTaskList
                0x00000000200025b8        0x4 Middlewares/Third_Party/FreeRTOS/Source/tasks.o
 .bss.xPendingReadyList
                0x00000000200025bc       0x14 Middlewares/Third_Party/FreeRTOS/Source/tasks.o
 .bss.xTasksWaitingTermination
                0x00000000200025d0       0x14 Middlewares/Third_Party/FreeRTOS/Source/tasks.o
 .bss.uxDeletedTasksWaitingCleanUp
                0x00000000200025e4        0x4 Middlewares/Third_Party/FreeRTOS/Source/tasks.o
 .bss.xSuspendedTaskList
                0x00000000200025e8       0x14 Middlewares/Third_Party/FreeRTOS/Source/tasks.o
 .bss.uxCurrentNumberOfTasks
                0x00000000200025fc        0x4 Middlewares/Third_Party/FreeRTOS/Source/tasks.o
 .bss.xTickCount
                0x0000000020002600        0x4 Middlewares/Third_Party/FreeRTOS/Source/tasks.o
 .bss.uxTopReadyPriority
                0x0000000020002604        0x4 Middlewares/Third_Party/FreeRTOS/Source/tasks.o
 .bss.xSchedulerRunning
                0x0000000020002608        0x4 Middlewares/Third_Party/FreeRTOS/Source/tasks.o
 .bss.uxPendedTicks
                0x000000002000260c        0x4 Middlewares/Third_Party/FreeRTOS/Source/tasks.o
 .bss.xYieldPending
                0x0000000020002610        0x4 Middlewares/Third_Party/FreeRTOS/Source/tasks.o
 .bss.xNumOfOverflows
                0x0000000020002614        0x4 Middlewares/Third_Party/FreeRTOS/Source/tasks.o
 .bss.uxTaskNumber
                0x0000000020002618        0x4 Middlewares/Third_Party/FreeRTOS/Source/tasks.o
 .bss.xNextTaskUnblockTime
                0x000000002000261c        0x4 Middlewares/Third_Party/FreeRTOS/Source/tasks.o
 .bss.xIdleTaskHandle
                0x0000000020002620        0x4 Middlewares/Third_Party/FreeRTOS/Source/tasks.o
 .bss.uxSchedulerSuspended
                0x0000000020002624        0x4 Middlewares/Third_Party/FreeRTOS/Source/tasks.o
 .bss.ucMaxSysCallPriority
                0x0000000020002628        0x1 Middlewares/Third_Party/FreeRTOS/Source/portable/GCC/ARM_CM4F/port.o
 *fill*         0x0000000020002629        0x3 
 .bss.ulMaxPRIGROUPValue
                0x000000002000262c        0x4 Middlewares/Third_Party/FreeRTOS/Source/portable/GCC/ARM_CM4F/port.o
 .bss.ucHeap    0x0000000020002630     0x3c00 Middlewares/Third_Party/FreeRTOS/Source/portable/MemMang/heap_4.o
 .bss.xStart    0x0000000020006230        0x8 Middlewares/Third_Party/FreeRTOS/Source/portable/MemMang/heap_4.o
 .bss.pxEnd     0x0000000020006238        0x4 Middlewares/Third_Party/FreeRTOS/Source/portable/MemMang/heap_4.o
 .bss.xFreeBytesRemaining
                0x000000002000623c        0x4 Middlewares/Third_Party/FreeRTOS/Source/portable/MemMang/heap_4.o
 .bss.xMinimumEverFreeBytesRemaining
                0x0000000020006240        0x4 Middlewares/Third_Party/FreeRTOS/Source/portable/MemMang/heap_4.o
 .bss.xBlockAllocatedBit
                0x0000000020006244        0x4 Middlewares/Third_Party/FreeRTOS/Source/portable/MemMang/heap_4.o
 *(COMMON)
 COMMON         0x0000000020006248      0x36c Core/Src/main.o
                0x0000000020006248                hdma_sdio_rx
                0x00000000200062a8                watchdogHandle
                0x00000000200062ac                huart3
                0x00000000200062ec                hiwdg
                0x00000000200062f8                hcrc
                0x0000000020006300                xbeeSendHandle
                0x0000000020006304                reportToWatchdogQueueHandle
                0x0000000020006308                xbeeReceiveHandle
                0x000000002000630c                hdma_usart1_rx
                0x000000002000636c                huart1
                0x00000000200063ac                hdma_sdio_tx
                0x000000002000640c                crcMutexHandle
                0x0000000020006410                gnssReceiveHandle
                0x0000000020006414                hsd
                0x0000000020006498                sdSubscriptionQueueHandle
                0x000000002000649c                btReceiveHandle
                0x00000000200064a0                huart4
                0x00000000200064e0                hspi1
                0x0000000020006538                canReceiveQueueHandle
                0x000000002000653c                canTransmitQueueHandle
                0x0000000020006540                canGatekeeperHandle
                0x0000000020006544                huart2
                0x0000000020006584                hcan1
                0x00000000200065ac                sdGatekeeperHandle
                0x00000000200065b0                rfReceiveHandle
 COMMON         0x00000000200065b4       0x40 Core/Src/stm32f4xx_hal_timebase_tim.o
                0x00000000200065b4                htim6
 COMMON         0x00000000200065f4        0x4 Drivers/STM32F4xx_HAL_Driver/Src/stm32f4xx_hal.o
                0x00000000200065f4                uwTick
 COMMON         0x00000000200065f8     0x2070 FATFS/App/fatfs.o
                0x00000000200065f8                retSD
                0x00000000200065fc                SDPath
                0x0000000020006600                SDFile
                0x0000000020007630                SDFatFS
 COMMON         0x0000000020008668       0x40 Middlewares/Third_Party/FreeRTOS/Source/queue.o
                0x0000000020008668                xQueueRegistry
                0x00000000200086a8                . = ALIGN (0x4)
                0x00000000200086a8                _ebss = .
                0x00000000200086a8                __bss_end__ = _ebss

._user_heap_stack
                0x00000000200086a8      0x600 load address 0x000000000800cebc
                0x00000000200086a8                . = ALIGN (0x8)
                0x00000000200086a8                PROVIDE (end = .)
                [!provide]                        PROVIDE (_end = .)
                0x00000000200088a8                . = (. + _Min_Heap_Size)
 *fill*         0x00000000200086a8      0x200 
                0x0000000020008ca8                . = (. + _Min_Stack_Size)
 *fill*         0x00000000200088a8      0x400 
                0x0000000020008ca8                . = ALIGN (0x8)

/DISCARD/
 libc.a(*)
 libm.a(*)
 libgcc.a(*)

.ARM.attributes
                0x0000000000000000       0x30
 *(.ARM.attributes)
 .ARM.attributes
                0x0000000000000000       0x22 c:/st/stm32cubeide_1.3.0/stm32cubeide/plugins/com.st.stm32cube.ide.mcu.externaltools.gnu-tools-for-stm32.7-2018-q2-update.win32_1.0.0.201904181610/tools/bin/../lib/gcc/arm-none-eabi/7.3.1/thumb/v7e-m/fpv4-sp/hard/crti.o
 .ARM.attributes
                0x0000000000000022       0x34 c:/st/stm32cubeide_1.3.0/stm32cubeide/plugins/com.st.stm32cube.ide.mcu.externaltools.gnu-tools-for-stm32.7-2018-q2-update.win32_1.0.0.201904181610/tools/bin/../lib/gcc/arm-none-eabi/7.3.1/thumb/v7e-m/fpv4-sp/hard/crtbegin.o
 .ARM.attributes
                0x0000000000000056       0x39 Core/Src/freertos.o
 .ARM.attributes
                0x000000000000008f       0x39 Core/Src/main.o
 .ARM.attributes
                0x00000000000000c8       0x39 Core/Src/rt12e_libs_can.o
 .ARM.attributes
                0x0000000000000101       0x39 Core/Src/stm32f4xx_hal_msp.o
 .ARM.attributes
                0x000000000000013a       0x39 Core/Src/stm32f4xx_hal_timebase_tim.o
 .ARM.attributes
                0x0000000000000173       0x39 Core/Src/stm32f4xx_it.o
 .ARM.attributes
                0x00000000000001ac       0x39 Core/Src/system_stm32f4xx.o
 .ARM.attributes
                0x00000000000001e5       0x21 Core/Startup/startup_stm32f405rgtx.o
 .ARM.attributes
                0x0000000000000206       0x39 Drivers/STM32F4xx_HAL_Driver/Src/stm32f4xx_hal.o
 .ARM.attributes
                0x000000000000023f       0x39 Drivers/STM32F4xx_HAL_Driver/Src/stm32f4xx_hal_can.o
 .ARM.attributes
                0x0000000000000278       0x39 Drivers/STM32F4xx_HAL_Driver/Src/stm32f4xx_hal_cortex.o
 .ARM.attributes
                0x00000000000002b1       0x39 Drivers/STM32F4xx_HAL_Driver/Src/stm32f4xx_hal_crc.o
 .ARM.attributes
                0x00000000000002ea       0x39 Drivers/STM32F4xx_HAL_Driver/Src/stm32f4xx_hal_dma.o
 .ARM.attributes
                0x0000000000000323       0x39 Drivers/STM32F4xx_HAL_Driver/Src/stm32f4xx_hal_gpio.o
 .ARM.attributes
                0x000000000000035c       0x39 Drivers/STM32F4xx_HAL_Driver/Src/stm32f4xx_hal_iwdg.o
 .ARM.attributes
                0x0000000000000395       0x39 Drivers/STM32F4xx_HAL_Driver/Src/stm32f4xx_hal_rcc.o
 .ARM.attributes
                0x00000000000003ce       0x39 Drivers/STM32F4xx_HAL_Driver/Src/stm32f4xx_hal_sd.o
 .ARM.attributes
                0x0000000000000407       0x39 Drivers/STM32F4xx_HAL_Driver/Src/stm32f4xx_hal_spi.o
 .ARM.attributes
                0x0000000000000440       0x39 Drivers/STM32F4xx_HAL_Driver/Src/stm32f4xx_hal_tim.o
 .ARM.attributes
                0x0000000000000479       0x39 Drivers/STM32F4xx_HAL_Driver/Src/stm32f4xx_hal_tim_ex.o
 .ARM.attributes
                0x00000000000004b2       0x39 Drivers/STM32F4xx_HAL_Driver/Src/stm32f4xx_hal_uart.o
 .ARM.attributes
                0x00000000000004eb       0x39 Drivers/STM32F4xx_HAL_Driver/Src/stm32f4xx_ll_sdmmc.o
 .ARM.attributes
                0x0000000000000524       0x39 FATFS/App/fatfs.o
 .ARM.attributes
                0x000000000000055d       0x39 FATFS/Target/bsp_driver_sd.o
 .ARM.attributes
                0x0000000000000596       0x39 FATFS/Target/sd_diskio.o
 .ARM.attributes
                0x00000000000005cf       0x39 Middlewares/Third_Party/FatFs/src/diskio.o
 .ARM.attributes
                0x0000000000000608       0x39 Middlewares/Third_Party/FatFs/src/ff.o
 .ARM.attributes
                0x0000000000000641       0x39 Middlewares/Third_Party/FatFs/src/ff_gen_drv.o
 .ARM.attributes
                0x000000000000067a       0x39 Middlewares/Third_Party/FatFs/src/option/syscall.o
 .ARM.attributes
                0x00000000000006b3       0x39 Middlewares/Third_Party/FreeRTOS/Source/CMSIS_RTOS/cmsis_os.o
 .ARM.attributes
                0x00000000000006ec       0x39 Middlewares/Third_Party/FreeRTOS/Source/list.o
 .ARM.attributes
                0x0000000000000725       0x39 Middlewares/Third_Party/FreeRTOS/Source/queue.o
 .ARM.attributes
                0x000000000000075e       0x39 Middlewares/Third_Party/FreeRTOS/Source/tasks.o
 .ARM.attributes
                0x0000000000000797       0x39 Middlewares/Third_Party/FreeRTOS/Source/portable/GCC/ARM_CM4F/port.o
 .ARM.attributes
                0x00000000000007d0       0x39 Middlewares/Third_Party/FreeRTOS/Source/portable/MemMang/heap_4.o
 .ARM.attributes
                0x0000000000000809       0x34 c:/st/stm32cubeide_1.3.0/stm32cubeide/plugins/com.st.stm32cube.ide.mcu.externaltools.gnu-tools-for-stm32.7-2018-q2-update.win32_1.0.0.201904181610/tools/bin/../lib/gcc/arm-none-eabi/7.3.1/../../../../arm-none-eabi/lib/thumb/v7e-m/fpv4-sp/hard\libc_nano.a(lib_a-init.o)
 .ARM.attributes
                0x000000000000083d       0x34 c:/st/stm32cubeide_1.3.0/stm32cubeide/plugins/com.st.stm32cube.ide.mcu.externaltools.gnu-tools-for-stm32.7-2018-q2-update.win32_1.0.0.201904181610/tools/bin/../lib/gcc/arm-none-eabi/7.3.1/../../../../arm-none-eabi/lib/thumb/v7e-m/fpv4-sp/hard\libc_nano.a(lib_a-memcpy-stub.o)
 .ARM.attributes
                0x0000000000000871       0x34 c:/st/stm32cubeide_1.3.0/stm32cubeide/plugins/com.st.stm32cube.ide.mcu.externaltools.gnu-tools-for-stm32.7-2018-q2-update.win32_1.0.0.201904181610/tools/bin/../lib/gcc/arm-none-eabi/7.3.1/../../../../arm-none-eabi/lib/thumb/v7e-m/fpv4-sp/hard\libc_nano.a(lib_a-memset.o)
 .ARM.attributes
                0x00000000000008a5       0x1b c:/st/stm32cubeide_1.3.0/stm32cubeide/plugins/com.st.stm32cube.ide.mcu.externaltools.gnu-tools-for-stm32.7-2018-q2-update.win32_1.0.0.201904181610/tools/bin/../lib/gcc/arm-none-eabi/7.3.1/../../../../arm-none-eabi/lib/thumb/v7e-m/fpv4-sp/hard\libc_nano.a(lib_a-strlen.o)
 .ARM.attributes
                0x00000000000008c0       0x22 c:/st/stm32cubeide_1.3.0/stm32cubeide/plugins/com.st.stm32cube.ide.mcu.externaltools.gnu-tools-for-stm32.7-2018-q2-update.win32_1.0.0.201904181610/tools/bin/../lib/gcc/arm-none-eabi/7.3.1/thumb/v7e-m/fpv4-sp/hard\libgcc.a(_aeabi_uldivmod.o)
 .ARM.attributes
                0x00000000000008e2       0x34 c:/st/stm32cubeide_1.3.0/stm32cubeide/plugins/com.st.stm32cube.ide.mcu.externaltools.gnu-tools-for-stm32.7-2018-q2-update.win32_1.0.0.201904181610/tools/bin/../lib/gcc/arm-none-eabi/7.3.1/thumb/v7e-m/fpv4-sp/hard\libgcc.a(_udivmoddi4.o)
 .ARM.attributes
                0x0000000000000916       0x22 c:/st/stm32cubeide_1.3.0/stm32cubeide/plugins/com.st.stm32cube.ide.mcu.externaltools.gnu-tools-for-stm32.7-2018-q2-update.win32_1.0.0.201904181610/tools/bin/../lib/gcc/arm-none-eabi/7.3.1/thumb/v7e-m/fpv4-sp/hard\libgcc.a(_dvmd_tls.o)
 .ARM.attributes
                0x0000000000000938       0x22 c:/st/stm32cubeide_1.3.0/stm32cubeide/plugins/com.st.stm32cube.ide.mcu.externaltools.gnu-tools-for-stm32.7-2018-q2-update.win32_1.0.0.201904181610/tools/bin/../lib/gcc/arm-none-eabi/7.3.1/thumb/v7e-m/fpv4-sp/hard/crtn.o
OUTPUT(RT12e-WCU.elf elf32-littlearm)

.debug_info     0x0000000000000000    0x211f7
 .debug_info    0x0000000000000000      0x344 Core/Src/freertos.o
 .debug_info    0x0000000000000344     0x3465 Core/Src/main.o
 .debug_info    0x00000000000037a9      0x62d Core/Src/rt12e_libs_can.o
 .debug_info    0x0000000000003dd6     0x187d Core/Src/stm32f4xx_hal_msp.o
 .debug_info    0x0000000000005653      0xb1b Core/Src/stm32f4xx_hal_timebase_tim.o
 .debug_info    0x000000000000616e      0xa70 Core/Src/stm32f4xx_it.o
 .debug_info    0x0000000000006bde      0x554 Core/Src/system_stm32f4xx.o
 .debug_info    0x0000000000007132       0x22 Core/Startup/startup_stm32f405rgtx.o
 .debug_info    0x0000000000007154      0x933 Drivers/STM32F4xx_HAL_Driver/Src/stm32f4xx_hal.o
 .debug_info    0x0000000000007a87      0xfa7 Drivers/STM32F4xx_HAL_Driver/Src/stm32f4xx_hal_can.o
 .debug_info    0x0000000000008a2e      0xe16 Drivers/STM32F4xx_HAL_Driver/Src/stm32f4xx_hal_cortex.o
 .debug_info    0x0000000000009844      0x441 Drivers/STM32F4xx_HAL_Driver/Src/stm32f4xx_hal_crc.o
 .debug_info    0x0000000000009c85      0x968 Drivers/STM32F4xx_HAL_Driver/Src/stm32f4xx_hal_dma.o