main.c:159:5:main	312	static
main.c:291:6:SystemClock_Config	88	static
main.c:336:13:MX_CAN1_Init	8	static
main.c:373:13:MX_CRC_Init	8	static
main.c:399:13:MX_IWDG_Init	8	static
main.c:427:13:MX_SDIO_SD_Init	4	static
main.c:455:13:MX_SPI1_Init	8	static
main.c:493:13:MX_UART4_Init	8	static
main.c:526:13:MX_USART1_UART_Init	8	static
main.c:559:13:MX_USART2_UART_Init	8	static
main.c:592:13:MX_USART3_UART_Init	8	static
main.c:623:13:MX_DMA_Init	16	static
main.c:647:13:MX_GPIO_Init	48	static
main.c:712:6:HAL_UART_RxCpltCallback	16	static
main.c:735:6:StartWatchdogTask	64	static
main.c:803:6:StartBtReceiveTask	64	static
main.c:896:6:StartXbeeSendTask	48	static
main.c:988:6:StartXbeeReceiveTask	56	static
main.c:1095:6:StartGnssReceiveTask	40	static
main.c:1120:6:StartRfReceiveTask	40	static
main.c:1145:6:StartCanGatekeeperTask	48	static
main.c:1202:6:StartSdioGatekeeperTask	24	static,ignoring_inline_asm
main.c:1251:6:HAL_TIM_PeriodElapsedCallback	16	static
main.c:1268:6:Error_Handler	4	static
