main.c:174:5:main	296	static
main.c:304:6:SystemClock_Config	88	static
main.c:347:13:MX_CAN1_Init	8	static
main.c:382:13:MX_CRC_Init	8	static
main.c:406:13:MX_IWDG_Init	8	static
main.c:432:13:MX_SDIO_SD_Init	4	static
main.c:459:13:MX_SPI1_Init	8	static
main.c:495:13:MX_UART4_Init	8	static
main.c:526:13:MX_USART1_UART_Init	8	static
main.c:557:13:MX_USART2_UART_Init	8	static
main.c:588:13:MX_USART3_UART_Init	8	static
main.c:617:13:MX_DMA_Init	16	static
main.c:641:13:MX_GPIO_Init	48	static
main.c:706:6:HAL_UART_RxCpltCallback	16	static
main.c:733:6:StartWatchdogTask	64	static
main.c:802:6:StartBtReceiveTask	24	static
main.c:919:6:StartXbeeSendTask	24	static
main.c:1017:6:StartXbeeReceiveTask	16	static
main.c:1035:6:StartGnssReceiveTask	16	static
main.c:1067:6:StartRfReceiveTask	16	static
main.c:1099:6:StartCanGatekeeperTask	16	static
main.c:1145:6:StartSdGatekeeperTask	16	static
main.c:1162:6:HAL_TIM_PeriodElapsedCallback	16	static
main.c:1178:6:Error_Handler	4	static
